--- Testing SensCritique GraphQL ---
SensCritique Response: "<!DOCTYPE html><html lang=\"fr\"><head><meta charSet=\"utf-8\"/><meta name=\"viewport\" content=\"width=device-width\"/><meta name=\"robots\" content=\"index,follow,max-snippet:-1\"/><meta name=\"author\" content=\"SensCritique\"/><meta name=\"country\" content=\"France\"/><meta name=\"geo.position\" content=\"48.8685823;2.3480648\"/><meta name=\"geo.country\" content=\"FR\"/><meta name=\"ICBM\" content=\"48.8685823,2.3480648\"/><meta property=\"fb:pages\" content=\"127524802986\"/><link href=\"/app-icons/apple-touch-icon-57x57.png\" rel=\"apple-touch-icon\" sizes=\"57x57\"/><link href=\"/app-icons/apple-touch-icon-60x60.png\" rel=\"apple-touch-icon\" sizes=\"60x60\"/><link href=\"/app-icons/apple-touch-icon-72x72.png\" rel=\"apple-touch-icon\" sizes=\"72x72\"/><link href=\"/app-icons/apple-touch-icon-76x76.png\" rel=\"apple-touch-icon\" sizes=\"76x76\"/><link href=\"/app-icons/apple-touch-icon-114x114.png\" rel=\"apple-touch-icon\" sizes=\"114x114\"/><link href=\"/app-icons/apple-touch-icon-120x120.png\" rel=\"apple-touch-icon\" sizes=\"120x120\"/><link href=\"/app-icons/apple-touch-icon-144x144.png\" rel=\"apple-touch-icon\" sizes=\"144x144\"/><link href=\"/app-icons/apple-touch-icon-152x152.png\" rel=\"apple-touch-icon\" sizes=\"152x152\"/><link href=\"/app-icons/apple-touch-icon-180x180.png\" rel=\"apple-touch-icon\" sizes=\"180x180\"/><link href=\"/app-icons/favicon-16x16.png\" rel=\"icon\" sizes=\"16x16\" type=\"image/png\"/><link href=\"/app-icons/favicon-32x32.png\" rel=\"icon\" sizes=\"32x32\" type=\"image/png\"/><link href=\"/app-icons/android-chrome-192x192.png\" rel=\"shortcut icon\" sizes=\"192x192\" type=\"image/png\"/><link href=\"/app-icons/android-chrome-256x256.png\" rel=\"shortcut icon\" sizes=\"256x256\" type=\"image/png\"/><link href=\"/site.webmanifest\" rel=\"manifest\"/><link color=\"#5bbad5\" href=\"/safari-pinned-tab.svg\" rel=\"mask-icon\"/><meta content=\"#ffffff\" name=\"theme-color\"/><meta content=\"app-id=1189602068\" name=\"apple-itunes-app\"/><meta property=\"og:site_name\" content=\"SensCritique\"/><meta name=\"twitter:site\" content=\"@SensCritique\"/><meta name=\"twitter:card\" content=\"summary_large_image\"/><link rel=\"canonical\" href=\"https://www.senscritique.com\"/><title>Avis de musiques, films, jeux vid├®o, BD, livres et s├®ries TV ├á d├®couvrir sur SensCritique</title><meta name=\"description\" content=\"Donnez votre avis sur la culture et d├®couvrez les avis de vos amis. Votre collection en ligne accessible ├á tout moment sur Senscritique.\"/><link rel=\"preload\" as=\"image\" href=\"https://media.senscritique.com/media/media/000023439340/350x197/cover.png\"/><link rel=\"preload\" as=\"image\" href=\"https://media.senscritique.com/media/media/000023436602/350x197/cover.jpg\"/><link rel=\"preload\" as=\"image\" href=\"https://media.senscritique.com/media/media/000023435812/350x197/cover.png\"/><link rel=\"preload\" href=\"/application/pub/application-desktop.png\" as=\"image\" fetchpriority=\"high\"/><meta name=\"next-head-count\" content=\"36\"/><link rel=\"preconnect\" href=\"https://apollo.senscritique.com\"/><link rel=\"preload\" href=\"/_next/static/css/461feb534857e061.css\" as=\"style\"/><link rel=\"stylesheet\" href=\"/_next/static/css/461feb534857e061.css\" data-n-g=\"\"/><noscript data-n-css=\"\"></noscript><script defer=\"\" nomodule=\"\" src=\"/_next/static/chunks/polyfills-42372ed130431b0a.js\" type=\"ae29ff2bdeb294f390b4fd81-text/javascript\"></script><script defer=\"\" src=\"/_next/static/chunks/4151.c0b616843eae1a25.js\" type=\"ae29ff2bdeb294f390b4fd81-text/javascript\"></script><script defer=\"\" src=\"/_next/static/chunks/551.6ac20cb4fa7e2495.js\" type=\"ae29ff2bdeb294f390b4fd81-text/javascript\"></script><script defer=\"\" src=\"/_next/static/chunks/2429.80325ac6968938a1.js\" type=\"ae29ff2bdeb294f390b4fd81-text/javascript\"></script><script defer=\"\" src=\"/_next/static/chunks/1270.04cd8843c20f5b37.js\" type=\"ae29ff2bdeb294f390b4fd81-text/javascript\"></script><script src=\"/_next/static/chunks/webpack-da9416c1b49ffcc2.js\" defer=\"\" type=\"ae29ff2bdeb294f390b4fd81-text/javascript\"></script><script src=\"/_next/static/chunks/framework-945b357d4a851f4b.js\" defer=\"\" type=\"ae29ff2bdeb294f390b4fd81-text/javascript\"></script><script src=\"/_next/static/chunks/main-02af76c5071b95be.js\" defer=\"\" type=\"ae29ff2bdeb294f390b4fd81-text/javascript\"></script><script src=\"/_next/static/chunks/pages/_app-b950b7c7fa932336.js\" defer=\"\" type=\"ae29ff2bdeb294f390b4fd81-text/javascript\"></script><script src=\"/_next/static/chunks/1664-9b8ca4ecc35d08d1.js\" defer=\"\" type=\"ae29ff2bdeb294f390b4fd81-text/javascript\"></script><script src=\"/_next/static/chunks/7536-992b6f82c1c1b483.js\" defer=\"\" type=\"ae29ff2bdeb294f390b4fd81-text/javascript\"></script><script src=\"/_next/static/chunks/6812-c14997691c69d52a.js\" defer=\"\" type=\"ae29ff2bdeb294f390b4fd81-text/javascript\"></script><script src=\"/_next/static/chunks/5675-85ca61a982b2c926.js\" defer=\"\" type=\"ae29ff2bdeb294f390b4fd81-text/javascript\"></script><script src=\"/_next/static/chunks/8691-8b753823657f7353.js\" defer=\"\" type=\"ae29ff2bdeb294f390b4fd81-text/javascript\"></script><script src=\"/_next/static/chunks/9755-20a7dc70026dc6c7.js\" defer=\"\" type=\"ae29ff2bdeb294f390b4fd81-text/javascript\"></script><script src=\"/_next/static/chunks/6416-eb3c29820ed786e5.js\" defer=\"\" type=\"ae29ff2bdeb294f390b4fd81-text/javascript\"></script><script src=\"/_next/static/chunks/7920-afb91cb505fd9859.js\" defer=\"\" type=\"ae29ff2bdeb294f390b4fd81-text/javascript\"></script><script src=\"/_next/static/chunks/2860-ab5b1465ebcba6a9.js\" defer=\"\" type=\"ae29ff2bdeb294f390b4fd81-text/javascript\"></script><script src=\"/_next/static/chunks/7027-7cb0403cdeccc6f7.js\" defer=\"\" type=\"ae29ff2bdeb294f390b4fd81-text/javascript\"></script><script src=\"/_next/static/chunks/2229-c6b4520f821e5950.js\" defer=\"\" type=\"ae29ff2bdeb294f390b4fd81-text/javascript\"></script><script src=\"/_next/static/chunks/231-08f3990dacdbf90e.js\" defer=\"\" type=\"ae29ff2bdeb294f390b4fd81-text/javascript\"></script><script src=\"/_next/static/chunks/9408-395b52f317e20355.js\" defer=\"\" type=\"ae29ff2bdeb294f390b4fd81-text/javascript\"></script><script src=\"/_next/static/chunks/3794-5c4e3ba552dcbdbf.js\" defer=\"\" type=\"ae29ff2bdeb294f390b4fd81-text/javascript\"></script><script src=\"/_next/static/chunks/7627-adf8a2bc23ccfb4c.js\" defer=\"\" type=\"ae29ff2bdeb294f390b4fd81-text/javascript\"></script><script src=\"/_next/static/chunks/4392-97be413be4456319.js\" defer=\"\" type=\"ae29ff2bdeb294f390b4fd81-text/javascript\"></script><script src=\"/_next/static/chunks/2026-571a5b9062c6d957.js\" defer=\"\" type=\"ae29ff2bdeb294f390b4fd81-text/javascript\"></script><script src=\"/_next/static/chunks/4594-cfa16c4511462190.js\" defer=\"\" type=\"ae29ff2bdeb294f390b4fd81-text/javascript\"></script><script src=\"/_next/static/chunks/431-aa3b0a37e51892c2.js\" defer=\"\" type=\"ae29ff2bdeb294f390b4fd81-text/javascript\"></script><script src=\"/_next/static/chunks/3056-75a56a8abeea9a8a.js\" defer=\"\" type=\"ae29ff2bdeb294f390b4fd81-text/javascript\"></script><script src=\"/_next/static/chunks/2421-6a7887609cc3f455.js\" defer=\"\" type=\"ae29ff2bdeb294f390b4fd81-text/javascript\"></script><script src=\"/_next/static/chunks/9491-542e92677f1dcb49.js\" defer=\"\" type=\"ae29ff2bdeb294f390b4fd81-text/javascript\"></script><script src=\"/_next/static/chunks/pages/index-554ea4bb87c7c3ea.js\" defer=\"\" type=\"ae29ff2bdeb294f390b4fd81-text/javascript\"></script><script src=\"/_next/static/HZFu2SMdTkaStXneSeDz2/_buildManifest.js\" defer=\"\" type=\"ae29ff2bdeb294f390b4fd81-text/javascript\"></script><script src=\"/_next/static/HZFu2SMdTkaStXneSeDz2/_ssgManifest.js\" defer=\"\" type=\"ae29ff2bdeb294f390b4fd81-text/javascript\"></script><style data-styled=\"\" data-styled-version=\"6.1.13\">.hgVBYE{margin:0 auto 0;max-width:auto;position:relative;}/*!sc*/\ndata-styled.g1[id=\"sc-14c18770-0\"]{content:\"hgVBYE,\"}/*!sc*/\n.tFaeB{font-size:16px;line-height:24px;color:#101828;margin:0;font-family:var(--font-inter);font-weight:400;}/*!sc*/\n.tFaeB a{color:#2083F6;}/*!sc*/\n.cdFOkN{font-size:14px;line-height:20px;color:#101828;margin:0;font-family:var(--font-inter);font-weight:600;}/*!sc*/\n.cdFOkN a{color:#2083F6;}/*!sc*/\n.kuNzEW{font-size:16px;line-height:24px;color:#F5F5F6;margin:0;font-family:var(--font-inter);font-weight:500;}/*!sc*/\n.kuNzEW a{color:#2083F6;}/*!sc*/\n.guEVjz{font-size:14px;line-height:20px;color:#F5F5F6;margin:0;font-family:var(--font-inter);font-weight:600;}/*!sc*/\n.guEVjz a{color:#2083F6;}/*!sc*/\n.tFaez{font-size:16px;line-height:24px;color:#101828;margin:0;font-family:var(--font-inter);font-weight:600;}/*!sc*/\n.tFaez a{color:#2083F6;}/*!sc*/\n.tFaeA{font-size:16px;line-height:24px;color:#101828;margin:0;font-family:var(--font-inter);font-weight:500;}/*!sc*/\n.tFaeA a{color:#2083F6;}/*!sc*/\n.cdFOkL{font-size:14px;line-height:20px;color:#101828;margin:0;font-family:var(--font-inter);font-weight:400;}/*!sc*/\n.cdFOkL a{color:#2083F6;}/*!sc*/\n.tFaey{font-size:16px;line-height:24px;color:#101828;margin:0;font-family:var(--font-inter);font-weight:700;}/*!sc*/\n.tFaey a{color:#2083F6;}/*!sc*/\n.cHHGlX{font-size:14px;line-height:20px;color:#FFFFFF;margin:0;font-family:var(--font-inter);font-weight:600;}/*!sc*/\n.cHHGlX a{color:#2083F6;}/*!sc*/\n.kuNzEX{font-size:16px;line-height:24px;color:#F5F5F6;margin:0;font-family:var(--font-inter);font-weight:400;}/*!sc*/\n.kuNzEX a{color:#2083F6;}/*!sc*/\ndata-styled.g2[id=\"sc-f84047c3-0\"]{content:\"tFaeB,cdFOkN,kuNzEW,guEVjz,tFaez,tFaeA,cdFOkL,tFaey,cHHGlX,kuNzEX,\"}/*!sc*/\n.cgWFLv{font-size:16px;line-height:24px;color:#101828;margin:0;font-family:var(--font-clashGrotesk);font-weight:500;}/*!sc*/\n.cgWFLv a{color:#2083F6;}/*!sc*/\n.gxTFJS{font-size:16px;line-height:24px;color:#F5F5F6;margin:0;font-family:var(--font-clashGrotesk);font-weight:600;}/*!sc*/\n.gxTFJS a{color:#2083F6;}/*!sc*/\n.fApJoI{font-size:38px;line-height:45px;color:#101828;margin:0;text-transform:uppercase;font-family:var(--font-clashGrotesk);font-weight:600;}/*!sc*/\n.fApJoI a{color:#2083F6;}/*!sc*/\n.dTaJmo{font-size:24px;line-height:30px;color:#101828;margin:0;font-family:var(--font-clashGrotesk);font-weight:600;}/*!sc*/\n.dTaJmo a{color:#2083F6;}/*!sc*/\n.cgWFLw{font-size:16px;line-height:24px;color:#101828;margin:0;font-family:var(--font-clashGrotesk);font-weight:600;}/*!sc*/\n.cgWFLw a{color:#2083F6;}/*!sc*/\n.eLjdYs{font-size:20px;line-height:30px;color:#101828;margin:0;font-family:var(--font-clashGrotesk);font-weight:600;}/*!sc*/\n.eLjdYs a{color:#2083F6;}/*!sc*/\n.dFtkzT{font-size:38px;line-height:45px;color:#101828;margin:0;font-family:var(--font-clashGrotesk);font-weight:600;}/*!sc*/\n.dFtkzT a{color:#2083F6;}/*!sc*/\n.dTaJmn{font-size:24px;line-height:30px;color:#101828;margin:0;font-family:var(--font-clashGrotesk);font-weight:500;}/*!sc*/\n.dTaJmn a{color:#2083F6;}/*!sc*/\n.ezSuwK{font-size:24px;line-height:30px;color:#F5F5F6;margin:0;font-family:var(--font-clashGrotesk);font-weight:600;}/*!sc*/\n.ezSuwK a{color:#2083F6;}/*!sc*/\ndata-styled.g3[id=\"sc-f84047c3-1\"]{content:\"cgWFLv,gxTFJS,fApJoI,dTaJmo,cgWFLw,eLjdYs,dFtkzT,dTaJmn,ezSuwK,\"}/*!sc*/\n.kLRefM{font-size:16px;line-height:24px;color:#101828;margin:0;font-family:-apple-system,BlinkMacSystemFont,\"Segoe UI\",Roboto,Oxygen-Sans,Ubuntu,Cantarell,\"Helvetica Neue\",sans-serif;font-weight:400;}/*!sc*/\n.kLRefM a{color:#2083F6;}/*!sc*/\ndata-styled.g4[id=\"sc-f84047c3-2\"]{content:\"kLRefM,\"}/*!sc*/\n.kerBeY{color:#1959D7;}/*!sc*/\ndata-styled.g8[id=\"sc-d9336e28-0\"]{content:\"kerBeY,\"}/*!sc*/\n.gfTNTa{color:#1A1A1A;}/*!sc*/\ndata-styled.g9[id=\"sc-d9336e28-1\"]{content:\"gfTNTa,\"}/*!sc*/\n.jyOKGd{color:#101828;list-style:none;text-transform:uppercase;transition:0.1s;font-family:var(--font-sourceCodePro);font-size:18px;line-height:28px;}/*!sc*/\n.jyOKGd a{color:#101828;transition:0.1s;}/*!sc*/\n.jyOKGd:hover,.jyOKGd a:hover{color:#1A1A1A;}/*!sc*/\n@media (min-width: 414px){.jyOKGd{font-size:20px;}}/*!sc*/\ndata-styled.g19[id=\"sc-a62dc7b5-0\"]{content:\"jyOKGd,\"}/*!sc*/\n.uWJhh{-ms-overflow-style:none;align-items:flex-end;border-bottom:1px solid #434850;display:grid;margin-bottom:8px;overflow-x:scroll;padding-bottom:8px;scrollbar-width:none;width:100%;}/*!sc*/\n@media (min-width: 1025px){.uWJhh{margin-bottom:10px;grid-template-columns:auto max-content;}}/*!sc*/\n.uWJhh::-webkit-scrollbar{display:none;}/*!sc*/\ndata-styled.g20[id=\"sc-c2537e02-0\"]{content:\"uWJhh,\"}/*!sc*/\n.gRwQlC{display:flex;overflow:hidden;gap:16px;white-space:normal;}/*!sc*/\ndata-styled.g21[id=\"sc-c2537e02-1\"]{content:\"gRwQlC,\"}/*!sc*/\n.cZxzuO{cursor:initial;}/*!sc*/\n.cZxzuO>span{color:#101828;}/*!sc*/\n@media (min-width: 769px){.cZxzuO{max-width:720px;overflow:hidden;text-overflow:ellipsis;white-space:nowrap;}}/*!sc*/\ndata-styled.g26[id=\"sc-c2537e02-6\"]{content:\"cZxzuO,\"}/*!sc*/\n.ZpnqK{padding:8px 12px;align-items:center;background:transparent;border-radius:6px;cursor:pointer;display:flex;justify-content:center;max-width:none;text-align:center;position:relative;text-transform:uppercase;font-family:var(--font-sourceCodePro);font-weight:600;gap:6px;background:linear-gradient(#356DDC,#1A5AD7);color:#FFFFFF;width:auto;}/*!sc*/\n.ZpnqK span{font-size:14px;line-height:20px;}/*!sc*/\n.ZpnqK:focus{outline:2px solid #1959D7;outline-offset:2px;}/*!sc*/\n.ZpnqK.variant-destructive:focus{outline:2px solid #F04438;}/*!sc*/\n@media (min-width: 769px){.ZpnqK{max-width:100%;}}/*!sc*/\n.ZpnqK:before{content:'';position:absolute;top:2px;left:2px;bottom:2px;right:2px;border-radius:4px;background:#1959D7;}/*!sc*/\n.ZpnqK:hover{border-width:2px;background:linear-gradient( #3061be,#144BB5 );}/*!sc*/\n.ZpnqK:hover:before{background:#144BB5;}/*!sc*/\n.ZpnqK:disabled{background:#F2F4F7;color:#667085;}/*!sc*/\n.ZpnqK:disabled span{color:#667085;}/*!sc*/\n.ZpnqK:disabled:before{background:#F2F4F7;}/*!sc*/\n.ZpnqK span{color:#FFFFFF;position:relative;}/*!sc*/\n.ZpnqK span.hoverText{display:none;}/*!sc*/\n@media (min-width: 769px){.ZpnqK{width:auto;}.ZpnqK:hover span.hoverText{display:none;}.ZpnqK:hover span.currentText{display:flex;}}/*!sc*/\ndata-styled.g28[id=\"sc-f2315a90-0\"]{content:\"ZpnqK,\"}/*!sc*/\n.iKgzCM{padding:8px 12px;align-items:center;background:transparent;border-radius:6px;cursor:pointer;display:flex;justify-content:center;max-width:none;text-align:center;position:relative;text-transform:uppercase;font-family:var(--font-sourceCodePro);font-weight:600;gap:6px;background-color:#FFFFFF;color:#344054;border:1px solid #D0D5DD;width:auto;}/*!sc*/\n.iKgzCM span{font-size:14px;line-height:20px;}/*!sc*/\n.iKgzCM:focus{outline:2px solid #1959D7;outline-offset:2px;}/*!sc*/\n.iKgzCM.variant-destructive:focus{outline:2px solid #F04438;}/*!sc*/\n@media (min-width: 769px){.iKgzCM{max-width:100%;}}/*!sc*/\n.iKgzCM span{color:#344054;}/*!sc*/\n.iKgzCM:hover{background-color:#FAF9F6;}/*!sc*/\n.iKgzCM:disabled{background-color:#F2F4F7;border-color:#E4E7EC;}/*!sc*/\n.iKgzCM.variant-destructive{background-color:#FFFFFF;border:1px solid #FDA29B;}/*!sc*/\n.iKgzCM.variant-destructive span{color:#B42318;}/*!sc*/\n.iKgzCM.variant-destructive:hover{background-color:#FEF3F2;color:#912018;border:1px solid #FDA29B;}/*!sc*/\n.iKgzCM.variant-destructive:disabled{background-color:#F2F4F7;border-color:#E4E7EC;}/*!sc*/\n@media (min-width: 769px){.iKgzCM{width:auto;}.iKgzCM:hover span.hoverText{display:none;}.iKgzCM:hover span.currentText{display:flex;}}/*!sc*/\n.hiiiCd{padding:6px;align-items:center;background:transparent;border-radius:6px;cursor:default;display:flex;justify-content:center;max-width:none;text-align:center;position:relative;text-transform:uppercase;font-family:var(--font-sourceCodePro);font-weight:600;gap:6px;background-color:#FFFFFF;color:#344054;border:1px solid #D0D5DD;width:auto;}/*!sc*/\n.hiiiCd span{font-size:14px;line-height:20px;}/*!sc*/\n.hiiiCd:focus{outline:2px solid #1959D7;outline-offset:2px;}/*!sc*/\n.hiiiCd.variant-destructive:focus{outline:2px solid #F04438;}/*!sc*/\n@media (min-width: 769px){.hiiiCd{max-width:100%;}}/*!sc*/\n.hiiiCd span{color:#344054;}/*!sc*/\n.hiiiCd:hover{background-color:#FAF9F6;}/*!sc*/\n.hiiiCd:disabled{background-color:#F2F4F7;border-color:#E4E7EC;}/*!sc*/\n.hiiiCd.variant-destructive{background-color:#FFFFFF;border:1px solid #FDA29B;}/*!sc*/\n.hiiiCd.variant-destructive span{color:#B42318;}/*!sc*/\n.hiiiCd.variant-destructive:hover{background-color:#FEF3F2;color:#912018;border:1px solid #FDA29B;}/*!sc*/\n.hiiiCd.variant-destructive:disabled{background-color:#F2F4F7;border-color:#E4E7EC;}/*!sc*/\n@media (min-width: 769px){.hiiiCd{width:auto;}.hiiiCd:hover span.hoverText{display:none;}.hiiiCd:hover span.currentText{display:flex;}}/*!sc*/\n.cYsnat{padding:6px;align-items:center;background:transparent;border-radius:6px;cursor:pointer;display:flex;justify-content:center;max-width:none;text-align:center;position:relative;text-transform:uppercase;font-family:var(--font-sourceCodePro);font-weight:600;gap:6px;background-color:#FFFFFF;color:#344054;border:1px solid #D0D5DD;width:auto;}/*!sc*/\n.cYsnat span{font-size:14px;line-height:20px;}/*!sc*/\n.cYsnat:focus{outline:2px solid #1959D7;outline-offset:2px;}/*!sc*/\n.cYsnat.variant-destructive:focus{outline:2px solid #F04438;}/*!sc*/\n@media (min-width: 769px){.cYsnat{max-width:100%;}}/*!sc*/\n.cYsnat span{color:#344054;}/*!sc*/\n.cYsnat:hover{background-color:#FAF9F6;}/*!sc*/\n.cYsnat:disabled{background-color:#F2F4F7;border-color:#E4E7EC;}/*!sc*/\n.cYsnat.variant-destructive{background-color:#FFFFFF;border:1px solid #FDA29B;}/*!sc*/\n.cYsnat.variant-destructive span{color:#B42318;}/*!sc*/\n.cYsnat.variant-destructive:hover{background-color:#FEF3F2;color:#912018;border:1px solid #FDA29B;}/*!sc*/\n.cYsnat.variant-destructive:disabled{background-color:#F2F4F7;border-color:#E4E7EC;}/*!sc*/\n@media (min-width: 769px){.cYsnat{width:auto;}.cYsnat:hover span.hoverText{display:none;}.cYsnat:hover span.currentText{display:flex;}}/*!sc*/\ndata-styled.g29[id=\"sc-f2315a90-1\"]{content:\"iKgzCM,hiiiCd,cYsnat,\"}/*!sc*/\n.ibAjUU{padding:10px 14px;align-items:center;background:transparent;border-radius:6px;cursor:pointer;display:flex;justify-content:center;max-width:none;text-align:center;position:relative;text-transform:uppercase;font-family:var(--font-sourceCodePro);font-weight:600;gap:6px;background-color:transparent;color:#CECFD2;padding:0;}/*!sc*/\n.ibAjUU span{font-size:14px;line-height:20px;}/*!sc*/\n.ibAjUU:focus{outline:2px solid #1959D7;outline-offset:2px;}/*!sc*/\n.ibAjUU.variant-destructive:focus{outline:2px solid #F04438;}/*!sc*/\n@media (min-width: 769px){.ibAjUU{max-width:100%;}}/*!sc*/\n.ibAjUU span{color:#CECFD2;}/*!sc*/\ndata-styled.g30[id=\"sc-f2315a90-2\"]{content:\"ibAjUU,\"}/*!sc*/\n.gVBHtf{padding:8px 12px;align-items:center;background:transparent;border-radius:6px;cursor:pointer;display:flex;justify-content:center;max-width:none;text-align:center;position:relative;text-transform:uppercase;font-family:var(--font-sourceCodePro);font-weight:600;gap:6px;display:flex;gap:6px;}/*!sc*/\n.gVBHtf span{font-size:14px;line-height:20px;}/*!sc*/\n.gVBHtf:focus{outline:2px solid #1959D7;outline-offset:2px;}/*!sc*/\n.gVBHtf.variant-destructive:focus{outline:2px solid #F04438;}/*!sc*/\n@media (min-width: 769px){.gVBHtf{max-width:100%;}}/*!sc*/\n.gVBHtf span{align-items:center;color:#475467;display:flex;}/*!sc*/\n.gVBHtf span.hoverText{display:none;}/*!sc*/\n.gVBHtf:hover{background-color:#FAF9F6;}/*!sc*/\n.gVBHtf:disabled{background-color:transparent;color:#667085;}/*!sc*/\n.gVBHtf:disabled span{color:#667085;}/*!sc*/\n.esNlzG{padding:6px 8px;align-items:center;background:transparent;border-radius:6px;cursor:pointer;display:flex;justify-content:center;max-width:none;text-align:center;position:relative;text-transform:uppercase;font-family:var(--font-sourceCodePro);font-weight:600;gap:6px;display:flex;gap:6px;}/*!sc*/\n.esNlzG span{font-size:14px;line-height:20px;}/*!sc*/\n.esNlzG:focus{outline:2px solid #1959D7;outline-offset:2px;}/*!sc*/\n.esNlzG.variant-destructive:focus{outline:2px solid #F04438;}/*!sc*/\n@media (min-width: 769px){.esNlzG{max-width:100%;}}/*!sc*/\n.esNlzG span{align-items:center;color:#475467;display:flex;}/*!sc*/\n.esNlzG span.hoverText{display:none;}/*!sc*/\n.esNlzG:hover{background-color:#FAF9F6;}/*!sc*/\n.esNlzG:disabled{background-color:transparent;color:#667085;}/*!sc*/\n.esNlzG:disabled span{color:#667085;}/*!sc*/\n.cISfZi{padding:6px;align-items:center;background:transparent;border-radius:6px;cursor:pointer;display:flex;justify-content:center;max-width:none;text-align:center;position:relative;text-transform:uppercase;font-family:var(--font-sourceCodePro);font-weight:600;gap:6px;display:flex;gap:6px;}/*!sc*/\n.cISfZi span{font-size:14px;line-height:20px;}/*!sc*/\n.cISfZi:focus{outline:2px solid #1959D7;outline-offset:2px;}/*!sc*/\n.cISfZi.variant-destructive:focus{outline:2px solid #F04438;}/*!sc*/\n@media (min-width: 769px){.cISfZi{max-width:100%;}}/*!sc*/\n.cISfZi span{align-items:center;color:#475467;display:flex;}/*!sc*/\n.cISfZi span.hoverText{display:none;}/*!sc*/\n.cISfZi:hover{background-color:#FAF9F6;}/*!sc*/\n.cISfZi:disabled{background-color:transparent;color:#667085;}/*!sc*/\n.cISfZi:disabled span{color:#667085;}/*!sc*/\ndata-styled.g31[id=\"sc-f2315a90-3\"]{content:\"gVBHtf,esNlzG,cISfZi,\"}/*!sc*/\n.bhoEiT{position:relative;display:flex;}/*!sc*/\ndata-styled.g34[id=\"sc-f2315a90-6\"]{content:\"bhoEiT,\"}/*!sc*/\n.khyZSq{font-family:var(--font-sourceCodePro);font-weight:600;}/*!sc*/\ndata-styled.g36[id=\"sc-f2315a90-8\"]{content:\"khyZSq,\"}/*!sc*/\n.cLLuSf{margin:0 -20px 25px -20px;padding:0 20px;width:calc(100% + 2 * 20px);}/*!sc*/\n@media (min-width: 1025px){.cLLuSf{margin-left:0;margin-right:0;padding:0;width:100%;}}/*!sc*/\ndata-styled.g37[id=\"sc-9e76e0d2-0\"]{content:\"cLLuSf,\"}/*!sc*/\n.iXBkOu{display:none;align-self:flex-start;margin-top:6px;}/*!sc*/\n@media (min-width: 1025px){.iXBkOu{display:initial;}}/*!sc*/\ndata-styled.g39[id=\"sc-9e76e0d2-2\"]{content:\"iXBkOu,\"}/*!sc*/\n.fbCXAp{position:relative;height:100%;}/*!sc*/\n@media (min-width: 1025px){.fbCXAp{align-items:center;display:grid;grid-template-columns:max-content auto max-content;justify-content:center;gap:12px;}}/*!sc*/\ndata-styled.g40[id=\"sc-9e76e0d2-3\"]{content:\"fbCXAp,\"}/*!sc*/\n.fZxmeC{align-items:initial;display:grid;grid-auto-flow:column;grid-gap:10px;justify-items:initial;margin-left:-20px;overflow-wrap:anywhere;overflow-x:auto;overflow-y:hidden;padding-left:20px;padding-top:6px;scrollbar-width:none;white-space:break-spaces;width:calc(100% + 2 * 20px);}/*!sc*/\n.fZxmeC::-webkit-scrollbar{display:none;}/*!sc*/\n@media (min-width: 811px){.fZxmeC{grid-auto-flow:initial;grid-template-columns:repeat(3, 1fr);justify-content:initial;justify-items:center;margin:0;padding-left:0;white-space:initial;width:100%;}}/*!sc*/\n.gAsQEN{align-items:initial;display:grid;grid-auto-flow:column;grid-gap:10px;justify-items:initial;margin-left:-20px;overflow-wrap:anywhere;overflow-x:auto;overflow-y:hidden;padding-left:20px;padding-top:6px;scrollbar-width:none;white-space:break-spaces;width:calc(100% + 2 * 20px);}/*!sc*/\n.gAsQEN::-webkit-scrollbar{display:none;}/*!sc*/\n@media (min-width: 811px){.gAsQEN{grid-auto-flow:initial;grid-template-columns:repeat(5, max-content);justify-content:initial;justify-items:center;margin:0;padding-left:0;white-space:initial;width:100%;}}/*!sc*/\ndata-styled.g41[id=\"sc-9e76e0d2-4\"]{content:\"fZxmeC,gAsQEN,\"}/*!sc*/\n.iHVcbW{display:flex;width:100%;}/*!sc*/\ndata-styled.g42[id=\"sc-9e76e0d2-5\"]{content:\"iHVcbW,\"}/*!sc*/\n.jUDJhH{align-items:center;background:#FFFFFF;border-radius:50%;color:#FFFFFF;display:flex;flex-direction:row;font-family:'Sora',sans-serif;font-size:24px;font-weight:600;height:40px;justify-content:center;line-height:24px;width:40px;background:rgba(26,26,26,0.7);border-radius:1px;color:#FFFFFF;font-size:14px;font-weight:600;height:30px;width:53px;border:none;color:#F5F5F6;border-color:#F5F5F6;background:transparent;backdrop-filter:none;-webkit-backdrop-filter:none;height:auto;width:auto;gap:6px;}/*!sc*/\n.jUDJhH .sc-f84047c3-1{font-size:20px;line-height:20px;}/*!sc*/\n@media (min-width: 414px){.jUDJhH .sc-f84047c3-1{font-size:20px;line-height:20px;}}/*!sc*/\n.jUDJhH .sc-f84047c3-1{color:#F5F5F6;}/*!sc*/\n.cudWCo{align-items:center;background:#FFFFFF;border-radius:50%;color:#FFFFFF;display:flex;flex-direction:row;font-family:'Sora',sans-serif;font-size:24px;font-weight:600;height:40px;justify-content:center;line-height:24px;width:40px;background:rgba(26,26,26,0.7);border-radius:1px;color:#FFFFFF;font-size:14px;font-weight:600;height:30px;width:53px;border:none;color:#2FC46F;border-color:#2FC46F;background:transparent;backdrop-filter:none;-webkit-backdrop-filter:none;height:auto;width:auto;gap:6px;}/*!sc*/\n.cudWCo .sc-f84047c3-1{font-size:20px;line-height:20px;}/*!sc*/\n@media (min-width: 414px){.cudWCo .sc-f84047c3-1{font-size:20px;line-height:20px;}}/*!sc*/\n.cudWCo .sc-f84047c3-1{color:#2FC46F;}/*!sc*/\ndata-styled.g49[id=\"sc-6a26fe8d-5\"]{content:\"jUDJhH,cudWCo,\"}/*!sc*/\n.ddyUaE{border:1px solid #1A1A1A;border-radius:50%;box-sizing:border-box;height:32px;display:block;width:32px;}/*!sc*/\ndata-styled.g53[id=\"sc-fbb9f6f9-0\"]{content:\"ddyUaE,\"}/*!sc*/\n.fpLesp{border-radius:50%;display:block;height:100%;width:100%;max-width:100%;max-height:100%;object-fit:cover;opacity:1;position:relative;}/*!sc*/\n.fpLesp >span{position:static!important;}/*!sc*/\n.fpLesp img{border-radius:50%;object-fit:cover;}/*!sc*/\ndata-styled.g54[id=\"sc-fbb9f6f9-1\"]{content:\"fpLesp,\"}/*!sc*/\n.gFZnuB span{position:unset;}/*!sc*/\ndata-styled.g59[id=\"sc-fbb9f6f9-6\"]{content:\"gFZnuB,\"}/*!sc*/\n.jkvVGA{padding:0;}/*!sc*/\n.jkvVGA span{font-family:var(--font-inter);font-weight:500;text-transform:none;}/*!sc*/\ndata-styled.g62[id=\"sc-3277dfb-2\"]{content:\"jkvVGA,\"}/*!sc*/\n.cFbIWV a,.cFbIWV span{display:inline;}/*!sc*/\n.cFbIWV a:hover{color:#2083F6;}/*!sc*/\ndata-styled.g63[id=\"sc-1abd7b43-0\"]{content:\"cFbIWV,\"}/*!sc*/\n.fGnRTw{white-space:pre-line;word-break:normal;overflow-wrap:anywhere;}/*!sc*/\ndata-styled.g67[id=\"sc-3decf6b2-1\"]{content:\"fGnRTw,\"}/*!sc*/\n.fNJmKB{align-items:center;cursor:pointer;display:flex;}/*!sc*/\ndata-styled.g70[id=\"sc-b447a373-2\"]{content:\"fNJmKB,\"}/*!sc*/\n.kOhZgU{padding:0;}/*!sc*/\n.kOhZgU span{font-family:var(--font-inter);font-weight:500;text-transform:none;}/*!sc*/\n.kOhZgU svg{fill:none;}/*!sc*/\ndata-styled.g71[id=\"sc-b447a373-3\"]{content:\"kOhZgU,\"}/*!sc*/\n.iriqPm{position:relative;height:auto;width:39.705882352941174px;}/*!sc*/\n.jRSwsu{position:relative;height:auto;width:35.56231003039514px;}/*!sc*/\n.kBMbwG{position:relative;height:auto;width:35.399129172714076px;}/*!sc*/\n.iMrZZh{position:relative;height:auto;width:37.70139634801289px;}/*!sc*/\n.cFSdXn{position:relative;height:auto;width:39.29313929313929px;}/*!sc*/\n.cXrjWk{position:relative;height:auto;width:40px;}/*!sc*/\n.gWEeoq{position:relative;height:auto;width:107px;}/*!sc*/\ndata-styled.g74[id=\"sc-65be26a3-1\"]{content:\"iriqPm,jRSwsu,kBMbwG,iMrZZh,cFSdXn,cXrjWk,gWEeoq,\"}/*!sc*/\n.kaLzDd{position:relative;height:auto;width:39.705882352941174px;height:auto!important;display:flex;margin:0 auto;}/*!sc*/\n.kaLzDd div{height:auto!important;}/*!sc*/\n.hacRxp{position:relative;height:auto;width:35.56231003039514px;height:auto!important;display:flex;margin:0 auto;}/*!sc*/\n.hacRxp div{height:auto!important;}/*!sc*/\n.dLwEhZ{position:relative;height:auto;width:35.399129172714076px;height:auto!important;display:flex;margin:0 auto;}/*!sc*/\n.dLwEhZ div{height:auto!important;}/*!sc*/\n.bTCkAC{position:relative;height:auto;width:37.70139634801289px;height:auto!important;display:flex;margin:0 auto;}/*!sc*/\n.bTCkAC div{height:auto!important;}/*!sc*/\n.ibyClQ{position:relative;height:auto;width:39.29313929313929px;height:auto!important;display:flex;margin:0 auto;}/*!sc*/\n.ibyClQ div{height:auto!important;}/*!sc*/\n.bnHEPz{position:relative;height:auto;width:40px;height:auto!important;display:flex;margin:0 auto;}/*!sc*/\n.bnHEPz div{height:auto!important;}/*!sc*/\n.hOdCGF{position:relative;height:auto;width:107px;height:auto!important;display:flex;margin:0 auto;}/*!sc*/\n.hOdCGF div{height:auto!important;}/*!sc*/\ndata-styled.g75[id=\"sc-65be26a3-2\"]{content:\"kaLzDd,hacRxp,dLwEhZ,bTCkAC,ibyClQ,bnHEPz,hOdCGF,\"}/*!sc*/\n.hUyHac{align-items:flex-start;object-fit:contain;width:100%;border-radius:2px;display:flex;margin:0 auto;}/*!sc*/\n.hUyHac img{object-fit:contain;border-radius:2px;overflow:hidden;margin:0 auto;}/*!sc*/\n.dNtxHq{align-items:flex-start;object-fit:contain;width:100%;border-radius:2px;display:flex;margin:0 auto;height:160px!important;}/*!sc*/\n.dNtxHq img{object-fit:contain;border-radius:2px;overflow:hidden;margin:0 auto;}/*!sc*/\ndata-styled.g83[id=\"sc-65be26a3-10\"]{content:\"hUyHac,dNtxHq,\"}/*!sc*/\n.jQmmju{align-items:center;display:flex;flex-direction:row;letter-spacing:0.01em;}/*!sc*/\ndata-styled.g87[id=\"sc-3b5d9ff1-0\"]{content:\"jQmmju,\"}/*!sc*/\n.fteRdx{letter-spacing:0.02em;}/*!sc*/\ndata-styled.g89[id=\"sc-8cd009fd-0\"]{content:\"fteRdx,\"}/*!sc*/\n.iWHKAA{display:flex;gap:4px;overflow-wrap:unset;}/*!sc*/\ndata-styled.g90[id=\"sc-8cd009fd-1\"]{content:\"iWHKAA,\"}/*!sc*/\n.iYCPxv:hover{text-decoration:underline;}/*!sc*/\ndata-styled.g91[id=\"sc-8cd009fd-2\"]{content:\"iYCPxv,\"}/*!sc*/\n.orHLv{background:#FAF9F6;display:flex;flex-direction:column;border-radius:4px;border:1px solid #D0D5DD;padding:16px;gap:16px;min-width:300px;width:100%;}/*!sc*/\n@media (min-width: 1025px){.orHLv{min-width:initial;}}/*!sc*/\ndata-styled.g95[id=\"sc-4981cf43-0\"]{content:\"orHLv,\"}/*!sc*/\n.iCjhCz{display:grid;gap:16px;}/*!sc*/\ndata-styled.g96[id=\"sc-4981cf43-1\"]{content:\"iCjhCz,\"}/*!sc*/\n.dlMDlE{display:flex;gap:12px;flex-direction:row;}/*!sc*/\n.dlMDlE .sc-f84047c3-0{color:#101828;}/*!sc*/\ndata-styled.g97[id=\"sc-4981cf43-2\"]{content:\"dlMDlE,\"}/*!sc*/\n.Eipa-D{display:flex;flex-direction:column;gap:4px;justify-content:space-between;}/*!sc*/\ndata-styled.g98[id=\"sc-4981cf43-3\"]{content:\"Eipa-D,\"}/*!sc*/\n.jBdyeZ{display:flex;flex-direction:row;justify-content:space-between;align-items:center;width:100%;gap:8px;}/*!sc*/\ndata-styled.g99[id=\"sc-4981cf43-4\"]{content:\"jBdyeZ,\"}/*!sc*/\n.dsQqaI{display:flex;flex-direction:row;align-items:center;width:100%;gap:16px;border:1px solid #D0D5DD;padding:8px 16px;}/*!sc*/\ndata-styled.g100[id=\"sc-4981cf43-5\"]{content:\"dsQqaI,\"}/*!sc*/\n.iYmIS{color:#101828;font-size:30px;line-height:32px;}/*!sc*/\ndata-styled.g101[id=\"sc-4981cf43-6\"]{content:\"iYmIS,\"}/*!sc*/\n.dECQcz{overflow-wrap:anywhere;word-break:normal;}/*!sc*/\ndata-styled.g102[id=\"sc-4981cf43-7\"]{content:\"dECQcz,\"}/*!sc*/\n.chSdQx{display:grid;grid-row-gap:8px;grid-auto-rows:max-content;}/*!sc*/\ndata-styled.g103[id=\"sc-4981cf43-8\"]{content:\"chSdQx,\"}/*!sc*/\n.huSgtR{align-items:center;display:grid;grid-column-gap:20px;grid-template-columns:repeat(3,max-content);}/*!sc*/\n.huSgtR *{color:#475467;}/*!sc*/\ndata-styled.g104[id=\"sc-4981cf43-9\"]{content:\"huSgtR,\"}/*!sc*/\n.irItok a{color:#1959D7;}/*!sc*/\ndata-styled.g105[id=\"sc-4981cf43-10\"]{content:\"irItok,\"}/*!sc*/\n.lgmYqM{color:#344054;}/*!sc*/\ndata-styled.g106[id=\"sc-4981cf43-11\"]{content:\"lgmYqM,\"}/*!sc*/\n.ksKood{display:grid;grid-row-gap:16px;}/*!sc*/\n@media (min-width: 769px){.ksKood{grid-column-gap:12px;}}/*!sc*/\ndata-styled.g107[id=\"sc-4981cf43-12\"]{content:\"ksKood,\"}/*!sc*/\n.dwhFCW{display:contents;font-weight:500;}/*!sc*/\ndata-styled.g108[id=\"sc-4981cf43-13\"]{content:\"dwhFCW,\"}/*!sc*/\n.cbnZzw{padding:0;cursor:initial;outline:none;}/*!sc*/\n.cbnZzw:focus{outline:none;}/*!sc*/\n.cbnZzw span{font-family:var(--font-inter);font-weight:500;}/*!sc*/\ndata-styled.g109[id=\"sc-4981cf43-14\"]{content:\"cbnZzw,\"}/*!sc*/\n.kHCsCY{color:#344054;}/*!sc*/\ndata-styled.g110[id=\"sc-4981cf43-15\"]{content:\"kHCsCY,\"}/*!sc*/\n.dofCKu{display:block;flex:auto;margin:0;padding:0;min-width:0;}/*!sc*/\n@media (min-width:1081px){.dofCKu{padding:0 20px;}}/*!sc*/\n@media (min-width:1140px){.dofCKu{padding:0 20px 0 20px;}}/*!sc*/\n.gnGvza{display:block;flex:auto;margin:0;padding:0;min-width:0;}/*!sc*/\n@media (min-width:1081px){.gnGvza{padding:0 20px;}}/*!sc*/\n@media (min-width:1140px){.gnGvza{padding:0 170px 0 170px;}}/*!sc*/\ndata-styled.g114[id=\"sc-14e274ff-0\"]{content:\"dofCKu,gnGvza,\"}/*!sc*/\n.iYFYsU{background-color:transparent;display:block;width:100%;}/*!sc*/\ndata-styled.g125[id=\"sc-88ea37bc-0\"]{content:\"iYFYsU,\"}/*!sc*/\n.dJwpMk{margin:0 auto;max-width:100%;padding:0 20px;width:100%;}/*!sc*/\n@media (min-width: 769px){.dJwpMk{max-width:1180px;padding:0 20px;}}/*!sc*/\n.cimZIW{margin:0 auto;max-width:100%;padding:0 0;width:100%;}/*!sc*/\n@media (min-width: 769px){.cimZIW{max-width:1180px;padding:0 20px;}}/*!sc*/\ndata-styled.g126[id=\"sc-9096b87d-0\"]{content:\"dJwpMk,cimZIW,\"}/*!sc*/\n.jNtrde{display:block;flex:auto;margin:0;}/*!sc*/\n@media (min-width: 811px){.jNtrde{display:flex;}}/*!sc*/\n@media (min-width: 1025px){.jNtrde{display:flex;margin-left:-20px;margin-right:-20px;}}/*!sc*/\ndata-styled.g127[id=\"sc-9096b87d-1\"]{content:\"jNtrde,\"}/*!sc*/\n.fzUKEN{display:flex;gap:16px;}/*!sc*/\ndata-styled.g128[id=\"sc-bb1caac0-0\"]{content:\"fzUKEN,\"}/*!sc*/\n.fDWFvI{position:fixed;bottom:15px;right:10px;z-index:10;}/*!sc*/\n@media (min-width: 414px){.fDWFvI{position:relative;bottom:0;right:0;}}/*!sc*/\ndata-styled.g129[id=\"sc-ed3599c7-0\"]{content:\"fDWFvI,\"}/*!sc*/\n.jstMMl{border:none;padding:0;cursor:pointer;display:flex;align-items:center;justify-content:center;width:54px;height:54px;border-radius:50%;background:linear-gradient(180deg,#3a4353 0%,#101828 100%);}/*!sc*/\n.jstMMl:active{background:#1959d7;}/*!sc*/\n.jstMMl:focus{background:#1959d7;}/*!sc*/\ndata-styled.g130[id=\"sc-ed3599c7-1\"]{content:\"jstMMl,\"}/*!sc*/\n.jxqDea{width:50px;height:50px;display:flex;align-items:center;justify-content:center;border-radius:50%;background:linear-gradient(45deg,#101828 0%,#344054 100%);}/*!sc*/\ndata-styled.g131[id=\"sc-ed3599c7-2\"]{content:\"jxqDea,\"}/*!sc*/\n.jRskVz{display:flex;gap:16px;}/*!sc*/\ndata-styled.g134[id=\"sc-837d0715-0\"]{content:\"jRskVz,\"}/*!sc*/\n.ioMWfa{display:flex;align-items:baseline;gap:8px;padding:7px 12px;border:1px solid #FFFFFF;border-radius:4px;}/*!sc*/\n.ioMWfa:hover{background-color:#1F242F;}/*!sc*/\ndata-styled.g135[id=\"sc-837d0715-1\"]{content:\"ioMWfa,\"}/*!sc*/\n.iZRYsd{display:flex;flex-direction:column;gap:16px;background-color:#161B26;border-radius:8px;border:2px solid #333741;padding:24px 24px 0 24px;}/*!sc*/\n@media (min-width: 1025px){.iZRYsd{flex-direction:row;padding:0;}}/*!sc*/\ndata-styled.g136[id=\"sc-acd60cef-0\"]{content:\"iZRYsd,\"}/*!sc*/\n.rTpul{display:flex;flex-direction:column;gap:20px;align-items:flex-start;}/*!sc*/\n@media (min-width: 1025px){.rTpul{margin:38px 0 0 53px;}}/*!sc*/\n@media (min-width: 414px){.rTpul{flex:1 1 0;}}/*!sc*/\ndata-styled.g137[id=\"sc-acd60cef-1\"]{content:\"rTpul,\"}/*!sc*/\n.jHnYiD{display:flex;flex-direction:column;gap:8px;}/*!sc*/\n.jHnYiD .sc-f84047c3-1{color:#F5F5F6;font-size:24px;line-height:28px;}/*!sc*/\n@media (min-width: 414px){.jHnYiD .sc-f84047c3-1{font-size:30px;line-height:32px;}}/*!sc*/\n.jHnYiD .sc-f84047c3-0{color:#CECFD2;font-size:16px;line-height:24px;}/*!sc*/\ndata-styled.g138[id=\"sc-acd60cef-2\"]{content:\"jHnYiD,\"}/*!sc*/\n.dkGrjY{position:relative;width:100%;height:150px;}/*!sc*/\n@media (min-width: 375px){.dkGrjY{height:185px;}}/*!sc*/\n@media (min-width: 1025px){.dkGrjY{height:300px;flex:1 1 0;display:flex;justify-content:center;}}/*!sc*/\ndata-styled.g139[id=\"sc-acd60cef-3\"]{content:\"dkGrjY,\"}/*!sc*/\n.BYLXY{display:flex;flex-direction:column;}/*!sc*/\n@media (min-width: 375px){.BYLXY{flex-direction:row;}}/*!sc*/\ndata-styled.g140[id=\"sc-acd60cef-4\"]{content:\"BYLXY,\"}/*!sc*/\n.jIOwwZ{align-items:center;display:flex;flex-direction:column;width:100%;align-items:flex-start;gap:20px;}/*!sc*/\ndata-styled.g141[id=\"sc-4f506908-0\"]{content:\"jIOwwZ,\"}/*!sc*/\n.tldVn{display:grid;grid-gap:8px;}/*!sc*/\n@media (min-width: 769px){.tldVn{align-items:flex-start;display:flex;flex-direction:column;width:auto;}}/*!sc*/\ndata-styled.g142[id=\"sc-4f506908-1\"]{content:\"tldVn,\"}/*!sc*/\n.eCwTec{cursor:pointer;}/*!sc*/\ndata-styled.g143[id=\"sc-4f506908-2\"]{content:\"eCwTec,\"}/*!sc*/\n.kEnTXt{display:flex;flex-direction:column;}/*!sc*/\ndata-styled.g144[id=\"sc-4f506908-3\"]{content:\"kEnTXt,\"}/*!sc*/\n.ejLPGH{color:#F5F5F6;font-size:16px;line-height:24px;}/*!sc*/\ndata-styled.g145[id=\"sc-4f506908-4\"]{content:\"ejLPGH,\"}/*!sc*/\n.cbTnyA{display:grid;grid-template-columns:repeat(2,1fr);margin-bottom:40px;width:100%;grid-gap:16px;}/*!sc*/\n@media (min-width: 769px){.cbTnyA{border-bottom:none;column-gap:12px;display:grid;grid-template-columns:repeat(6,1fr);margin-bottom:48px;}}/*!sc*/\ndata-styled.g146[id=\"sc-4f506908-5\"]{content:\"cbTnyA,\"}/*!sc*/\n.wRsFk{color:#CECFD2;font-size:16px;line-height:24px;}/*!sc*/\ndata-styled.g147[id=\"sc-4f506908-6\"]{content:\"wRsFk,\"}/*!sc*/\n.fxjgTW{color:#F5F5F6;font-size:24px;line-height:28px;margin-bottom:4px;}/*!sc*/\ndata-styled.g148[id=\"sc-4f506908-7\"]{content:\"fxjgTW,\"}/*!sc*/\n.bXFjkC{align-items:center;display:flex;flex-direction:row;justify-content:space-between;width:100%;}/*!sc*/\n@media (min-width: 769px){.bXFjkC{flex-direction:row;justify-content:space-between;margin-bottom:48px;}}/*!sc*/\ndata-styled.g149[id=\"sc-4f506908-8\"]{content:\"bXFjkC,\"}/*!sc*/\n.eGesay{color:#CECFD2;display:flex;flex-direction:column;gap:12px;}/*!sc*/\n.eGesay a{color:#CECFD2;}/*!sc*/\n@media (min-width: 769px){.eGesay{flex-direction:row;justify-content:flex-start;margin-bottom:0;}}/*!sc*/\ndata-styled.g150[id=\"sc-4f506908-9\"]{content:\"eGesay,\"}/*!sc*/\n.ivpekb{align-items:center;background-color:#070A12;bottom:0;display:flex;flex-direction:column;margin-bottom:-45px;padding:40px 0 40px 0;position:relative;width:100%;}/*!sc*/\ndata-styled.g151[id=\"sc-4f506908-10\"]{content:\"ivpekb,\"}/*!sc*/\n.dZqrKA{display:flex;flex-direction:row;gap:20px;margin-bottom:20px;}/*!sc*/\n@media (min-width: 769px){.dZqrKA{gap:8px;margin-bottom:0px;}}/*!sc*/\ndata-styled.g152[id=\"sc-4f506908-11\"]{content:\"dZqrKA,\"}/*!sc*/\n.dprmHe{display:flex;flex-direction:row;justify-content:center;}/*!sc*/\n@media (min-width: 769px){.dprmHe{align-items:flex-start;justify-content:flex-start;}}/*!sc*/\ndata-styled.g153[id=\"sc-4f506908-12\"]{content:\"dprmHe,\"}/*!sc*/\n@media (min-width: 769px){.fEByNU{align-items:center;display:grid;grid-gap:8px;position:fixed;right:30px;bottom:30px;}}/*!sc*/\ndata-styled.g154[id=\"sc-4f506908-13\"]{content:\"fEByNU,\"}/*!sc*/\n.dMrucP{margin-bottom:48px;}/*!sc*/\ndata-styled.g156[id=\"sc-4f506908-15\"]{content:\"dMrucP,\"}/*!sc*/\n.ggPxmV{margin-bottom:20px;width:100%;}/*!sc*/\n.ggPxkY{margin-bottom:25px;width:100%;}/*!sc*/\n.kUxxNP{width:100%;}/*!sc*/\n.ggPxmP{margin-bottom:40px;width:100%;}/*!sc*/\ndata-styled.g208[id=\"sc-f52bf7ce-0\"]{content:\"ggPxmV,ggPxkY,kUxxNP,ggPxmP,\"}/*!sc*/\n.ibfZQT{align-items:center;background:transparent;border-radius:6px;cursor:pointer;display:flex;height:37px;justify-content:center;line-height:20px;max-width:160px;opacity:1;padding:0 12px;text-align:center;text-transform:uppercase;width:100%;font-family:var(--font-sourceCodePro);font-weight:600;background-color:transparent;border:1px solid #FFFFFF4D;color:#F5F5F5;width:auto;}/*!sc*/\n@media (min-width: 769px){.ibfZQT{max-width:160px;}}/*!sc*/\n.ibfZQT:hover{border-width:2px;}/*!sc*/\n.ibfZQT span{color:#FFFFFF;}/*!sc*/\n.ibfZQT span.hoverText{display:none;}/*!sc*/\n@media (min-width: 769px){.ibfZQT:hover span.hoverText{display:none;}.ibfZQT:hover span.currentText{display:flex;}}/*!sc*/\ndata-styled.g210[id=\"sc-633b1cf9-0\"]{content:\"ibfZQT,\"}/*!sc*/\n.jTZboY{display:none;font-family:var(--font-sourceCodePro);font-weight:600;}/*!sc*/\ndata-styled.g221[id=\"sc-633b1cf9-11\"]{content:\"jTZboY,\"}/*!sc*/\n.dhxfnf{font-family:var(--font-sourceCodePro);font-weight:600;}/*!sc*/\ndata-styled.g222[id=\"sc-633b1cf9-12\"]{content:\"dhxfnf,\"}/*!sc*/\n.iLynAm{display:inline-block;position:relative;}/*!sc*/\ndata-styled.g235[id=\"sc-9ddc3db1-0\"]{content:\"iLynAm,\"}/*!sc*/\n.gKnmSu{display:block;font-size:14px;line-height:20px;font-weight:500;height:40px;word-wrap:break-word;white-space:normal;text-overflow:ellipsis;overflow:hidden;width:100%;-webkit-line-clamp:2;display:-webkit-box;-webkit-box-orient:vertical;}/*!sc*/\ndata-styled.g251[id=\"sc-6dddd557-0\"]{content:\"gKnmSu,\"}/*!sc*/\n.epeYTe{background:#070A12;padding:11px;position:relative;width:131px;border:1px solid #333741;border-radius:4px;}/*!sc*/\n.epeYTe .sc-6dddd557-0{color:#F5F5F6;}/*!sc*/\n.epeYTe>div{height:100%;width:100%;}/*!sc*/\ndata-styled.g252[id=\"sc-6dddd557-1\"]{content:\"epeYTe,\"}/*!sc*/\n.iMoECF{margin:0 auto;position:relative;}/*!sc*/\ndata-styled.g253[id=\"sc-6dddd557-2\"]{content:\"iMoECF,\"}/*!sc*/\n.etPabS{display:flex;height:100%;flex-direction:column;gap:8px;align-items:center;justify-content:space-between;}/*!sc*/\n.etPabS>div:first-child{height:100%;width:100%;gap:8px;display:flex;flex-direction:column;align-items:center;}/*!sc*/\ndata-styled.g254[id=\"sc-6dddd557-3\"]{content:\"etPabS,\"}/*!sc*/\n.ckaXrX{display:flex;flex-direction:row;justify-content:space-between;width:100%;height:24px;}/*!sc*/\ndata-styled.g258[id=\"sc-6dddd557-7\"]{content:\"ckaXrX,\"}/*!sc*/\n.eusVFn{display:flex;flex-direction:column;width:100%;gap:8px;}/*!sc*/\ndata-styled.g260[id=\"sc-6dddd557-9\"]{content:\"eusVFn,\"}/*!sc*/\n.bDTXry{position:relative;}/*!sc*/\ndata-styled.g261[id=\"sc-6dddd557-10\"]{content:\"bDTXry,\"}/*!sc*/\n.bgisMe{display:inline-block;position:relative;}/*!sc*/\ndata-styled.g293[id=\"sc-48986368-0\"]{content:\"bgisMe,\"}/*!sc*/\n.fQXWuj{align-items:center;display:grid;grid-template-columns:max-content 1fr;height:100%;cursor:pointer;padding:16px;background-color:transparent;border-top-left-radius:0;border-top-right-radius:0;}/*!sc*/\n@media screen and (min-width:1024px){.fQXWuj{background:transparent;border-radius:0;padding:0;}.fQXWuj .sc-17010cc3-0{display:none;}.fQXWuj:hover .sc-17010cc3-0{display:block;}.fQXWuj .sc-17010cc3-0{transform:translateX(0);left:0;}.fQXWuj .sc-17010cc3-0>div>div:before{left:20px;}}/*!sc*/\n.kGmchc{align-items:center;display:grid;grid-template-columns:max-content 1fr;height:100%;cursor:pointer;padding:16px;background-color:transparent;border-top-left-radius:0;border-top-right-radius:0;}/*!sc*/\n@media screen and (min-width:1024px){.kGmchc{background:transparent;border-radius:0;padding:0;}.kGmchc .sc-17010cc3-0{display:none;}.kGmchc:hover .sc-17010cc3-0{display:block;}}/*!sc*/\ndata-styled.g330[id=\"sc-17010cc3-1\"]{content:\"fQXWuj,kGmchc,\"}/*!sc*/\n.dQPVRO{align-items:center;color:#344054;display:flex;justify-content:space-between;text-transform:uppercase;width:100%;font-size:16px;line-height:20px;}/*!sc*/\n@media (min-width: 1025px){.dQPVRO{justify-content:initial;padding:4px 0;}}/*!sc*/\ndata-styled.g334[id=\"sc-17010cc3-5\"]{content:\"dQPVRO,\"}/*!sc*/\n.cCGToG{display:flex;flex-direction:column;}/*!sc*/\ndata-styled.g337[id=\"sc-17010cc3-8\"]{content:\"cCGToG,\"}/*!sc*/\n.cmVuOD{display:flex;flex-direction:column;width:100%;}/*!sc*/\n@media screen and (min-width:1024px){.cmVuOD{flex-direction:row;padding-top:0;width:initial;gap:24px;align-items:center;}}/*!sc*/\ndata-styled.g339[id=\"sc-fd6d7d76-0\"]{content:\"cmVuOD,\"}/*!sc*/\n.dHyotE{position:relative;}/*!sc*/\n@media screen and (min-width:1024px){.dHyotE{margin-bottom:0;border-radius:0;}}/*!sc*/\ndata-styled.g340[id=\"sc-fd6d7d76-1\"]{content:\"dHyotE,\"}/*!sc*/\n.cLuPNH{width:1px;background-color:#344054;margin:6px;height:16px;}/*!sc*/\ndata-styled.g341[id=\"sc-fd6d7d76-2\"]{content:\"cLuPNH,\"}/*!sc*/\n.bhBjYm{display:flex;flex-direction:column;position:relative;width:100%;}/*!sc*/\n@media (min-width: 1025px){.bhBjYm{width:initial;}}/*!sc*/\ndata-styled.g342[id=\"sc-fd6d7d76-3\"]{content:\"bhBjYm,\"}/*!sc*/\n.jxWCYA{align-items:center;justify-content:flex-start;}/*!sc*/\ndata-styled.g343[id=\"sc-dbe66972-0\"]{content:\"jxWCYA,\"}/*!sc*/\n.iIFVLN{align-items:center;display:grid;flex-direction:row;max-width:100%;}/*!sc*/\n@media (min-width: 1025px){.iIFVLN{display:flex;}}/*!sc*/\ndata-styled.g344[id=\"sc-dbe66972-1\"]{content:\"iIFVLN,\"}/*!sc*/\n.WNaPy{align-items:flex-start;display:flex;flex-direction:column;scroll-behavior:smooth;width:100%;}/*!sc*/\n@media screen and (min-width:1024px){.WNaPy{align-items:center;flex-direction:row;margin:0 0 0 0;padding-bottom:0;}}/*!sc*/\ndata-styled.g345[id=\"sc-dbe66972-2\"]{content:\"WNaPy,\"}/*!sc*/\n.bAUUfV{display:flex;align-items:center;}/*!sc*/\ndata-styled.g348[id=\"sc-8362f9ba-0\"]{content:\"bAUUfV,\"}/*!sc*/\n.jcdMyw{align-items:center;display:flex;height:40px;position:relative;max-width:811px;width:100%;}/*!sc*/\n.jcdMyw svg{display:block;}/*!sc*/\ndata-styled.g349[id=\"sc-5305bacd-0\"]{content:\"jcdMyw,\"}/*!sc*/\n.OCNwk{align-items:center;background-color:#FAF9F6;border-radius:20px;border:1px solid #D0D5DD;display:flex;flex-direction:row;height:40px;width:100%;}/*!sc*/\n.OCNwk:hover{box-shadow:3px 3px 20px 0px rgba(26,26,26,0.1);}/*!sc*/\ndata-styled.g350[id=\"sc-5305bacd-1\"]{content:\"OCNwk,\"}/*!sc*/\n.kXVCNu{background-color:#FAF9F6;border:none;color:#101828;font-family:-apple-system,BlinkMacSystemFont,\"Segoe UI\",Roboto,Oxygen-Sans,Ubuntu,Cantarell,\"Helvetica Neue\",sans-serif;height:100%;margin-left:20px;outline:none;width:100%;}/*!sc*/\n.kXVCNu ::placeholder{color:#344054;}/*!sc*/\n.kXVCNu :focus::placeholder{color:transparent;}/*!sc*/\ndata-styled.g351[id=\"sc-5305bacd-2\"]{content:\"kXVCNu,\"}/*!sc*/\n.hsbjQA{padding:10px;border-radius:50%;background-color:#1959D7;cursor:pointer;position:relative;right:-1px;}/*!sc*/\ndata-styled.g352[id=\"sc-5305bacd-3\"]{content:\"hsbjQA,\"}/*!sc*/\n.lmLnST{position:relative;width:100%;}/*!sc*/\ndata-styled.g355[id=\"sc-53cb0c24-0\"]{content:\"lmLnST,\"}/*!sc*/\n.bHMuAI{align-items:center;display:flex;gap:20px;position:relative;z-index:1;}/*!sc*/\ndata-styled.g356[id=\"sc-53cb0c24-1\"]{content:\"bHMuAI,\"}/*!sc*/\n.kZQHeI{width:100%;}/*!sc*/\ndata-styled.g358[id=\"sc-53cb0c24-3\"]{content:\"kZQHeI,\"}/*!sc*/\n.chkrVH{display:flex;flex-direction:row;justify-content:space-between;width:100%;margin:0 auto;max-width:1180px;padding:0 20px;}/*!sc*/\ndata-styled.g368[id=\"sc-f4c9c5a5-0\"]{content:\"chkrVH,\"}/*!sc*/\n.GGnOT{padding:15px 20px;}/*!sc*/\ndata-styled.g369[id=\"sc-f4c9c5a5-1\"]{content:\"GGnOT,\"}/*!sc*/\n.gaFTLt{background:#FAF9F6;border-bottom:1px solid #D0D5DD;}/*!sc*/\ndata-styled.g370[id=\"sc-f4c9c5a5-2\"]{content:\"gaFTLt,\"}/*!sc*/\n.hmoxdM{max-width:200px;width:100%;display:flex;justify-content:center;align-items:center;}/*!sc*/\n.hmoxdM a{display:flex;}/*!sc*/\ndata-styled.g372[id=\"sc-f4c9c5a5-4\"]{content:\"hmoxdM,\"}/*!sc*/\n.jJMRJZ{max-width:500px;width:100%;}/*!sc*/\ndata-styled.g373[id=\"sc-f4c9c5a5-5\"]{content:\"jJMRJZ,\"}/*!sc*/\n.bQfARq{display:flex;align-items:center;}/*!sc*/\ndata-styled.g374[id=\"sc-f4c9c5a5-6\"]{content:\"bQfARq,\"}/*!sc*/\n.jPNnol{grid-column:3;}/*!sc*/\n.jPNnol *{gap:16px;}/*!sc*/\ndata-styled.g375[id=\"sc-f4c9c5a5-7\"]{content:\"jPNnol,\"}/*!sc*/\n.fUsdyL{display:flex;flex-direction:column;width:100%;}/*!sc*/\ndata-styled.g376[id=\"sc-f4c9c5a5-8\"]{content:\"fUsdyL,\"}/*!sc*/\n.gjWYsl{background-color:#F2F4F7;padding:12px 0;border-bottom:1px solid #D0D5DD;}/*!sc*/\ndata-styled.g377[id=\"sc-f4c9c5a5-9\"]{content:\"gjWYsl,\"}/*!sc*/\n.iAMBGL{background-color:#F2F4F7;display:flex;align-items:center;justify-content:center;flex-direction:column;width:100%;position:relative;height:auto;}/*!sc*/\ndata-styled.g378[id=\"sc-fcc53864-0\"]{content:\"iAMBGL,\"}/*!sc*/\n.cMkMim{width:auto;}/*!sc*/\n@media (min-width: 1025px){.cMkMim{background:linear-gradient(to right,#ffffff 1.61%,rgba(255, 255, 255, 0) 99.01%);max-width:160px;position:absolute;width:100%;}}/*!sc*/\ndata-styled.g379[id=\"sc-fcc53864-1\"]{content:\"cMkMim,\"}/*!sc*/\n.iqxCDz{align-items:center;display:flex;justify-content:center;margin-top:0;}/*!sc*/\ndata-styled.g554[id=\"sc-d2f2208d-0\"]{content:\"iqxCDz,\"}/*!sc*/\n.jxzWvy{align-items:center;background:#000000;display:flex;justify-content:center;position:relative;width:100%;z-index:1;}/*!sc*/\ndata-styled.g566[id=\"sc-346cdb9a-0\"]{content:\"jxzWvy,\"}/*!sc*/\n.kNMkIL{width:100%;z-index:1;}/*!sc*/\ndata-styled.g567[id=\"sc-346cdb9a-1\"]{content:\"kNMkIL,\"}/*!sc*/\n.fKvnVc{background-color:#000000;height:100%;opacity:0.6;position:absolute;width:100%;z-index:1;}/*!sc*/\ndata-styled.g568[id=\"sc-346cdb9a-2\"]{content:\"fKvnVc,\"}/*!sc*/\n.jybiIk{height:100%;max-width:1140px;position:absolute;width:100%;}/*!sc*/\ndata-styled.g569[id=\"sc-346cdb9a-3\"]{content:\"jybiIk,\"}/*!sc*/\n.iliUvz{height:100%;position:relative;width:100%;}/*!sc*/\ndata-styled.g570[id=\"sc-346cdb9a-4\"]{content:\"iliUvz,\"}/*!sc*/\n.gsYNjW{display:flex;height:100%;justify-content:space-between;max-width:1140px;overflow:hidden;position:relative;transform:translate(0%,-100%);width:100%;}/*!sc*/\ndata-styled.g571[id=\"sc-346cdb9a-5\"]{content:\"gsYNjW,\"}/*!sc*/\n.kDhYsq{background:linear-gradient( to bottom,#000000 0%,rgba(0,0,0,0) 100% );height:100px;max-width:1140px;position:absolute;width:100%;}/*!sc*/\n@media (min-width: 769px){.kDhYsq{height:190px;}}/*!sc*/\ndata-styled.g572[id=\"sc-346cdb9a-6\"]{content:\"kDhYsq,\"}/*!sc*/\n.kNzhld{background:linear-gradient( to right,#000000 0%,rgba(0,0,0,0) 100% );height:100%;max-width:75px;width:100%;}/*!sc*/\n@media (min-width: 769px){.kNzhld{max-width:250px;}}/*!sc*/\ndata-styled.g574[id=\"sc-346cdb9a-8\"]{content:\"kNzhld,\"}/*!sc*/\n.kZesVI{background:linear-gradient( to left,#000000 0%,rgba(0,0,0,0) 100% );height:100%;max-width:75px;width:100%;}/*!sc*/\n@media (min-width: 769px){.kZesVI{max-width:250px;}}/*!sc*/\ndata-styled.g575[id=\"sc-346cdb9a-9\"]{content:\"kZesVI,\"}/*!sc*/\n.ycXIa{display:flex;flex-direction:column;min-width:260px;width:100%;}/*!sc*/\n@media (min-width: 811px){.ycXIa{min-width:initial;}}/*!sc*/\ndata-styled.g614[id=\"sc-5d091d97-0\"]{content:\"ycXIa,\"}/*!sc*/\n.djPbDx{border-radius:3px;display:flex;flex-direction:row;height:84px;overflow:hidden;position:relative;width:100%;}/*!sc*/\ndata-styled.g616[id=\"sc-5d091d97-2\"]{content:\"djPbDx,\"}/*!sc*/\n.kSruxv{display:flex;flex-direction:column;justify-content:center;margin-top:8px;width:100%;}/*!sc*/\ndata-styled.g617[id=\"sc-5d091d97-3\"]{content:\"kSruxv,\"}/*!sc*/\n.cdAqCe{-webkit-box-orient:vertical;-webkit-line-clamp:2;display:-webkit-box;margin-bottom:8px;overflow:hidden;word-break:normal;overflow-wrap:anywhere;color:#101828;}/*!sc*/\ndata-styled.g618[id=\"sc-5d091d97-4\"]{content:\"cdAqCe,\"}/*!sc*/\n.kaJnYK{align-items:center;display:grid;grid-column-gap:12px;grid-template-columns:repeat(3,max-content);}/*!sc*/\ndata-styled.g619[id=\"sc-5d091d97-5\"]{content:\"kaJnYK,\"}/*!sc*/\n.bVAJtE{color:#A6AAAF;margin-bottom:8px;-webkit-box-orient:vertical;-webkit-line-clamp:2;display:-webkit-box;overflow:hidden;word-break:normal;overflow-wrap:anywhere;}/*!sc*/\ndata-styled.g622[id=\"sc-5d091d97-8\"]{content:\"bVAJtE,\"}/*!sc*/\n.giBbD{margin-bottom:12px;}/*!sc*/\ndata-styled.g625[id=\"sc-1188a903-0\"]{content:\"giBbD,\"}/*!sc*/\n.fhqcYt{margin-bottom:12px;position:relative;}/*!sc*/\ndata-styled.g851[id=\"sc-4faecbd2-0\"]{content:\"fhqcYt,\"}/*!sc*/\n.eTzZtL{background-color:#FFFFFF;border-radius:5px;display:flex;flex-direction:column;height:100%;max-width:272px;overflow:hidden;position:relative;width:100%;}/*!sc*/\n@media (min-width: 769px){.eTzZtL{max-width:350px;}}/*!sc*/\ndata-styled.g1064[id=\"sc-977697b1-0\"]{content:\"eTzZtL,\"}/*!sc*/\n.iATujl{border-radius:5px;display:block;height:100%;left:0;object-fit:cover;object-position:center center;position:absolute;top:0;width:100%;}/*!sc*/\ndata-styled.g1065[id=\"sc-977697b1-1\"]{content:\"iATujl,\"}/*!sc*/\n.jEVhRg{letter-spacing:0.02em;word-break:normal;overflow-wrap:anywhere;color:#101828;}/*!sc*/\n.jEVhRg.description{color:#344054;}/*!sc*/\ndata-styled.g1066[id=\"sc-977697b1-2\"]{content:\"jEVhRg,\"}/*!sc*/\n.fAhUxE{display:flex;flex-direction:column;gap:8px;height:100%;justify-content:center;padding:12px;}/*!sc*/\n.fAhUxE img{max-width:100%;}/*!sc*/\n@media (min-width: 769px){.fAhUxE{max-width:354px;padding:20px;}}/*!sc*/\ndata-styled.g1067[id=\"sc-977697b1-3\"]{content:\"fAhUxE,\"}/*!sc*/\n.dYZyfW{height:0;padding-bottom:56.25%;position:relative;width:100%;}/*!sc*/\n.dYZyfW img{border-top-left-radius:5px;border-top-right-radius:5px;}/*!sc*/\ndata-styled.g1068[id=\"sc-977697b1-4\"]{content:\"dYZyfW,\"}/*!sc*/\n.cdOjYM{box-sizing:content-box;overflow:hidden;padding:20px 0 25px;position:relative;width:100%;}/*!sc*/\n@media (min-width: 769px){.cdOjYM{padding:40px 15px;margin-left:-15px;}}/*!sc*/\ndata-styled.g1072[id=\"sc-64d0d03f-1\"]{content:\"cdOjYM,\"}/*!sc*/\n.NJXyu{display:flex;left:0;margin:0 auto;padding-left:calc(0.5 * (100vw - 273px));transform:translate3d( -273px,0,0 );width:calc( 0.5 * (100% - 273px) + 819px );}/*!sc*/\n@media (min-width: 769px){.NJXyu{display:grid;grid-gap:18px;grid-auto-flow:column;grid-auto-columns:1fr;justify-content:center;margin:0 auto;max-width:100%;padding:0;transform:translate3d(0,0,0);width:max-content;}}/*!sc*/\ndata-styled.g1073[id=\"sc-64d0d03f-2\"]{content:\"NJXyu,\"}/*!sc*/\n.iHfzun{align-items:center;display:inline-block;filter:drop-shadow(3px 3px 15px rgba(90,95,101,0.16));padding:0 9px;position:relative;white-space:initial;width:273px;}/*!sc*/\n@media (min-width: 769px){.iHfzun{display:block;padding:0;width:auto;max-width:350px;}}/*!sc*/\ndata-styled.g1074[id=\"sc-64d0d03f-3\"]{content:\"iHfzun,\"}/*!sc*/\n.hfJcIx{display:flex;flex-direction:column;}/*!sc*/\ndata-styled.g1299[id=\"sc-a52c490c-0\"]{content:\"hfJcIx,\"}/*!sc*/\n.jaTQBf{display:flex;flex-direction:column;height:216px;justify-content:space-between;}/*!sc*/\n@media (min-width: 769px){.jaTQBf{height:166px;}}/*!sc*/\ndata-styled.g1300[id=\"sc-a52c490c-1\"]{content:\"jaTQBf,\"}/*!sc*/\n.ibWrPE{max-width:366px;}/*!sc*/\n@media (min-width: 769px){.ibWrPE{max-width:424px;}}/*!sc*/\ndata-styled.g1301[id=\"sc-a52c490c-2\"]{content:\"ibWrPE,\"}/*!sc*/\n.gdnYEo{display:grid;grid-gap:16px;grid-template-columns:repeat(3,1fr);}/*!sc*/\ndata-styled.g1302[id=\"sc-a52c490c-3\"]{content:\"gdnYEo,\"}/*!sc*/\n.frmPrG{align-items:center;cursor:pointer;display:flex;justify-content:center;margin-top:20px;width:100%;}/*!sc*/\ndata-styled.g1303[id=\"sc-a52c490c-4\"]{content:\"frmPrG,\"}/*!sc*/\n.jYRruS{height:340px;padding:0 24px;}/*!sc*/\n@media (min-width: 769px){.jYRruS{padding:0 90px;}}/*!sc*/\ndata-styled.g1304[id=\"sc-a52c490c-5\"]{content:\"jYRruS,\"}/*!sc*/\n.LMkIh{color:#FFFFFF;}/*!sc*/\ndata-styled.g1305[id=\"sc-a52c490c-6\"]{content:\"LMkIh,\"}/*!sc*/\n.HRAfa{margin-bottom:25px;}/*!sc*/\n@media (min-width: 769px){.HRAfa{margin-bottom:20px;}}/*!sc*/\ndata-styled.g1306[id=\"sc-a52c490c-7\"]{content:\"HRAfa,\"}/*!sc*/\n.jdNWUo{margin-top:48px;}/*!sc*/\ndata-styled.g1307[id=\"sc-a52c490c-8\"]{content:\"jdNWUo,\"}/*!sc*/\n</style></head><body><noscript><iframe height=\"0\" src=\"https://www.googletagmanager.com/ns.html?id=GTM-T7KMCR\" style=\"display:none;visibility:hidden\" width=\"0\"></iframe></noscript><div id=\"__next\"><div data-testid=\"habillage-wrapper\" class=\"sc-14c18770-0 hgVBYE\"><div class=\"sc-a52c490c-0 hfJcIx\"><header><div data-testid=\"header-desktop\" class=\"sc-fcc53864-0 iAMBGL\"><div class=\"sc-fcc53864-1 cMkMim\"></div><div class=\"sc-f4c9c5a5-8 fUsdyL\"><div class=\"sc-f4c9c5a5-9 gjWYsl\"><div class=\"sc-f4c9c5a5-0 chkrVH\"><div href=\"/\" class=\"sc-f4c9c5a5-4 hmoxdM\"><a href=\"/\"><svg width=\"200\" height=\"27\" viewBox=\"0 0 150 20\" fill=\"black\"><path d=\"M16.0233 8.13169C16.0954 8.20409 16.217 8.14999 16.2091 8.04792C16.0728 6.295 15.3368 4.58024 14.001 3.23951C12.6652 1.89877 10.9568 1.16002 9.21041 1.02325C9.10871 1.01528 9.05481 1.13734 9.12694 1.20974L16.0233 8.13169Z\" fill=\"black\"></path><path d=\"M16.2091 9.24467C16.217 9.14259 16.0954 9.0885 16.0233 9.16089L9.12694 16.0828C9.05481 16.1552 9.10871 16.2773 9.21041 16.2693C10.9568 16.1326 12.6652 15.3938 14.001 14.0531C15.3368 12.7123 16.0728 10.9976 16.2091 9.24467Z\" fill=\"black\"></path><path d=\"M8.10156 16.0829C8.17369 16.1552 8.11979 16.2773 8.01809 16.2693C6.27167 16.1326 4.56326 15.3938 3.22749 14.0531C1.89172 12.7123 1.15571 10.9976 1.01944 9.24467C1.01151 9.14259 1.13311 9.0885 1.20524 9.16089L8.10156 16.0829Z\" fill=\"black\"></path><path d=\"M1.01944 8.04792C1.01151 8.14999 1.13311 8.20409 1.20524 8.13169L8.10155 1.20973C8.17369 1.13734 8.11979 1.01528 8.01809 1.02325C6.27167 1.16002 4.56326 1.89877 3.22749 3.23951C1.89172 4.58024 1.15571 6.295 1.01944 8.04792Z\" fill=\"black\"></path><path d=\"M16.7282 5.97683C16.8097 6.05862 16.9417 5.97982 16.9053 5.87007C16.4902 4.6179 15.7861 3.44105 14.7932 2.44439C13.8002 1.44773 12.6277 0.741072 11.3802 0.324423C11.2708 0.287905 11.1923 0.420393 11.2738 0.502182L16.7282 5.97683Z\" fill=\"black\"></path><path d=\"M16.9053 11.4225C16.9417 11.3128 16.8097 11.234 16.7282 11.3158L11.2738 16.7904C11.1923 16.8722 11.2708 17.0047 11.3802 16.9682C12.6277 16.5515 13.8002 15.8449 14.7932 14.8482C15.7861 13.8515 16.4902 12.6747 16.9053 11.4225Z\" fill=\"black\"></path><path d=\"M5.95468 16.7904C6.03616 16.8722 5.95766 17.0047 5.84832 16.9682C4.60078 16.5515 3.42829 15.8449 2.43532 14.8482C1.44235 13.8515 0.738317 12.6747 0.323211 11.4225C0.286828 11.3128 0.418825 11.234 0.50031 11.3158L5.95468 16.7904Z\" fill=\"black\"></path><path d=\"M0.323211 5.87007C0.286828 5.97982 0.418825 6.05862 0.500311 5.97683L5.95468 0.502181C6.03616 0.420393 5.95766 0.287905 5.84832 0.324423C4.60078 0.741072 3.42829 1.44773 2.43532 2.44439C1.44235 3.44105 0.738317 4.6179 0.323211 5.87007Z\" fill=\"black\"></path><path d=\"M17.2172 13.4918C17.2682 13.3815 17.1353 13.2925 17.0497 13.3784L13.3289 17.113C13.2433 17.199 13.332 17.3324 13.4418 17.2812C14.2544 16.9024 15.0062 16.3836 15.6646 15.7228C16.3229 15.062 16.8397 14.3074 17.2172 13.4918Z\" fill=\"black\"></path><path d=\"M3.78672 0.0113651C3.89653 -0.03983 3.98525 0.0935877 3.89963 0.179525L0.178867 3.91412C0.0932487 4.00006 -0.0396753 3.91102 0.0113302 3.80079C0.388768 2.98514 0.90559 2.23056 1.56394 1.56975C2.2223 0.90895 2.97409 0.390206 3.78672 0.0113651Z\" fill=\"black\"></path><path d=\"M13.4418 0.0113729C13.332 -0.0398223 13.2433 0.093595 13.3289 0.179532L17.0496 3.91413C17.1353 4.00006 17.2682 3.91102 17.2172 3.8008C16.8397 2.98515 16.3229 2.23056 15.6646 1.56976C15.0062 0.908957 14.2544 0.390214 13.4418 0.0113729Z\" fill=\"black\"></path><path d=\"M0.011323 13.4918C-0.0396825 13.3816 0.0932415 13.2925 0.17886 13.3785L3.89962 17.113C3.98524 17.199 3.89653 17.3324 3.78671 17.2812C2.97408 16.9024 2.22229 16.3836 1.56394 15.7228C0.905583 15.062 0.38876 14.3074 0.011323 13.4918Z\" fill=\"black\"></path><path d=\"M12.5751 4.67071C14.7626 6.86637 14.7626 10.4262 12.5751 12.6219C10.3876 14.8175 6.84092 14.8175 4.6534 12.6219C2.46588 10.4262 2.46588 6.86636 4.6534 4.67071C6.84092 2.47506 10.3876 2.47506 12.5751 4.67071Z\" fill=\"black\"></path><path d=\"M97.2295 16.0054V4.86574H99.5477V16.0054H97.2295Z\" fill=\"black\"></path><path d=\"M97.168 3.36261V0.974078H99.6092V3.36261H97.168Z\" fill=\"black\"></path><path d=\"M25.6698 10.5282L23.2901 11.1048C24.0697 14.3787 26.7366 16.2731 30.3882 16.2731C33.8962 16.2731 36.3579 14.5228 36.3579 11.7431C36.3579 8.62987 33.293 8.06329 30.9588 7.6318L30.9216 7.62492L29.7112 7.41901C27.9675 7.08955 26.2648 6.73951 26.2648 5.31874C26.2648 4.10388 27.5367 3.09493 29.6086 3.09493C31.6191 3.09493 33.1371 4.0627 33.7936 6.32769L36.1528 5.75115C35.2912 2.60075 32.8294 1.01526 29.6291 1.01526C26.2442 1.01526 23.844 2.76548 23.844 5.4217C23.844 8.51032 27.0853 9.08686 29.1778 9.4575L30.4087 9.684C32.255 10.0135 33.9372 10.3635 33.9372 11.8254C33.9372 13.0815 32.6858 14.1934 30.3677 14.1934C27.8033 14.1934 26.3058 12.855 25.6698 10.5282Z\" fill=\"black\"></path><path fill-rule=\"evenodd\" clip-rule=\"evenodd\" d=\"M42.9448 4.59806C39.5189 4.59806 37.1803 6.9866 37.1803 10.4253C37.1803 13.8845 39.5805 16.2731 43.0679 16.2731C45.7143 16.2731 47.7452 14.8729 48.5248 12.6285L46.3503 11.8872C45.8374 13.3903 44.6476 14.2552 43.0474 14.2552C41.1601 14.2552 39.7856 13.0197 39.5189 11.1254H48.7094V10.487C48.7094 6.94542 46.3092 4.59806 42.9448 4.59806ZM46.3503 9.51927H39.5394C39.8677 7.74846 41.1806 6.61596 42.9859 6.61596C44.7501 6.61596 46.0425 7.70728 46.3503 9.51927Z\" fill=\"black\"></path><path d=\"M49.9289 16.0054V4.86574H52.2471V7.52196H52.2881C52.9446 5.60701 54.319 4.59806 56.4525 4.59806C59.2425 4.59806 60.6786 6.32769 60.6786 9.64282V16.0054H58.3604V9.9105C58.3604 7.72787 57.4783 6.67774 55.5909 6.67774C53.5395 6.67774 52.2471 7.91319 52.2471 9.9105V16.0054H49.9289Z\" fill=\"black\"></path><path d=\"M63.7511 12.0314L61.474 12.5667C62.192 15.0582 64.7973 16.2731 67.4232 16.2731C70.1311 16.2731 72.4903 14.9964 72.4903 12.6491C72.4903 10.2811 70.1106 9.86932 68.1412 9.53986L66.9103 9.33395C65.5769 9.12805 64.346 8.88095 64.346 7.99555C64.346 7.17192 65.3512 6.51301 66.8283 6.51301C68.2027 6.51301 69.6388 7.08955 70.049 8.53091L72.3262 7.99555C71.6287 5.68938 69.29 4.59806 66.8693 4.59806C64.2639 4.59806 62.0279 5.83351 62.0279 8.05732C62.0279 10.5076 64.7768 10.9606 66.459 11.2283L67.6899 11.4342C68.9823 11.6195 70.1926 11.846 70.1926 12.7314C70.1926 13.6168 69.0028 14.3581 67.4232 14.3581C65.9051 14.3581 64.387 13.6992 63.7511 12.0314Z\" fill=\"black\"></path><path d=\"M73.2009 8.63387C73.2009 4.12447 76.2371 1.01526 80.6682 1.01526C84.3327 1.01526 87.1079 3.18023 87.9036 6.59825L85.5472 7.11742C84.9773 4.6924 83.1737 3.21848 80.7092 3.21848C77.6731 3.21848 75.6216 5.4217 75.6216 8.65446C75.6216 11.8666 77.6731 14.0698 80.7092 14.0698C83.3346 14.0698 85.2041 12.4045 85.6187 9.7579L87.9858 10.2744C87.3349 13.9319 84.4946 16.2731 80.6682 16.2731C76.2371 16.2731 73.2009 13.1638 73.2009 8.63387Z\" fill=\"black\"></path><path d=\"M91.5528 16.0054V10.6724C91.5528 8.48973 92.64 7.33664 95.2249 7.33664H96.4558V4.86574H95.5326C93.0914 4.86574 92.1067 6.03942 91.5938 8.22205H91.5528V4.86574H89.2346V16.0054H91.5528Z\" fill=\"black\"></path><path d=\"M100.582 6.88365H102.51V11.846C102.51 15.0376 104.131 16.2731 106.469 16.2731C107.249 16.2731 108.111 16.1289 109.116 15.8818L108.767 13.8639C108.07 14.0493 107.495 14.1522 106.9 14.1522C105.69 14.1522 104.828 13.7198 104.828 11.7637V6.88365H108.952V4.86574H104.828V2.0448H102.51V4.86574H100.582V6.88365Z\" fill=\"black\"></path><path d=\"M110.011 16.0054V4.86574H112.329V16.0054H110.011Z\" fill=\"black\"></path><path d=\"M109.95 3.36261V0.974078H112.391V3.36261H109.95Z\" fill=\"black\"></path><path fill-rule=\"evenodd\" clip-rule=\"evenodd\" d=\"M118.451 4.59806C115.456 4.59806 113.589 6.80128 113.589 10.4459C113.589 14.0904 115.456 16.2731 118.451 16.2731C120.461 16.2731 122.041 15.2641 122.759 13.2874H122.8V20H125.118V4.86574H122.8V7.60432H122.759C122.041 5.6276 120.461 4.59806 118.451 4.59806ZM119.169 14.214C117.158 14.214 115.887 12.855 115.887 10.4664C115.887 8.05732 117.179 6.65715 119.169 6.65715C121.282 6.65715 122.8 8.16028 122.8 10.4459C122.8 12.7314 121.282 14.214 119.169 14.214Z\" fill=\"black\"></path><path d=\"M126.536 11.2283V4.86574H128.854V10.9606C128.854 13.1433 129.736 14.1934 131.624 14.1934C133.655 14.1934 134.967 12.9579 134.967 10.9606V4.86574H137.286V16.0054H134.967V13.3492H134.926C134.27 15.2641 132.896 16.2731 130.762 16.2731C127.972 16.2731 126.536 14.5434 126.536 11.2283Z\" fill=\"black\"></path><path fill-rule=\"evenodd\" clip-rule=\"evenodd\" d=\"M144.235 4.59806C140.809 4.59806 138.471 6.9866 138.471 10.4253C138.471 13.8845 140.871 16.2731 144.358 16.2731C147.005 16.2731 149.036 14.8729 149.815 12.6285L147.641 11.8872C147.128 13.3903 145.938 14.2552 144.338 14.2552C142.451 14.2552 141.076 13.0197 140.809 11.1254H150V10.487C150 6.94542 147.6 4.59806 144.235 4.59806ZM147.641 9.51927H140.83C141.158 7.74846 142.471 6.61596 144.276 6.61596C146.041 6.61596 147.333 7.70728 147.641 9.51927Z\" fill=\"black\"></path></svg></a></div><div class=\"sc-f4c9c5a5-5 jJMRJZ\"><div data-testid=\"header-search-bar\" tabindex=\"0\" class=\"sc-53cb0c24-0 lmLnST\"><form class=\"sc-53cb0c24-1 bHMuAI\"><div class=\"sc-53cb0c24-3 kZQHeI\"><div data-testid=\"search-bar\" class=\"sc-5305bacd-0 jcdMyw\"><div class=\"sc-5305bacd-1 OCNwk\"><input name=\"search\" autoComplete=\"off\" data-testid=\"search\" id=\"search\" type=\"text\" placeholder=\"Rechercher\" class=\"sc-5305bacd-2 kXVCNu\"/><div class=\"sc-5305bacd-3 hsbjQA\"><a data-testid=\"link\" href=\"/search\" class=\"sc-f84047c3-0 sc-d9336e28-0 tFaeB kerBeY\"><svg width=\"20\" height=\"20\" viewBox=\"0 0 24 24\" fill=\"none\" xmlns=\"http://www.w3.org/2000/svg\"><path d=\"M21 21L16.65 16.65M19 11C19 15.4183 15.4183 19 11 19C6.58172 19 3 15.4183 3 11C3 6.58172 6.58172 3 11 3C15.4183 3 19 6.58172 19 11Z\" stroke=\"#F5F5F5\" stroke-width=\"2\" stroke-linecap=\"round\" stroke-linejoin=\"round\"></path></svg></a></div></div></div></div></form></div></div><div class=\"sc-f4c9c5a5-7 jPNnol\"><div class=\"sc-8362f9ba-0 bAUUfV\"><button data-testid=\"button\" class=\"sc-f2315a90-3 gVBHtf undefined variant-default\" target=\"_self\" type=\"button\"><span class=\"sc-f84047c3-0 sc-f2315a90-8 cdFOkN khyZSq\">Se connecter</span></button><button data-testid=\"button\" class=\"sc-f2315a90-1 iKgzCM undefined variant-default\" target=\"_self\" type=\"button\"><span class=\"sc-f84047c3-0 sc-f2315a90-8 cdFOkN khyZSq currentText\" type=\"default\">S&#x27;inscrire</span></button></div></div></div></div><div class=\"sc-f4c9c5a5-2 gaFTLt\"><div class=\"sc-f4c9c5a5-0 sc-f4c9c5a5-1 chkrVH GGnOT\"><div class=\"sc-f4c9c5a5-6 bQfARq\"><div class=\"sc-dbe66972-0 jxWCYA\"><div class=\"sc-dbe66972-1 iIFVLN\"><div class=\"sc-dbe66972-2 WNaPy\"><div class=\"sc-fd6d7d76-3 bhBjYm\"><div aria-label=\"Menu de la navigation\" class=\"sc-fd6d7d76-0 cmVuOD\"><div class=\"sc-fd6d7d76-1 dHyotE\"><div class=\"sc-17010cc3-1 fQXWuj\"><a data-testid=\"link\" href=\"/films\" class=\"sc-f84047c3-0 sc-d9336e28-0 tFaeB kerBeY\"><div class=\"sc-17010cc3-8 cCGToG\"><span data-testid=\"navigation-item\" class=\"sc-f84047c3-1 sc-17010cc3-5 cgWFLv dQPVRO\">films</span></div></a><div></div></div></div><div class=\"sc-fd6d7d76-1 dHyotE\"><div class=\"sc-17010cc3-1 kGmchc\"><a data-testid=\"link\" href=\"/series\" class=\"sc-f84047c3-0 sc-d9336e28-0 tFaeB kerBeY\"><div class=\"sc-17010cc3-8 cCGToG\"><span data-testid=\"navigation-item\" class=\"sc-f84047c3-1 sc-17010cc3-5 cgWFLv dQPVRO\">s├®ries</span></div></a><div></div></div></div><div class=\"sc-fd6d7d76-1 dHyotE\"><div class=\"sc-17010cc3-1 kGmchc\"><a data-testid=\"link\" href=\"/jeuxvideo\" class=\"sc-f84047c3-0 sc-d9336e28-0 tFaeB kerBeY\"><div class=\"sc-17010cc3-8 cCGToG\"><span data-testid=\"navigation-item\" class=\"sc-f84047c3-1 sc-17010cc3-5 cgWFLv dQPVRO\">jeux vid├®o</span></div></a><div></div></div></div><div class=\"sc-fd6d7d76-1 dHyotE\"><div class=\"sc-17010cc3-1 kGmchc\"><a data-testid=\"link\" href=\"/livres\" class=\"sc-f84047c3-0 sc-d9336e28-0 tFaeB kerBeY\"><div class=\"sc-17010cc3-8 cCGToG\"><span data-testid=\"navigation-item\" class=\"sc-f84047c3-1 sc-17010cc3-5 cgWFLv dQPVRO\">livres</span></div></a><div></div></div></div><div class=\"sc-fd6d7d76-1 dHyotE\"><div class=\"sc-17010cc3-1 kGmchc\"><a data-testid=\"link\" href=\"/bd\" class=\"sc-f84047c3-0 sc-d9336e28-0 tFaeB kerBeY\"><div class=\"sc-17010cc3-8 cCGToG\"><span data-testid=\"navigation-item\" class=\"sc-f84047c3-1 sc-17010cc3-5 cgWFLv dQPVRO\">bd</span></div></a><div></div></div></div><div class=\"sc-fd6d7d76-1 dHyotE\"><div class=\"sc-17010cc3-1 kGmchc\"><a data-testid=\"link\" href=\"/musique\" class=\"sc-f84047c3-0 sc-d9336e28-0 tFaeB kerBeY\"><div class=\"sc-17010cc3-8 cCGToG\"><span data-testid=\"navigation-item\" class=\"sc-f84047c3-1 sc-17010cc3-5 cgWFLv dQPVRO\">musique</span></div></a><div></div></div></div><div class=\"sc-fd6d7d76-2 cLuPNH\"></div><div class=\"sc-fd6d7d76-1 dHyotE\"><div class=\"sc-17010cc3-1 kGmchc\"><div class=\"sc-17010cc3-8 cCGToG\"><span data-testid=\"navigation-item\" class=\"sc-f84047c3-1 sc-17010cc3-5 cgWFLv dQPVRO\">Les plus</span></div><div></div></div></div></div></div> </div></div></div></div><a data-testid=\"button\" class=\"sc-f2315a90-0 ZpnqK undefined variant-default\" href=\"/application\" target=\"_self\" type=\"button\"><div class=\"sc-f2315a90-6 bhoEiT\"><svg width=\"20\" height=\"20\" viewBox=\"0 0 20 20\" fill=\"none\" xmlns=\"http://www.w3.org/2000/svg\"><path d=\"M9.99996 14.5834H10.0083M6.83329 18.3334H13.1666C14.1 18.3334 14.5668 18.3334 14.9233 18.1518C15.2369 17.992 15.4918 17.737 15.6516 17.4234C15.8333 17.0669 15.8333 16.6002 15.8333 15.6667V4.33341C15.8333 3.39999 15.8333 2.93328 15.6516 2.57676C15.4918 2.26316 15.2369 2.00819 14.9233 1.8484C14.5668 1.66675 14.1 1.66675 13.1666 1.66675H6.83329C5.89987 1.66675 5.43316 1.66675 5.07664 1.8484C4.76304 2.00819 4.50807 2.26316 4.34828 2.57676C4.16663 2.93328 4.16663 3.39999 4.16663 4.33342V15.6667C4.16663 16.6002 4.16663 17.0669 4.34828 17.4234C4.50807 17.737 4.76304 17.992 5.07664 18.1518C5.43316 18.3334 5.89987 18.3334 6.83329 18.3334ZM10.4166 14.5834C10.4166 14.8135 10.2301 15.0001 9.99996 15.0001C9.76984 15.0001 9.58329 14.8135 9.58329 14.5834C9.58329 14.3533 9.76984 14.1667 9.99996 14.1667C10.2301 14.1667 10.4166 14.3533 10.4166 14.5834Z\" stroke=\"white\" stroke-width=\"1.66667\" stroke-linecap=\"round\" stroke-linejoin=\"round\"></path></svg></div><span class=\"sc-f84047c3-0 sc-f2315a90-8 cdFOkN khyZSq currentText\" type=\"default\">L&#x27;app mobile</span></a></div></div></div></div></header><main class=\"sc-88ea37bc-0 iYFYsU\"><div data-name=\"row\" data-testid=\"row\" class=\"sc-9096b87d-0 dJwpMk\"><div class=\"sc-9096b87d-1 jNtrde\"><div class=\"sc-14e274ff-0 dofCKu\"><div class=\"sc-acd60cef-0 iZRYsd sc-a52c490c-8 jdNWUo\"><div class=\"sc-acd60cef-1 rTpul\"><div class=\"sc-acd60cef-2 jHnYiD\"><p class=\"sc-f84047c3-1 gxTFJS\">NOUVELLE APP MOBILE.<br/>NOUVELLE EXP├ëRIENCE.</p><p class=\"sc-f84047c3-0 kuNzEW\">T├®l├®chargez lÔÇÖapp SensCritique, explorez, vibrez et partagez vos avis sur vos ┼ôuvres pr├®f├®r├®es.</p></div><div class=\"sc-837d0715-0 jRskVz sc-acd60cef-4 BYLXY\"><a target=\"_blank\" class=\"sc-837d0715-1 ioMWfa\" href=\"https://apps.apple.com/fr/app/senscritique/id6738689514\"><svg width=\"16\" height=\"20\" viewBox=\"0 0 16 20\" fill=\"none\" xmlns=\"http://www.w3.org/2000/svg\"><path d=\"M13.3636 10.6359C13.3832 9.09202 14.1985 7.63115 15.4918 6.82249C14.6759 5.6374 13.3092 4.88602 11.8874 4.84078C10.3708 4.67889 8.90062 5.76366 8.12782 5.76366C7.34007 5.76366 6.15022 4.85685 4.86895 4.88366C3.19887 4.93853 1.64194 5.90417 0.82941 7.38906C-0.917205 10.4644 0.385612 14.9841 2.05872 17.47C2.89582 18.6873 3.87414 20.047 5.15425 19.9988C6.40692 19.9459 6.87477 19.1864 8.38684 19.1864C9.88489 19.1864 10.3238 19.9988 11.6299 19.9681C12.9741 19.9459 13.821 18.7454 14.6287 17.5166C15.2301 16.6493 15.693 15.6907 16 14.6763C14.4204 13.9969 13.3654 12.3802 13.3636 10.6359Z\" fill=\"white\"></path><path d=\"M10.8966 3.20595C11.6295 2.31119 11.9906 1.16113 11.9031 0C10.7834 0.1196 9.74914 0.663834 9.00635 1.52426C8.27999 2.36494 7.90199 3.49477 7.97345 4.61152C9.09356 4.62325 10.1947 4.09376 10.8966 3.20595Z\" fill=\"white\"></path></svg><svg width=\"76\" height=\"16\" viewBox=\"0 0 76 16\" fill=\"none\" xmlns=\"http://www.w3.org/2000/svg\"><path d=\"M47.0735 1.42693V3.71795H45.6375V5.22039H47.0735V10.3254C47.0735 12.0685 47.8621 12.7658 49.846 12.7658C50.1946 12.7658 50.5267 12.7243 50.8172 12.6745V11.1887C50.5682 11.2136 50.4104 11.2302 50.1365 11.2302C49.2483 11.2302 48.8582 10.8151 48.8582 9.86883V5.22039H50.8172V3.71795H48.8582V1.42693H47.0735Z\" fill=\"white\"></path><path d=\"M55.871 12.8903C58.5107 12.8903 60.1293 11.1222 60.1293 8.19207C60.1293 5.2785 58.5024 3.50213 55.871 3.50213C53.2314 3.50213 51.6044 5.2785 51.6044 8.19207C51.6044 11.1222 53.2231 12.8903 55.871 12.8903ZM55.871 11.3049C54.3188 11.3049 53.4472 10.1677 53.4472 8.19207C53.4472 6.23309 54.3188 5.08758 55.871 5.08758C57.415 5.08758 58.2949 6.23309 58.2949 8.19207C58.2949 10.1594 57.415 11.3049 55.871 11.3049Z\" fill=\"white\"></path><path d=\"M61.5142 12.716H63.2989V7.37859C63.2989 6.10857 64.2535 5.25359 65.6065 5.25359C65.922 5.25359 66.4532 5.3117 66.6026 5.3615V3.60174C66.4117 3.55193 66.0714 3.52703 65.8057 3.52703C64.627 3.52703 63.6226 4.17449 63.3653 5.06268H63.2325V3.67645H61.5142V12.716Z\" fill=\"white\"></path><path d=\"M71.0339 5.02117C72.3537 5.02117 73.217 5.94256 73.2585 7.36199H68.6931C68.7927 5.95086 69.7141 5.02117 71.0339 5.02117ZM73.2502 10.2756C72.9182 10.9811 72.1794 11.3713 71.1003 11.3713C69.6726 11.3713 68.7512 10.3669 68.6931 8.78143V8.68182H75.0764V8.05926C75.0764 5.22039 73.5573 3.50213 71.0422 3.50213C68.4939 3.50213 66.8752 5.3366 66.8752 8.22527C66.8752 11.1139 68.4607 12.8903 71.0505 12.8903C73.1174 12.8903 74.5617 11.8942 74.9685 10.2756H73.2502Z\" fill=\"white\"></path><path d=\"M35.3699 9.37783C35.5076 11.5975 37.3574 13.0171 40.1105 13.0171C43.0529 13.0171 44.894 11.5287 44.894 9.15414C44.894 7.28718 43.8444 6.25476 41.2978 5.66111L39.9298 5.32558C38.3124 4.94702 37.6585 4.43941 37.6585 3.55325C37.6585 2.4348 38.6737 1.7035 40.1965 1.7035C41.6419 1.7035 42.6399 2.41759 42.8206 3.56186H44.6962C44.5843 1.4712 42.7432 0 40.2223 0C37.5122 0 35.7055 1.4712 35.7055 3.6823C35.7055 5.50625 36.7293 6.59029 38.9748 7.11511L40.5751 7.50227C42.2183 7.88942 42.941 8.45726 42.941 9.40364C42.941 10.5049 41.8054 11.305 40.2567 11.305C38.5963 11.305 37.4434 10.5565 37.2799 9.37783H35.3699Z\" fill=\"white\"></path><path d=\"M16.8826 3.52703C15.6541 3.52703 14.5916 4.14129 14.0437 5.17059H13.9109V3.67645H12.1927V15.7209H13.9773V11.3464H14.1185C14.5916 12.301 15.6126 12.8654 16.8992 12.8654C19.1819 12.8654 20.6346 11.0641 20.6346 8.19207C20.6346 5.32 19.1819 3.52703 16.8826 3.52703ZM16.3763 11.2634C14.8821 11.2634 13.9441 10.0846 13.9441 8.20037C13.9441 6.30779 14.8821 5.12908 16.3846 5.12908C17.8953 5.12908 18.8001 6.28289 18.8001 8.19207C18.8001 10.1096 17.8953 11.2634 16.3763 11.2634Z\" fill=\"white\"></path><path d=\"M26.8794 3.52703C25.6509 3.52703 24.5884 4.14129 24.0405 5.17059H23.9077V3.67645H22.1895V15.7209H23.9741V11.3464H24.1153C24.5884 12.301 25.6094 12.8654 26.896 12.8654C29.1787 12.8654 30.6314 11.0641 30.6314 8.19207C30.6314 5.32 29.1787 3.52703 26.8794 3.52703ZM26.3731 11.2634C24.8789 11.2634 23.9409 10.0846 23.9409 8.20037C23.9409 6.30779 24.8789 5.12908 26.3814 5.12908C27.8921 5.12908 28.7969 6.28289 28.7969 8.19207C28.7969 10.1096 27.8921 11.2634 26.3731 11.2634Z\" fill=\"white\"></path><path d=\"M8.99067 12.716H11.0383L6.55588 0.301123H4.48243L0 12.716H1.97881L3.12308 9.42085H7.85501L8.99067 12.716ZM5.42022 2.55524H5.56647L7.36461 7.80339H3.61348L5.42022 2.55524Z\" fill=\"white\"></path></svg></a><a target=\"_blank\" class=\"sc-837d0715-1 ioMWfa\" href=\"https://play.google.com/store/apps/details?id=com.senscritique.senscritique\"><svg width=\"18\" height=\"20\" viewBox=\"0 0 18 20\" fill=\"none\" xmlns=\"http://www.w3.org/2000/svg\"><path d=\"M12.8828 13.5405L1.97559 19.7388C1.53562 19.9883 1.12882 20.0517 0.799805 19.9575L10.0498 10.7065L12.8828 13.5405ZM9.34277 9.99951L0.0976562 19.2456C0.0338315 19.0605 0 18.8435 0 18.5981V1.40186C0 1.15688 0.0337983 0.939595 0.0976562 0.754395L9.34277 9.99951ZM17.1396 8.87744C18.2259 9.49481 18.2258 10.5054 17.1396 11.1235L13.7861 13.0288L10.7568 9.99951L13.7842 6.97119L17.1396 8.87744ZM0.798828 0.0415039C1.12786 -0.0530849 1.5355 0.0112265 1.97559 0.26123L12.8828 6.4585L10.0498 9.29248L0.798828 0.0415039Z\" fill=\"white\"></path></svg><svg width=\"85\" height=\"18\" viewBox=\"0 0 85 18\" fill=\"none\" xmlns=\"http://www.w3.org/2000/svg\"><path d=\"M27.094 4.704C24.742 4.704 22.825 6.493 22.825 8.957C22.825 11.406 24.742 13.21 27.094 13.21C29.447 13.21 31.364 11.406 31.364 8.957C31.363 6.493 29.446 4.704 27.094 4.704ZM27.094 11.536C25.805 11.536 24.694 10.473 24.694 8.958C24.694 7.427 25.806 6.38 27.094 6.38C28.383 6.38 29.494 7.427 29.494 8.958C29.494 10.472 28.383 11.536 27.094 11.536ZM17.78 4.704C15.428 4.704 13.511 6.493 13.511 8.957C13.511 11.406 15.428 13.21 17.78 13.21C20.133 13.21 22.05 11.406 22.05 8.957C22.05 6.493 20.133 4.704 17.78 4.704ZM17.78 11.536C16.491 11.536 15.38 10.473 15.38 8.958C15.38 7.427 16.492 6.38 17.78 6.38C19.069 6.38 20.18 7.427 20.18 8.958C20.181 10.472 19.069 11.536 17.78 11.536ZM6.702 6.01V7.814H11.02C10.891 8.829 10.553 9.57 10.037 10.085C9.409 10.713 8.426 11.406 6.702 11.406C4.044 11.406 1.966 9.263 1.966 6.605C1.966 3.947 4.044 1.804 6.702 1.804C8.136 1.804 9.183 2.368 9.956 3.093L11.229 1.82C10.149 0.789001 8.716 8.8501e-07 6.702 8.8501e-07C3.061 8.8501e-07 -1.83105e-07 2.964 -1.83105e-07 6.605C-1.83105e-07 10.246 3.061 13.21 6.702 13.21C8.667 13.21 10.15 12.565 11.309 11.357C12.501 10.165 12.872 8.489 12.872 7.136C12.872 6.718 12.84 6.331 12.775 6.009H6.702V6.01ZM52.01 7.411C51.656 6.461 50.576 4.704 48.369 4.704C46.178 4.704 44.357 6.428 44.357 8.957C44.357 11.341 46.162 13.21 48.578 13.21C50.527 13.21 51.655 12.018 52.123 11.325L50.673 10.358C50.19 11.067 49.529 11.534 48.578 11.534C47.628 11.534 46.951 11.099 46.516 10.245L52.203 7.893L52.01 7.411ZM46.21 8.829C46.162 7.185 47.483 6.348 48.434 6.348C49.175 6.348 49.803 6.719 50.013 7.25L46.21 8.829ZM41.587 12.953H43.455V0.452001H41.587V12.953ZM38.525 5.655H38.461C38.042 5.155 37.236 4.704 36.222 4.704C34.095 4.704 32.146 6.573 32.146 8.974C32.146 11.358 34.095 13.211 36.222 13.211C37.237 13.211 38.042 12.76 38.461 12.245H38.525V12.857C38.525 14.484 37.655 15.354 36.254 15.354C35.11 15.354 34.401 14.533 34.111 13.84L32.484 14.517C32.951 15.644 34.191 17.03 36.254 17.03C38.445 17.03 40.298 15.741 40.298 12.599V4.963H38.526V5.655H38.525ZM36.383 11.536C35.094 11.536 34.015 10.456 34.015 8.974C34.015 7.475 35.094 6.38 36.383 6.38C37.655 6.38 38.654 7.475 38.654 8.974C38.654 10.456 37.655 11.536 36.383 11.536ZM60.764 0.452001H56.293V12.953H58.158V8.217H60.763C62.831 8.217 64.865 6.72 64.865 4.335C64.865 1.95 62.832 0.452001 60.764 0.452001ZM60.812 6.477H58.158V2.192H60.812C62.207 2.192 62.999 3.347 62.999 4.335C62.999 5.303 62.207 6.477 60.812 6.477ZM72.344 4.682C70.993 4.682 69.594 5.277 69.015 6.596L70.671 7.287C71.025 6.596 71.685 6.37 72.376 6.37C73.341 6.37 74.322 6.949 74.338 7.978V8.107C74 7.914 73.276 7.625 72.392 7.625C70.607 7.625 68.789 8.606 68.789 10.439C68.789 12.112 70.253 13.189 71.893 13.189C73.147 13.189 73.839 12.626 74.273 11.966H74.337V12.931H76.139V8.138C76.14 5.92 74.482 4.682 72.344 4.682ZM72.118 11.533C71.508 11.533 70.655 11.227 70.655 10.471C70.655 9.506 71.717 9.136 72.634 9.136C73.453 9.136 73.84 9.313 74.338 9.554C74.193 10.713 73.196 11.533 72.118 11.533ZM82.701 4.955L80.562 10.375H80.498L78.278 4.955H76.268L79.597 12.53L77.699 16.744H79.645L84.776 4.955H82.701ZM65.895 12.953H67.76V0.452001H65.895V12.953Z\" fill=\"white\"></path></svg></a></div><a data-testid=\"button\" class=\"sc-f2315a90-2 ibAjUU undefined variant-default\" href=\"/application\" target=\"_self\" type=\"button\"><span class=\"sc-f84047c3-0 sc-f2315a90-8 guEVjz khyZSq\">En savoir plus</span><div class=\"sc-f2315a90-6 bhoEiT\"><svg width=\"20\" height=\"20\" viewBox=\"0 0 20 20\" fill=\"white\" xmlns=\"http://www.w3.org/2000/svg\" style=\"transform:rotate(180deg)\"><path d=\"M15.8337 9.99984H4.16699M4.16699 9.99984L10.0003 15.8332M4.16699 9.99984L10.0003 4.1665\" stroke=\"white\" stroke-width=\"1.66667\" stroke-linecap=\"round\" stroke-linejoin=\"round\"></path></svg></div></a></div><div class=\"sc-acd60cef-3 dkGrjY\"><img alt=\"Application SensCritique\" fetchpriority=\"high\" decoding=\"async\" data-nimg=\"fill\" style=\"position:absolute;height:100%;width:100%;left:0;top:0;right:0;bottom:0;object-fit:contain;color:transparent\" src=\"/application/pub/application-desktop.png\"/></div></div></div></div></div><div data-name=\"row\" data-testid=\"row\" class=\"sc-9096b87d-0 cimZIW\"><div class=\"sc-9096b87d-1 jNtrde\"><div class=\"sc-14e274ff-0 dofCKu\"><div data-testid=\"home-carousel\" class=\"sc-64d0d03f-1 cdOjYM\"><div class=\"sc-64d0d03f-2 NJXyu\"><div data-rel=\"sc-billboard-item\" data-sc-billboard-id=\"4008\" data-sc-billboard-title=\"4008 - Les nomm├®s\" class=\"sc-64d0d03f-3 iHfzun\"><a data-testid=\"home-carousel-item\" href=\"/liste/cesar_2026_la_selection/4257733?mode=preview\" class=\"sc-977697b1-0 eTzZtL\"><div class=\"sc-977697b1-4 dYZyfW\"><div class=\"sc-977697b1-1 iATujl\"><span style=\"box-sizing:border-box;display:block;overflow:hidden;width:initial;height:initial;background:none;opacity:1;border:0;margin:0;padding:0;position:absolute;top:0;left:0;bottom:0;right:0\"><img alt=\"Les nomm├®s\" src=\"https://media.senscritique.com/media/media/000023439340/350x197/cover.png\" decoding=\"async\" data-nimg=\"fill\" style=\"position:absolute;top:0;left:0;bottom:0;right:0;box-sizing:border-box;padding:0;border:none;margin:auto;display:block;width:0;height:0;min-width:100%;max-width:100%;min-height:100%;max-height:100%\"/></span></div></div><div href=\"/liste/cesar_2026_la_selection/4257733?mode=preview\" class=\"sc-977697b1-3 fAhUxE\"><p class=\"sc-f84047c3-0 sc-977697b1-2 tFaeB jEVhRg description\">C├®sar 2026 : La surprise \"Nouvelle vague\", \"L'attachement\"... D├®couvrez la liste compl├¿te des nominations !</p><p class=\"sc-f84047c3-0 sc-977697b1-2 tFaez jEVhRg\">Les nomm├®s</p></div></a></div><div data-rel=\"sc-billboard-item\" data-sc-billboard-id=\"4006\" data-sc-billboard-title=\"4006 - ├Ç vos votes ! \" class=\"sc-64d0d03f-3 iHfzun\"><a data-testid=\"home-carousel-item\" href=\"https://www.festivalnikon.fr/films\" target=\"_blank\" class=\"sc-977697b1-0 eTzZtL\"><div class=\"sc-977697b1-4 dYZyfW\"><div class=\"sc-977697b1-1 iATujl\"><span style=\"box-sizing:border-box;display:block;overflow:hidden;width:initial;height:initial;background:none;opacity:1;border:0;margin:0;padding:0;position:absolute;top:0;left:0;bottom:0;right:0\"><img alt=\"├Ç vos votes ! \" src=\"https://media.senscritique.com/media/media/000023436602/350x197/cover.jpg\" decoding=\"async\" data-nimg=\"fill\" style=\"position:absolute;top:0;left:0;bottom:0;right:0;box-sizing:border-box;padding:0;border:none;margin:auto;display:block;width:0;height:0;min-width:100%;max-width:100%;min-height:100%;max-height:100%\"/></span></div></div><div href=\"https://www.festivalnikon.fr/films\" target=\"_blank\" class=\"sc-977697b1-3 fAhUxE\"><p class=\"sc-f84047c3-0 sc-977697b1-2 tFaeB jEVhRg description\">Le Nikon Film Festival est de retour pour sa 16ßÁë ├®dition : \nsoutenez d├¿s maintenant vos films favoris !\n\n\n</p><p class=\"sc-f84047c3-0 sc-977697b1-2 tFaez jEVhRg\">├Ç vos votes ! </p></div></a></div><div data-rel=\"sc-billboard-item\" data-sc-billboard-id=\"4005\" data-sc-billboard-title=\"4005 - Participez au sondage\" class=\"sc-64d0d03f-3 iHfzun\"><a data-testid=\"home-carousel-item\" href=\"/top/resultats/les_meilleures_series_sur_le_cinema/4255413\" class=\"sc-977697b1-0 eTzZtL\"><div class=\"sc-977697b1-4 dYZyfW\"><div class=\"sc-977697b1-1 iATujl\"><span style=\"box-sizing:border-box;display:block;overflow:hidden;width:initial;height:initial;background:none;opacity:1;border:0;margin:0;padding:0;position:absolute;top:0;left:0;bottom:0;right:0\"><img alt=\"Participez au sondage\" src=\"https://media.senscritique.com/media/media/000023435812/350x197/cover.png\" decoding=\"async\" data-nimg=\"fill\" style=\"position:absolute;top:0;left:0;bottom:0;right:0;box-sizing:border-box;padding:0;border:none;margin:auto;display:block;width:0;height:0;min-width:100%;max-width:100%;min-height:100%;max-height:100%\"/></span></div></div><div href=\"/top/resultats/les_meilleures_series_sur_le_cinema/4255413\" class=\"sc-977697b1-3 fAhUxE\"><p class=\"sc-f84047c3-0 sc-977697b1-2 tFaeB jEVhRg description\">Quelles sont les meilleures s├®ries sur le cin├®ma ?</p><p class=\"sc-f84047c3-0 sc-977697b1-2 tFaez jEVhRg\">Participez au sondage</p></div></a></div></div></div></div></div></div><div class=\"sc-f52bf7ce-0 ggPxmV sc-d2f2208d-0 iqxCDz\" data-testid=\"section\"><div id=\"cgDisplay_1\"></div></div><div data-name=\"row\" data-testid=\"row\" class=\"sc-9096b87d-0 dJwpMk\"><div class=\"sc-9096b87d-1 jNtrde\"><div class=\"sc-14e274ff-0 gnGvza\"><h1 class=\"sc-f84047c3-1 sc-a52c490c-7 fApJoI HRAfa\">├Ç l&#x27;affiche sur SensCritique</h1><div data-testid=\"section\" class=\"sc-f52bf7ce-0 ggPxkY\"><div data-testid=\"section\" class=\"sc-f52bf7ce-0 ggPxkY\"><div data-testid=\"navigation-tab\" class=\"sc-c2537e02-0 uWJhh\"><div><div class=\"sc-c2537e02-1 gRwQlC\"><div data-testid=\"section-title\" class=\"sc-f84047c3-1 sc-a62dc7b5-0 dTaJmo jyOKGd\"><p data-testid=\"navigation-tab-text\" class=\"sc-c2537e02-6 cZxzuO\"><span>Critiques populaires</span></p></div></div></div></div><div class=\"sc-a52c490c-3 gdnYEo\"><article data-testid=\"review-overview\" class=\"sc-4981cf43-0 orHLv\"><div class=\"sc-4981cf43-1 iCjhCz\"><div class=\"sc-4981cf43-2 dlMDlE\"><div data-testid=\"poster\" height=\"54\" width=\"39.705882352941174\" class=\"sc-65be26a3-1 iriqPm\"><a data-testid=\"poster\" height=\"54\" width=\"39.705882352941174\" href=\"/film/gladiator/430683\" class=\"sc-65be26a3-2 kaLzDd\"><span data-testid=\"poster-img-wrapper\" data-srcname=\"https://media.senscritique.com/media/000022446652/60/gladiator.png\" class=\"sc-65be26a3-10 hUyHac\"><img alt=\"Gladiator\" data-testid=\"poster-img\" data-cfstyle=\"22222\" loading=\"lazy\" width=\"39.705882352941174\" height=\"54\" decoding=\"async\" data-nimg=\"1\" style=\"color:transparent\" src=\"https://media.senscritique.com/media/000022446652/60/gladiator.png\"/></span></a></div><p class=\"sc-f84047c3-0 tFaeA\">Gladiator</p></div><div class=\"sc-4981cf43-3 Eipa-D\"><div class=\"sc-4981cf43-5 dsQqaI\"><p class=\"sc-f84047c3-1 sc-4981cf43-6 cgWFLw iYmIS\">10</p><div data-testid=\"user-infos-hover\" class=\"sc-48986368-0 bgisMe\"><div class=\"sc-4981cf43-4 jBdyeZ\"><div data-testid=\"avatar\" class=\"sc-fbb9f6f9-0 ddyUaE\"><a data-srcname=\"https://media.senscritique.com/media/media/000023069665/48x48/avatar.jpg\" data-testid=\"avatar-img-wrapper\" href=\"/Pierre-Amo-Parfois\" class=\"sc-fbb9f6f9-1 fpLesp\"><span style=\"box-sizing:border-box;display:inline-block;overflow:hidden;width:initial;height:initial;background:none;opacity:1;border:0;margin:0;padding:0;position:relative;max-width:100%\"><span style=\"box-sizing:border-box;display:block;width:initial;height:initial;background:none;opacity:1;border:0;margin:0;padding:0;max-width:100%\"><img style=\"display:block;max-width:100%;width:initial;height:initial;background:none;opacity:1;border:0;margin:0;padding:0\" alt=\"\" aria-hidden=\"true\" src=\"data:image/svg+xml,%3csvg%20xmlns=%27http://www.w3.org/2000/svg%27%20version=%271.1%27%20width=%2732%27%20height=%2732%27/%3e\"/></span><img alt=\"Pierre-Amo-Parfois\" data-cfstyle=\"22222\" src=\"data:image/gif;base64,R0lGODlhAQABAIAAAAAAAP///yH5BAEAAAAALAAAAAABAAEAAAIBRAA7\" decoding=\"async\" data-nimg=\"intrinsic\" class=\"sc-fbb9f6f9-6 gFZnuB\" style=\"position:absolute;top:0;left:0;bottom:0;right:0;box-sizing:border-box;padding:0;border:none;margin:auto;display:block;width:0;height:0;min-width:100%;max-width:100%;min-height:100%;max-height:100%;object-fit:cover\"/><noscript><img alt=\"Pierre-Amo-Parfois\" data-cfstyle=\"22222\" loading=\"lazy\" decoding=\"async\" data-nimg=\"intrinsic\" style=\"position:absolute;top:0;left:0;bottom:0;right:0;box-sizing:border-box;padding:0;border:none;margin:auto;display:block;width:0;height:0;min-width:100%;max-width:100%;min-height:100%;max-height:100%;object-fit:cover\" class=\"sc-fbb9f6f9-6 gFZnuB\" src=\"https://media.senscritique.com/media/media/000023069665/48x48/avatar.jpg\"/></noscript></span></a></div><div><div class=\"sc-8cd009fd-0 fteRdx sc-4981cf43-13 dwhFCW\" data-testid=\"username\"><div class=\"sc-8cd009fd-1 iWHKAA\"><a href=\"/Pierre-Amo-Parfois\" type=\"default\" class=\"sc-f84047c3-0 sc-8cd009fd-2 cdFOkL iYCPxv\">Pierre-Amo-Parfois</a></div></div><p class=\"sc-f84047c3-0 sc-4981cf43-15 cdFOkL kHCsCY\">968 critiques</p></div></div></div></div></div><div class=\"sc-4981cf43-8 chSdQx\"><p data-testid=\"reviewTitle\" type=\"default\" class=\"sc-f84047c3-1 sc-4981cf43-7 eLjdYs dECQcz\">Un des premiers chefs d&#x27;oeuvres du 21├¿me si├¿cle? Hommage au management par l&#x27;exemple:</p><div><p class=\"sc-1abd7b43-0 cFbIWV sc-3decf6b2-1 fGnRTw\" data-testid=\"linkify\"><span data-testid=\"linkify-text\" type=\"default\" class=\"sc-f84047c3-2 kLRefM\">Trois remarques :Encore revu, enregistr├® sur TFX, 3 heures.Quel chef d'oeuvre. Totalement actuel et contemporain alors qu'un ┬½p├®plum┬╗. Le connaissant, je regarde d├®sormais mieux les d├®cors, les...</span></p></div><div class=\"sc-4981cf43-10 irItok\"><a class=\"sc-f84047c3-0 sc-d9336e28-0 tFaeB kerBeY link\" data-testid=\"link\" href=\"/film/gladiator/critique/61796697\">Lire la critique</a></div><p class=\"sc-f84047c3-0 sc-3b5d9ff1-0 cdFOkL jQmmju sc-4981cf43-11 lgmYqM\" type=\"default\"><span style=\"position:relative\">il y a 2 jours</span></p></div></div><div class=\"sc-4981cf43-12 ksKood\"><div class=\"sc-4981cf43-9 huSgtR\"><button data-testid=\"likes-number\" class=\"sc-f2315a90-3 esNlzG sc-b447a373-3 kOhZgU variant-default\" target=\"_self\" type=\"button\"><div class=\"sc-f2315a90-6 bhoEiT\"><div data-testid=\"like-icon-wrapper\" class=\"sc-b447a373-2 fNJmKB\"><svg width=\"20\" height=\"20\" viewBox=\"0 0 20 20\" fill=\"none\" data-testid=\"icon-heart\"><path fill-rule=\"evenodd\" clip-rule=\"evenodd\" d=\"M9.99462 4.27985C8.32849 2.332 5.55011 1.80804 3.46257 3.59168C1.37503 5.37532 1.08113 8.35748 2.72049 10.467C4.08351 12.2209 8.20847 15.9201 9.56041 17.1174C9.71166 17.2513 9.78729 17.3183 9.8755 17.3446C9.9525 17.3676 10.0367 17.3676 10.1137 17.3446C10.2019 17.3183 10.2776 17.2513 10.4288 17.1174C11.7808 15.9201 15.9057 12.2209 17.2687 10.467C18.9081 8.35748 18.6501 5.35656 16.5267 3.59168C14.4032 1.8268 11.6607 2.332 9.99462 4.27985Z\" stroke=\"#344054\" stroke-width=\"1.66667\" stroke-linecap=\"round\" stroke-linejoin=\"round\"></path></svg></div></div><span class=\"sc-f84047c3-0 sc-f2315a90-8 cdFOkN khyZSq\">13 j&#x27;aime</span></button><button data-testid=\"comments-number\" class=\"sc-f2315a90-3 esNlzG sc-3277dfb-2 jkvVGA variant-default\" target=\"_self\" type=\"button\"><div class=\"sc-f2315a90-6 bhoEiT\"><svg width=\"20\" height=\"20\" viewBox=\"0 0 20 20\" fill=\"none\" xmlns=\"http://www.w3.org/2000/svg\"><path d=\"M2.5 6.5C2.5 5.09987 2.5 4.3998 2.77248 3.86502C3.01217 3.39462 3.39462 3.01217 3.86502 2.77248C4.3998 2.5 5.09987 2.5 6.5 2.5H13.5C14.9001 2.5 15.6002 2.5 16.135 2.77248C16.6054 3.01217 16.9878 3.39462 17.2275 3.86502C17.5 4.3998 17.5 5.09987 17.5 6.5V11C17.5 12.4001 17.5 13.1002 17.2275 13.635C16.9878 14.1054 16.6054 14.4878 16.135 14.7275C15.6002 15 14.9001 15 13.5 15H11.4031C10.8831 15 10.6231 15 10.3743 15.051C10.1537 15.0963 9.94017 15.1712 9.73957 15.2737C9.51347 15.3892 9.31043 15.5517 8.90434 15.8765L6.91646 17.4668C6.56973 17.7442 6.39636 17.8829 6.25045 17.8831C6.12356 17.8832 6.00352 17.8255 5.92436 17.7263C5.83333 17.6123 5.83333 17.3903 5.83333 16.9463V15C5.05836 15 4.67087 15 4.35295 14.9148C3.49022 14.6836 2.81635 14.0098 2.58519 13.147C2.5 12.8291 2.5 12.4416 2.5 11.6667V6.5Z\" stroke=\"#344054\" stroke-width=\"1.66667\" stroke-linecap=\"round\" stroke-linejoin=\"round\"></path></svg></div><span class=\"sc-f84047c3-0 sc-f2315a90-8 cdFOkN khyZSq\">3</span></button><button data-testid=\"button\" class=\"sc-f2315a90-3 esNlzG sc-4981cf43-14 cbnZzw variant-default\" target=\"_self\" type=\"button\"><div class=\"sc-f2315a90-6 bhoEiT\"><svg width=\"20\" height=\"20\" viewBox=\"0 0 20 20\" fill=\"none\" xmlns=\"http://www.w3.org/2000/svg\"><path d=\"M2.5 9.16667L2.5 17.5M12.5 9.16667L12.5 17.5M7.5 2.5L7.5 17.5M17.5 2.5V17.5\" stroke=\"#344054\" stroke-width=\"1.66667\" stroke-linecap=\"round\" stroke-linejoin=\"round\"></path></svg></div><span class=\"sc-f84047c3-0 sc-f2315a90-8 cdFOkN khyZSq\">26</span></button></div></div></article><article data-testid=\"review-overview\" class=\"sc-4981cf43-0 orHLv\"><div class=\"sc-4981cf43-1 iCjhCz\"><div class=\"sc-4981cf43-2 dlMDlE\"><div data-testid=\"poster\" height=\"54\" width=\"35.56231003039514\" class=\"sc-65be26a3-1 jRSwsu\"><a data-testid=\"poster\" height=\"54\" width=\"35.56231003039514\" href=\"/bd/skywalker_passe_a_l_attaque_star_wars_2015_tome_1/15416927\" class=\"sc-65be26a3-2 hacRxp\"><span data-testid=\"poster-img-wrapper\" data-srcname=\"https://media.senscritique.com/media/000013500576/60/skywalker_passe_a_l_attaque_star_wars_2015_tome_1.jpg\" class=\"sc-65be26a3-10 hUyHac\"><img alt=\"Skywalker passe ├á l&#x27;attaque - Star Wars (2015), tome 1\" data-testid=\"poster-img\" data-cfstyle=\"22222\" loading=\"lazy\" width=\"35.56231003039514\" height=\"54\" decoding=\"async\" data-nimg=\"1\" style=\"color:transparent\" src=\"https://media.senscritique.com/media/000013500576/60/skywalker_passe_a_l_attaque_star_wars_2015_tome_1.jpg\"/></span></a></div><p class=\"sc-f84047c3-0 tFaeA\">Skywalker passe ├á l&#x27;attaque - Star Wars (2015), tome 1</p></div><div class=\"sc-4981cf43-3 Eipa-D\"><div class=\"sc-4981cf43-5 dsQqaI\"><p class=\"sc-f84047c3-1 sc-4981cf43-6 cgWFLw iYmIS\">9</p><div data-testid=\"user-infos-hover\" class=\"sc-48986368-0 bgisMe\"><div class=\"sc-4981cf43-4 jBdyeZ\"><div data-testid=\"avatar\" class=\"sc-fbb9f6f9-0 ddyUaE\"><a data-srcname=\"https://media.senscritique.com/media/media/000023407980/48x48/avatar.gif\" data-testid=\"avatar-img-wrapper\" href=\"/B_J%C3%A9r%C3%A9my\" class=\"sc-fbb9f6f9-1 fpLesp\"><span style=\"box-sizing:border-box;display:inline-block;overflow:hidden;width:initial;height:initial;background:none;opacity:1;border:0;margin:0;padding:0;position:relative;max-width:100%\"><span style=\"box-sizing:border-box;display:block;width:initial;height:initial;background:none;opacity:1;border:0;margin:0;padding:0;max-width:100%\"><img style=\"display:block;max-width:100%;width:initial;height:initial;background:none;opacity:1;border:0;margin:0;padding:0\" alt=\"\" aria-hidden=\"true\" src=\"data:image/svg+xml,%3csvg%20xmlns=%27http://www.w3.org/2000/svg%27%20version=%271.1%27%20width=%2732%27%20height=%2732%27/%3e\"/></span><img alt=\"B_J├®r├®my\" data-cfstyle=\"22222\" src=\"data:image/gif;base64,R0lGODlhAQABAIAAAAAAAP///yH5BAEAAAAALAAAAAABAAEAAAIBRAA7\" decoding=\"async\" data-nimg=\"intrinsic\" class=\"sc-fbb9f6f9-6 gFZnuB\" style=\"position:absolute;top:0;left:0;bottom:0;right:0;box-sizing:border-box;padding:0;border:none;margin:auto;display:block;width:0;height:0;min-width:100%;max-width:100%;min-height:100%;max-height:100%;object-fit:cover\"/><noscript><img alt=\"B_J├®r├®my\" data-cfstyle=\"22222\" loading=\"lazy\" decoding=\"async\" data-nimg=\"intrinsic\" style=\"position:absolute;top:0;left:0;bottom:0;right:0;box-sizing:border-box;padding:0;border:none;margin:auto;display:block;width:0;height:0;min-width:100%;max-width:100%;min-height:100%;max-height:100%;object-fit:cover\" class=\"sc-fbb9f6f9-6 gFZnuB\" src=\"https://media.senscritique.com/media/media/000023407980/48x48/avatar.gif\"/></noscript></span></a></div><div><div class=\"sc-8cd009fd-0 fteRdx sc-4981cf43-13 dwhFCW\" data-testid=\"username\"><div class=\"sc-8cd009fd-1 iWHKAA\"><a href=\"/B_J├®r├®my\" type=\"default\" class=\"sc-f84047c3-0 sc-8cd009fd-2 cdFOkL iYCPxv\">B_J├®r├®my</a></div></div><p class=\"sc-f84047c3-0 sc-4981cf43-15 cdFOkL kHCsCY\">808 critiques</p></div></div></div></div></div><div class=\"sc-4981cf43-8 chSdQx\"><p data-testid=\"reviewTitle\" type=\"default\" class=\"sc-f84047c3-1 sc-4981cf43-7 eLjdYs dECQcz\">Apr├¿s Un Nouvel Espoir, la Force reprend vie en BD</p><div><p class=\"sc-1abd7b43-0 cFbIWV sc-3decf6b2-1 fGnRTw\" data-testid=\"linkify\"><span data-testid=\"linkify-text\" type=\"default\" class=\"sc-f84047c3-2 kLRefM\">- ┬½ LukeÔÇª ┬╗ - Ben ? Ben, cÔÇÖest vous ? Ben, il est ici. Dark Vador. LÔÇÖhomme qui a tu├® mon p├¿re. Qui vous a tu├®. Je dois lÔÇÖaffronter. Je dois en finir. - ┬½ LukeÔÇª Ecoute-moi attentivementÔÇª Cours. ┬╗- Tu...</span></p></div><div class=\"sc-4981cf43-10 irItok\"><a class=\"sc-f84047c3-0 sc-d9336e28-0 tFaeB kerBeY link\" data-testid=\"link\" href=\"/bd/skywalker_passe_a_l_attaque_star_wars_2015_tome_1/critique/335327399\">Lire la critique</a></div><p class=\"sc-f84047c3-0 sc-3b5d9ff1-0 cdFOkL jQmmju sc-4981cf43-11 lgmYqM\" type=\"default\"><span style=\"position:relative\">le 24 janv. 2026</span></p></div></div><div class=\"sc-4981cf43-12 ksKood\"><div class=\"sc-4981cf43-9 huSgtR\"><button data-testid=\"likes-number\" class=\"sc-f2315a90-3 esNlzG sc-b447a373-3 kOhZgU variant-default\" target=\"_self\" type=\"button\"><div class=\"sc-f2315a90-6 bhoEiT\"><div data-testid=\"like-icon-wrapper\" class=\"sc-b447a373-2 fNJmKB\"><svg width=\"20\" height=\"20\" viewBox=\"0 0 20 20\" fill=\"none\" data-testid=\"icon-heart\"><path fill-rule=\"evenodd\" clip-rule=\"evenodd\" d=\"M9.99462 4.27985C8.32849 2.332 5.55011 1.80804 3.46257 3.59168C1.37503 5.37532 1.08113 8.35748 2.72049 10.467C4.08351 12.2209 8.20847 15.9201 9.56041 17.1174C9.71166 17.2513 9.78729 17.3183 9.8755 17.3446C9.9525 17.3676 10.0367 17.3676 10.1137 17.3446C10.2019 17.3183 10.2776 17.2513 10.4288 17.1174C11.7808 15.9201 15.9057 12.2209 17.2687 10.467C18.9081 8.35748 18.6501 5.35656 16.5267 3.59168C14.4032 1.8268 11.6607 2.332 9.99462 4.27985Z\" stroke=\"#344054\" stroke-width=\"1.66667\" stroke-linecap=\"round\" stroke-linejoin=\"round\"></path></svg></div></div><span class=\"sc-f84047c3-0 sc-f2315a90-8 cdFOkN khyZSq\">30 j&#x27;aime</span></button><button data-testid=\"comments-number\" class=\"sc-f2315a90-3 esNlzG sc-3277dfb-2 jkvVGA variant-default\" target=\"_self\" type=\"button\"><div class=\"sc-f2315a90-6 bhoEiT\"><svg width=\"20\" height=\"20\" viewBox=\"0 0 20 20\" fill=\"none\" xmlns=\"http://www.w3.org/2000/svg\"><path d=\"M2.5 6.5C2.5 5.09987 2.5 4.3998 2.77248 3.86502C3.01217 3.39462 3.39462 3.01217 3.86502 2.77248C4.3998 2.5 5.09987 2.5 6.5 2.5H13.5C14.9001 2.5 15.6002 2.5 16.135 2.77248C16.6054 3.01217 16.9878 3.39462 17.2275 3.86502C17.5 4.3998 17.5 5.09987 17.5 6.5V11C17.5 12.4001 17.5 13.1002 17.2275 13.635C16.9878 14.1054 16.6054 14.4878 16.135 14.7275C15.6002 15 14.9001 15 13.5 15H11.4031C10.8831 15 10.6231 15 10.3743 15.051C10.1537 15.0963 9.94017 15.1712 9.73957 15.2737C9.51347 15.3892 9.31043 15.5517 8.90434 15.8765L6.91646 17.4668C6.56973 17.7442 6.39636 17.8829 6.25045 17.8831C6.12356 17.8832 6.00352 17.8255 5.92436 17.7263C5.83333 17.6123 5.83333 17.3903 5.83333 16.9463V15C5.05836 15 4.67087 15 4.35295 14.9148C3.49022 14.6836 2.81635 14.0098 2.58519 13.147C2.5 12.8291 2.5 12.4416 2.5 11.6667V6.5Z\" stroke=\"#344054\" stroke-width=\"1.66667\" stroke-linecap=\"round\" stroke-linejoin=\"round\"></path></svg></div><span class=\"sc-f84047c3-0 sc-f2315a90-8 cdFOkN khyZSq\">18</span></button><button data-testid=\"button\" class=\"sc-f2315a90-3 esNlzG sc-4981cf43-14 cbnZzw variant-default\" target=\"_self\" type=\"button\"><div class=\"sc-f2315a90-6 bhoEiT\"><svg width=\"20\" height=\"20\" viewBox=\"0 0 20 20\" fill=\"none\" xmlns=\"http://www.w3.org/2000/svg\"><path d=\"M2.5 9.16667L2.5 17.5M12.5 9.16667L12.5 17.5M7.5 2.5L7.5 17.5M17.5 2.5V17.5\" stroke=\"#344054\" stroke-width=\"1.66667\" stroke-linecap=\"round\" stroke-linejoin=\"round\"></path></svg></div><span class=\"sc-f84047c3-0 sc-f2315a90-8 cdFOkN khyZSq\">57</span></button></div></div></article><article data-testid=\"review-overview\" class=\"sc-4981cf43-0 orHLv\"><div class=\"sc-4981cf43-1 iCjhCz\"><div class=\"sc-4981cf43-2 dlMDlE\"><div data-testid=\"poster\" height=\"54\" width=\"35.399129172714076\" class=\"sc-65be26a3-1 kBMbwG\"><a data-testid=\"poster\" height=\"54\" width=\"35.399129172714076\" href=\"/bd/boruto_naruto_next_generations/23246908\" class=\"sc-65be26a3-2 dLwEhZ\"><span data-testid=\"poster-img-wrapper\" data-srcname=\"https://media.senscritique.com/media/000019220976/60/boruto_naruto_next_generations.jpg\" class=\"sc-65be26a3-10 hUyHac\"><img alt=\"Boruto: Naruto Next Generations\" data-testid=\"poster-img\" data-cfstyle=\"22222\" loading=\"lazy\" width=\"35.399129172714076\" height=\"54\" decoding=\"async\" data-nimg=\"1\" style=\"color:transparent\" src=\"https://media.senscritique.com/media/000019220976/60/boruto_naruto_next_generations.jpg\"/></span></a></div><p class=\"sc-f84047c3-0 tFaeA\">Boruto: Naruto Next Generations</p></div><div class=\"sc-4981cf43-3 Eipa-D\"><div class=\"sc-4981cf43-5 dsQqaI\"><p class=\"sc-f84047c3-1 sc-4981cf43-6 cgWFLw iYmIS\">2</p><div data-testid=\"user-infos-hover\" class=\"sc-48986368-0 bgisMe\"><div class=\"sc-4981cf43-4 jBdyeZ\"><div data-testid=\"avatar\" class=\"sc-fbb9f6f9-0 ddyUaE\"><a data-srcname=\"https://media.senscritique.com/media/media/000011034521/48x48/avatar.jpg\" data-testid=\"avatar-img-wrapper\" href=\"/Jahl\" class=\"sc-fbb9f6f9-1 fpLesp\"><span style=\"box-sizing:border-box;display:inline-block;overflow:hidden;width:initial;height:initial;background:none;opacity:1;border:0;margin:0;padding:0;position:relative;max-width:100%\"><span style=\"box-sizing:border-box;display:block;width:initial;height:initial;background:none;opacity:1;border:0;margin:0;padding:0;max-width:100%\"><img style=\"display:block;max-width:100%;width:initial;height:initial;background:none;opacity:1;border:0;margin:0;padding:0\" alt=\"\" aria-hidden=\"true\" src=\"data:image/svg+xml,%3csvg%20xmlns=%27http://www.w3.org/2000/svg%27%20version=%271.1%27%20width=%2732%27%20height=%2732%27/%3e\"/></span><img alt=\"Jahl\" data-cfstyle=\"22222\" src=\"data:image/gif;base64,R0lGODlhAQABAIAAAAAAAP///yH5BAEAAAAALAAAAAABAAEAAAIBRAA7\" decoding=\"async\" data-nimg=\"intrinsic\" class=\"sc-fbb9f6f9-6 gFZnuB\" style=\"position:absolute;top:0;left:0;bottom:0;right:0;box-sizing:border-box;padding:0;border:none;margin:auto;display:block;width:0;height:0;min-width:100%;max-width:100%;min-height:100%;max-height:100%;object-fit:cover\"/><noscript><img alt=\"Jahl\" data-cfstyle=\"22222\" loading=\"lazy\" decoding=\"async\" data-nimg=\"intrinsic\" style=\"position:absolute;top:0;left:0;bottom:0;right:0;box-sizing:border-box;padding:0;border:none;margin:auto;display:block;width:0;height:0;min-width:100%;max-width:100%;min-height:100%;max-height:100%;object-fit:cover\" class=\"sc-fbb9f6f9-6 gFZnuB\" src=\"https://media.senscritique.com/media/media/000011034521/48x48/avatar.jpg\"/></noscript></span></a></div><div><div class=\"sc-8cd009fd-0 fteRdx sc-4981cf43-13 dwhFCW\" data-testid=\"username\"><div class=\"sc-8cd009fd-1 iWHKAA\"><a href=\"/Jahl\" type=\"default\" class=\"sc-f84047c3-0 sc-8cd009fd-2 cdFOkL iYCPxv\">Jahl</a></div></div><p class=\"sc-f84047c3-0 sc-4981cf43-15 cdFOkL kHCsCY\">4 critiques</p></div></div></div></div></div><div class=\"sc-4981cf43-8 chSdQx\"><p data-testid=\"reviewTitle\" type=\"default\" class=\"sc-f84047c3-1 sc-4981cf43-7 eLjdYs dECQcz\">Outil scientifique ninja</p><div><p class=\"sc-1abd7b43-0 cFbIWV sc-3decf6b2-1 fGnRTw\" data-testid=\"linkify\"><span data-testid=\"linkify-text\" type=\"default\" class=\"sc-f84047c3-2 kLRefM\">Boruto est souvent utilis├® comme exemple de bonne suite ├á l'oppos├® de Dragon Ball Super. Certes, ce n'est pas au niveau catastrophique de DBS mais de l├á ├á parler de bonne suite... Tout d'abord au...</span></p></div><div class=\"sc-4981cf43-10 irItok\"><a class=\"sc-f84047c3-0 sc-d9336e28-0 tFaeB kerBeY link\" data-testid=\"link\" href=\"/bd/boruto_naruto_next_generations/critique/223404022\">Lire la critique</a></div><p class=\"sc-f84047c3-0 sc-3b5d9ff1-0 cdFOkL jQmmju sc-4981cf43-11 lgmYqM\" type=\"default\"><span style=\"position:relative\">le 12 juin 2020</span></p></div></div><div class=\"sc-4981cf43-12 ksKood\"><div class=\"sc-4981cf43-9 huSgtR\"><button data-testid=\"likes-number\" class=\"sc-f2315a90-3 esNlzG sc-b447a373-3 kOhZgU variant-default\" target=\"_self\" type=\"button\"><div class=\"sc-f2315a90-6 bhoEiT\"><div data-testid=\"like-icon-wrapper\" class=\"sc-b447a373-2 fNJmKB\"><svg width=\"20\" height=\"20\" viewBox=\"0 0 20 20\" fill=\"none\" data-testid=\"icon-heart\"><path fill-rule=\"evenodd\" clip-rule=\"evenodd\" d=\"M9.99462 4.27985C8.32849 2.332 5.55011 1.80804 3.46257 3.59168C1.37503 5.37532 1.08113 8.35748 2.72049 10.467C4.08351 12.2209 8.20847 15.9201 9.56041 17.1174C9.71166 17.2513 9.78729 17.3183 9.8755 17.3446C9.9525 17.3676 10.0367 17.3676 10.1137 17.3446C10.2019 17.3183 10.2776 17.2513 10.4288 17.1174C11.7808 15.9201 15.9057 12.2209 17.2687 10.467C18.9081 8.35748 18.6501 5.35656 16.5267 3.59168C14.4032 1.8268 11.6607 2.332 9.99462 4.27985Z\" stroke=\"#344054\" stroke-width=\"1.66667\" stroke-linecap=\"round\" stroke-linejoin=\"round\"></path></svg></div></div><span class=\"sc-f84047c3-0 sc-f2315a90-8 cdFOkN khyZSq\">5 j&#x27;aime</span></button><button data-testid=\"comments-number\" class=\"sc-f2315a90-3 cISfZi sc-3277dfb-2 jkvVGA variant-default\" target=\"_self\" type=\"button\"><div class=\"sc-f2315a90-6 bhoEiT\"><svg width=\"20\" height=\"20\" viewBox=\"0 0 20 20\" fill=\"none\" xmlns=\"http://www.w3.org/2000/svg\"><path d=\"M2.5 6.5C2.5 5.09987 2.5 4.3998 2.77248 3.86502C3.01217 3.39462 3.39462 3.01217 3.86502 2.77248C4.3998 2.5 5.09987 2.5 6.5 2.5H13.5C14.9001 2.5 15.6002 2.5 16.135 2.77248C16.6054 3.01217 16.9878 3.39462 17.2275 3.86502C17.5 4.3998 17.5 5.09987 17.5 6.5V11C17.5 12.4001 17.5 13.1002 17.2275 13.635C16.9878 14.1054 16.6054 14.4878 16.135 14.7275C15.6002 15 14.9001 15 13.5 15H11.4031C10.8831 15 10.6231 15 10.3743 15.051C10.1537 15.0963 9.94017 15.1712 9.73957 15.2737C9.51347 15.3892 9.31043 15.5517 8.90434 15.8765L6.91646 17.4668C6.56973 17.7442 6.39636 17.8829 6.25045 17.8831C6.12356 17.8832 6.00352 17.8255 5.92436 17.7263C5.83333 17.6123 5.83333 17.3903 5.83333 16.9463V15C5.05836 15 4.67087 15 4.35295 14.9148C3.49022 14.6836 2.81635 14.0098 2.58519 13.147C2.5 12.8291 2.5 12.4416 2.5 11.6667V6.5Z\" stroke=\"#344054\" stroke-width=\"1.66667\" stroke-linecap=\"round\" stroke-linejoin=\"round\"></path></svg></div></button><button data-testid=\"button\" class=\"sc-f2315a90-3 esNlzG sc-4981cf43-14 cbnZzw variant-default\" target=\"_self\" type=\"button\"><div class=\"sc-f2315a90-6 bhoEiT\"><svg width=\"20\" height=\"20\" viewBox=\"0 0 20 20\" fill=\"none\" xmlns=\"http://www.w3.org/2000/svg\"><path d=\"M2.5 9.16667L2.5 17.5M12.5 9.16667L12.5 17.5M7.5 2.5L7.5 17.5M17.5 2.5V17.5\" stroke=\"#344054\" stroke-width=\"1.66667\" stroke-linecap=\"round\" stroke-linejoin=\"round\"></path></svg></div><span class=\"sc-f84047c3-0 sc-f2315a90-8 cdFOkN khyZSq\">441</span></button></div></div></article><article data-testid=\"review-overview\" class=\"sc-4981cf43-0 orHLv\"><div class=\"sc-4981cf43-1 iCjhCz\"><div class=\"sc-4981cf43-2 dlMDlE\"><div data-testid=\"poster\" height=\"54\" width=\"37.70139634801289\" class=\"sc-65be26a3-1 iMrZZh\"><a data-testid=\"poster\" height=\"54\" width=\"37.70139634801289\" href=\"/serie/love_me/106493292\" class=\"sc-65be26a3-2 bTCkAC\"><span data-testid=\"poster-img-wrapper\" data-srcname=\"https://media.senscritique.com/media/000023284209/60/love_me.jpg\" class=\"sc-65be26a3-10 hUyHac\"><img alt=\"Love Me\" data-testid=\"poster-img\" data-cfstyle=\"22222\" loading=\"lazy\" width=\"37.70139634801289\" height=\"54\" decoding=\"async\" data-nimg=\"1\" style=\"color:transparent\" src=\"https://media.senscritique.com/media/000023284209/60/love_me.jpg\"/></span></a></div><p class=\"sc-f84047c3-0 tFaeA\">Love Me</p></div><div class=\"sc-4981cf43-3 Eipa-D\"><div class=\"sc-4981cf43-5 dsQqaI\"><p class=\"sc-f84047c3-1 sc-4981cf43-6 cgWFLw iYmIS\">9</p><div data-testid=\"user-infos-hover\" class=\"sc-48986368-0 bgisMe\"><div class=\"sc-4981cf43-4 jBdyeZ\"><div data-testid=\"avatar\" class=\"sc-fbb9f6f9-0 ddyUaE\"><a data-srcname=\"https://media.senscritique.com/media/media/000022936914/48x48/avatar.jpg\" data-testid=\"avatar-img-wrapper\" href=\"/Lo-Shi\" class=\"sc-fbb9f6f9-1 fpLesp\"><span style=\"box-sizing:border-box;display:inline-block;overflow:hidden;width:initial;height:initial;background:none;opacity:1;border:0;margin:0;padding:0;position:relative;max-width:100%\"><span style=\"box-sizing:border-box;display:block;width:initial;height:initial;background:none;opacity:1;border:0;margin:0;padding:0;max-width:100%\"><img style=\"display:block;max-width:100%;width:initial;height:initial;background:none;opacity:1;border:0;margin:0;padding:0\" alt=\"\" aria-hidden=\"true\" src=\"data:image/svg+xml,%3csvg%20xmlns=%27http://www.w3.org/2000/svg%27%20version=%271.1%27%20width=%2732%27%20height=%2732%27/%3e\"/></span><img alt=\"Lo-Shi\" data-cfstyle=\"22222\" src=\"data:image/gif;base64,R0lGODlhAQABAIAAAAAAAP///yH5BAEAAAAALAAAAAABAAEAAAIBRAA7\" decoding=\"async\" data-nimg=\"intrinsic\" class=\"sc-fbb9f6f9-6 gFZnuB\" style=\"position:absolute;top:0;left:0;bottom:0;right:0;box-sizing:border-box;padding:0;border:none;margin:auto;display:block;width:0;height:0;min-width:100%;max-width:100%;min-height:100%;max-height:100%;object-fit:cover\"/><noscript><img alt=\"Lo-Shi\" data-cfstyle=\"22222\" loading=\"lazy\" decoding=\"async\" data-nimg=\"intrinsic\" style=\"position:absolute;top:0;left:0;bottom:0;right:0;box-sizing:border-box;padding:0;border:none;margin:auto;display:block;width:0;height:0;min-width:100%;max-width:100%;min-height:100%;max-height:100%;object-fit:cover\" class=\"sc-fbb9f6f9-6 gFZnuB\" src=\"https://media.senscritique.com/media/media/000022936914/48x48/avatar.jpg\"/></noscript></span></a></div><div><div class=\"sc-8cd009fd-0 fteRdx sc-4981cf43-13 dwhFCW\" data-testid=\"username\"><div class=\"sc-8cd009fd-1 iWHKAA\"><a href=\"/Lo-Shi\" type=\"default\" class=\"sc-f84047c3-0 sc-8cd009fd-2 cdFOkL iYCPxv\">Lo-Shi</a></div></div><p class=\"sc-f84047c3-0 sc-4981cf43-15 cdFOkL kHCsCY\">24 critiques</p></div></div></div></div></div><div class=\"sc-4981cf43-8 chSdQx\"><p data-testid=\"reviewTitle\" type=\"default\" class=\"sc-f84047c3-1 sc-4981cf43-7 eLjdYs dECQcz\">De l&#x27;urgence dÔÇÖ├¬tre aim├®</p><div><p class=\"sc-1abd7b43-0 cFbIWV sc-3decf6b2-1 fGnRTw\" data-testid=\"linkify\"><span data-testid=\"linkify-text\" type=\"default\" class=\"sc-f84047c3-2 kLRefM\">Quand lÔÇÖ├®criture su├®doise rencontre lÔÇÖinterpr├®tation cor├®enneÔÇªJÔÇÖavais vu la s├®rie originale ┬½ ├älska mig ┬╗ ├á sa sortie, en 2019 et je lÔÇÖavais beaucoup aim├®e ; pour son th├¿me, pour la profondeur du...</span></p></div><div class=\"sc-4981cf43-10 irItok\"><a class=\"sc-f84047c3-0 sc-d9336e28-0 tFaeB kerBeY link\" data-testid=\"link\" href=\"/serie/love_me/critique/333737046\">Lire la critique</a></div><p class=\"sc-f84047c3-0 sc-3b5d9ff1-0 cdFOkL jQmmju sc-4981cf43-11 lgmYqM\" type=\"default\"><span style=\"position:relative\">le 23 janv. 2026</span></p></div></div><div class=\"sc-4981cf43-12 ksKood\"><div class=\"sc-4981cf43-9 huSgtR\"><button data-testid=\"likes-number\" class=\"sc-f2315a90-3 esNlzG sc-b447a373-3 kOhZgU variant-default\" target=\"_self\" type=\"button\"><div class=\"sc-f2315a90-6 bhoEiT\"><div data-testid=\"like-icon-wrapper\" class=\"sc-b447a373-2 fNJmKB\"><svg width=\"20\" height=\"20\" viewBox=\"0 0 20 20\" fill=\"none\" data-testid=\"icon-heart\"><path fill-rule=\"evenodd\" clip-rule=\"evenodd\" d=\"M9.99462 4.27985C8.32849 2.332 5.55011 1.80804 3.46257 3.59168C1.37503 5.37532 1.08113 8.35748 2.72049 10.467C4.08351 12.2209 8.20847 15.9201 9.56041 17.1174C9.71166 17.2513 9.78729 17.3183 9.8755 17.3446C9.9525 17.3676 10.0367 17.3676 10.1137 17.3446C10.2019 17.3183 10.2776 17.2513 10.4288 17.1174C11.7808 15.9201 15.9057 12.2209 17.2687 10.467C18.9081 8.35748 18.6501 5.35656 16.5267 3.59168C14.4032 1.8268 11.6607 2.332 9.99462 4.27985Z\" stroke=\"#344054\" stroke-width=\"1.66667\" stroke-linecap=\"round\" stroke-linejoin=\"round\"></path></svg></div></div><span class=\"sc-f84047c3-0 sc-f2315a90-8 cdFOkN khyZSq\">10 j&#x27;aime</span></button><button data-testid=\"comments-number\" class=\"sc-f2315a90-3 esNlzG sc-3277dfb-2 jkvVGA variant-default\" target=\"_self\" type=\"button\"><div class=\"sc-f2315a90-6 bhoEiT\"><svg width=\"20\" height=\"20\" viewBox=\"0 0 20 20\" fill=\"none\" xmlns=\"http://www.w3.org/2000/svg\"><path d=\"M2.5 6.5C2.5 5.09987 2.5 4.3998 2.77248 3.86502C3.01217 3.39462 3.39462 3.01217 3.86502 2.77248C4.3998 2.5 5.09987 2.5 6.5 2.5H13.5C14.9001 2.5 15.6002 2.5 16.135 2.77248C16.6054 3.01217 16.9878 3.39462 17.2275 3.86502C17.5 4.3998 17.5 5.09987 17.5 6.5V11C17.5 12.4001 17.5 13.1002 17.2275 13.635C16.9878 14.1054 16.6054 14.4878 16.135 14.7275C15.6002 15 14.9001 15 13.5 15H11.4031C10.8831 15 10.6231 15 10.3743 15.051C10.1537 15.0963 9.94017 15.1712 9.73957 15.2737C9.51347 15.3892 9.31043 15.5517 8.90434 15.8765L6.91646 17.4668C6.56973 17.7442 6.39636 17.8829 6.25045 17.8831C6.12356 17.8832 6.00352 17.8255 5.92436 17.7263C5.83333 17.6123 5.83333 17.3903 5.83333 16.9463V15C5.05836 15 4.67087 15 4.35295 14.9148C3.49022 14.6836 2.81635 14.0098 2.58519 13.147C2.5 12.8291 2.5 12.4416 2.5 11.6667V6.5Z\" stroke=\"#344054\" stroke-width=\"1.66667\" stroke-linecap=\"round\" stroke-linejoin=\"round\"></path></svg></div><span class=\"sc-f84047c3-0 sc-f2315a90-8 cdFOkN khyZSq\">2</span></button><button data-testid=\"button\" class=\"sc-f2315a90-3 esNlzG sc-4981cf43-14 cbnZzw variant-default\" target=\"_self\" type=\"button\"><div class=\"sc-f2315a90-6 bhoEiT\"><svg width=\"20\" height=\"20\" viewBox=\"0 0 20 20\" fill=\"none\" xmlns=\"http://www.w3.org/2000/svg\"><path d=\"M2.5 9.16667L2.5 17.5M12.5 9.16667L12.5 17.5M7.5 2.5L7.5 17.5M17.5 2.5V17.5\" stroke=\"#344054\" stroke-width=\"1.66667\" stroke-linecap=\"round\" stroke-linejoin=\"round\"></path></svg></div><span class=\"sc-f84047c3-0 sc-f2315a90-8 cdFOkN khyZSq\">129</span></button></div></div></article><article data-testid=\"review-overview\" class=\"sc-4981cf43-0 orHLv\"><div class=\"sc-4981cf43-1 iCjhCz\"><div class=\"sc-4981cf43-2 dlMDlE\"><div data-testid=\"poster\" height=\"54\" width=\"39.29313929313929\" class=\"sc-65be26a3-1 cFSdXn\"><a data-testid=\"poster\" height=\"54\" width=\"39.29313929313929\" href=\"/bd/pest_orcs_et_gobelins_tome_12/43818519\" class=\"sc-65be26a3-2 ibyClQ\"><span data-testid=\"poster-img-wrapper\" data-srcname=\"https://media.senscritique.com/media/000019811864/60/pest_orcs_et_gobelins_tome_12.jpg\" class=\"sc-65be26a3-10 hUyHac\"><img alt=\"Pest - Orcs et Gobelins, tome 12\" data-testid=\"poster-img\" data-cfstyle=\"22222\" loading=\"lazy\" width=\"39.29313929313929\" height=\"54\" decoding=\"async\" data-nimg=\"1\" style=\"color:transparent\" src=\"https://media.senscritique.com/media/000019811864/60/pest_orcs_et_gobelins_tome_12.jpg\"/></span></a></div><p class=\"sc-f84047c3-0 tFaeA\">Pest - Orcs et Gobelins, tome 12</p></div><div class=\"sc-4981cf43-3 Eipa-D\"><div class=\"sc-4981cf43-5 dsQqaI\"><p class=\"sc-f84047c3-1 sc-4981cf43-6 cgWFLw iYmIS\">7</p><div data-testid=\"user-infos-hover\" class=\"sc-48986368-0 bgisMe\"><div class=\"sc-4981cf43-4 jBdyeZ\"><div data-testid=\"avatar\" class=\"sc-fbb9f6f9-0 ddyUaE\"><a data-srcname=\"https://media.senscritique.com/media/media/000023407980/48x48/avatar.gif\" data-testid=\"avatar-img-wrapper\" href=\"/B_J%C3%A9r%C3%A9my\" class=\"sc-fbb9f6f9-1 fpLesp\"><span style=\"box-sizing:border-box;display:inline-block;overflow:hidden;width:initial;height:initial;background:none;opacity:1;border:0;margin:0;padding:0;position:relative;max-width:100%\"><span style=\"box-sizing:border-box;display:block;width:initial;height:initial;background:none;opacity:1;border:0;margin:0;padding:0;max-width:100%\"><img style=\"display:block;max-width:100%;width:initial;height:initial;background:none;opacity:1;border:0;margin:0;padding:0\" alt=\"\" aria-hidden=\"true\" src=\"data:image/svg+xml,%3csvg%20xmlns=%27http://www.w3.org/2000/svg%27%20version=%271.1%27%20width=%2732%27%20height=%2732%27/%3e\"/></span><img alt=\"B_J├®r├®my\" data-cfstyle=\"22222\" src=\"data:image/gif;base64,R0lGODlhAQABAIAAAAAAAP///yH5BAEAAAAALAAAAAABAAEAAAIBRAA7\" decoding=\"async\" data-nimg=\"intrinsic\" class=\"sc-fbb9f6f9-6 gFZnuB\" style=\"position:absolute;top:0;left:0;bottom:0;right:0;box-sizing:border-box;padding:0;border:none;margin:auto;display:block;width:0;height:0;min-width:100%;max-width:100%;min-height:100%;max-height:100%;object-fit:cover\"/><noscript><img alt=\"B_J├®r├®my\" data-cfstyle=\"22222\" loading=\"lazy\" decoding=\"async\" data-nimg=\"intrinsic\" style=\"position:absolute;top:0;left:0;bottom:0;right:0;box-sizing:border-box;padding:0;border:none;margin:auto;display:block;width:0;height:0;min-width:100%;max-width:100%;min-height:100%;max-height:100%;object-fit:cover\" class=\"sc-fbb9f6f9-6 gFZnuB\" src=\"https://media.senscritique.com/media/media/000023407980/48x48/avatar.gif\"/></noscript></span></a></div><div><div class=\"sc-8cd009fd-0 fteRdx sc-4981cf43-13 dwhFCW\" data-testid=\"username\"><div class=\"sc-8cd009fd-1 iWHKAA\"><a href=\"/B_J├®r├®my\" type=\"default\" class=\"sc-f84047c3-0 sc-8cd009fd-2 cdFOkL iYCPxv\">B_J├®r├®my</a></div></div><p class=\"sc-f84047c3-0 sc-4981cf43-15 cdFOkL kHCsCY\">808 critiques</p></div></div></div></div></div><div class=\"sc-4981cf43-8 chSdQx\"><p data-testid=\"reviewTitle\" type=\"default\" class=\"sc-f84047c3-1 sc-4981cf43-7 eLjdYs dECQcz\">Chants gobelins et nuits de charogne</p><div><p class=\"sc-1abd7b43-0 cFbIWV sc-3decf6b2-1 fGnRTw\" data-testid=\"linkify\"><span data-testid=\"linkify-text\" type=\"default\" class=\"sc-f84047c3-2 kLRefM\">- Des goules ! Ces tar├®s de villageois nous livrent ├á des goules ! - Qu'est-ce qu'on fait ? - Qu'est-ce que tu veux faire ? Vas-y, ├®pate-moi ! - Me gueule pas dessus ! - Quand le soleil se couche, on...</span></p></div><div class=\"sc-4981cf43-10 irItok\"><a class=\"sc-f84047c3-0 sc-d9336e28-0 tFaeB kerBeY link\" data-testid=\"link\" href=\"/bd/pest_orcs_et_gobelins_tome_12/critique/334513131\">Lire la critique</a></div><p class=\"sc-f84047c3-0 sc-3b5d9ff1-0 cdFOkL jQmmju sc-4981cf43-11 lgmYqM\" type=\"default\"><span style=\"position:relative\">le 6 janv. 2026</span></p></div></div><div class=\"sc-4981cf43-12 ksKood\"><div class=\"sc-4981cf43-9 huSgtR\"><button data-testid=\"likes-number\" class=\"sc-f2315a90-3 esNlzG sc-b447a373-3 kOhZgU variant-default\" target=\"_self\" type=\"button\"><div class=\"sc-f2315a90-6 bhoEiT\"><div data-testid=\"like-icon-wrapper\" class=\"sc-b447a373-2 fNJmKB\"><svg width=\"20\" height=\"20\" viewBox=\"0 0 20 20\" fill=\"none\" data-testid=\"icon-heart\"><path fill-rule=\"evenodd\" clip-rule=\"evenodd\" d=\"M9.99462 4.27985C8.32849 2.332 5.55011 1.80804 3.46257 3.59168C1.37503 5.37532 1.08113 8.35748 2.72049 10.467C4.08351 12.2209 8.20847 15.9201 9.56041 17.1174C9.71166 17.2513 9.78729 17.3183 9.8755 17.3446C9.9525 17.3676 10.0367 17.3676 10.1137 17.3446C10.2019 17.3183 10.2776 17.2513 10.4288 17.1174C11.7808 15.9201 15.9057 12.2209 17.2687 10.467C18.9081 8.35748 18.6501 5.35656 16.5267 3.59168C14.4032 1.8268 11.6607 2.332 9.99462 4.27985Z\" stroke=\"#344054\" stroke-width=\"1.66667\" stroke-linecap=\"round\" stroke-linejoin=\"round\"></path></svg></div></div><span class=\"sc-f84047c3-0 sc-f2315a90-8 cdFOkN khyZSq\">22 j&#x27;aime</span></button><button data-testid=\"comments-number\" class=\"sc-f2315a90-3 esNlzG sc-3277dfb-2 jkvVGA variant-default\" target=\"_self\" type=\"button\"><div class=\"sc-f2315a90-6 bhoEiT\"><svg width=\"20\" height=\"20\" viewBox=\"0 0 20 20\" fill=\"none\" xmlns=\"http://www.w3.org/2000/svg\"><path d=\"M2.5 6.5C2.5 5.09987 2.5 4.3998 2.77248 3.86502C3.01217 3.39462 3.39462 3.01217 3.86502 2.77248C4.3998 2.5 5.09987 2.5 6.5 2.5H13.5C14.9001 2.5 15.6002 2.5 16.135 2.77248C16.6054 3.01217 16.9878 3.39462 17.2275 3.86502C17.5 4.3998 17.5 5.09987 17.5 6.5V11C17.5 12.4001 17.5 13.1002 17.2275 13.635C16.9878 14.1054 16.6054 14.4878 16.135 14.7275C15.6002 15 14.9001 15 13.5 15H11.4031C10.8831 15 10.6231 15 10.3743 15.051C10.1537 15.0963 9.94017 15.1712 9.73957 15.2737C9.51347 15.3892 9.31043 15.5517 8.90434 15.8765L6.91646 17.4668C6.56973 17.7442 6.39636 17.8829 6.25045 17.8831C6.12356 17.8832 6.00352 17.8255 5.92436 17.7263C5.83333 17.6123 5.83333 17.3903 5.83333 16.9463V15C5.05836 15 4.67087 15 4.35295 14.9148C3.49022 14.6836 2.81635 14.0098 2.58519 13.147C2.5 12.8291 2.5 12.4416 2.5 11.6667V6.5Z\" stroke=\"#344054\" stroke-width=\"1.66667\" stroke-linecap=\"round\" stroke-linejoin=\"round\"></path></svg></div><span class=\"sc-f84047c3-0 sc-f2315a90-8 cdFOkN khyZSq\">15</span></button><button data-testid=\"button\" class=\"sc-f2315a90-3 esNlzG sc-4981cf43-14 cbnZzw variant-default\" target=\"_self\" type=\"button\"><div class=\"sc-f2315a90-6 bhoEiT\"><svg width=\"20\" height=\"20\" viewBox=\"0 0 20 20\" fill=\"none\" xmlns=\"http://www.w3.org/2000/svg\"><path d=\"M2.5 9.16667L2.5 17.5M12.5 9.16667L12.5 17.5M7.5 2.5L7.5 17.5M17.5 2.5V17.5\" stroke=\"#344054\" stroke-width=\"1.66667\" stroke-linecap=\"round\" stroke-linejoin=\"round\"></path></svg></div><span class=\"sc-f84047c3-0 sc-f2315a90-8 cdFOkN khyZSq\">54</span></button></div></div></article><article data-testid=\"review-overview\" class=\"sc-4981cf43-0 orHLv\"><div class=\"sc-4981cf43-1 iCjhCz\"><div class=\"sc-4981cf43-2 dlMDlE\"><div data-testid=\"poster\" height=\"40\" width=\"40\" class=\"sc-65be26a3-1 cXrjWk\"><a data-testid=\"poster\" height=\"40\" width=\"40\" href=\"/album/religion/5722431\" class=\"sc-65be26a3-2 bnHEPz\"><span data-testid=\"poster-img-wrapper\" data-srcname=\"https://media.senscritique.com/media/000004899166/60/religion.jpg\" class=\"sc-65be26a3-10 hUyHac\"><img alt=\"Religion\" data-testid=\"poster-img\" data-cfstyle=\"22222\" loading=\"lazy\" width=\"40\" height=\"40\" decoding=\"async\" data-nimg=\"1\" style=\"color:transparent\" src=\"https://media.senscritique.com/media/000004899166/60/religion.jpg\"/></span></a></div><p class=\"sc-f84047c3-0 tFaeA\">Religion</p></div><div class=\"sc-4981cf43-3 Eipa-D\"><div class=\"sc-4981cf43-5 dsQqaI\"><p class=\"sc-f84047c3-1 sc-4981cf43-6 cgWFLw iYmIS\">10</p><div data-testid=\"user-infos-hover\" class=\"sc-48986368-0 bgisMe\"><div class=\"sc-4981cf43-4 jBdyeZ\"><div data-testid=\"avatar\" class=\"sc-fbb9f6f9-0 ddyUaE\"><a data-srcname=\"https://media.senscritique.com/media/media/000018217947/48x48/avatar.jpg\" data-testid=\"avatar-img-wrapper\" href=\"/cinemusic\" class=\"sc-fbb9f6f9-1 fpLesp\"><span style=\"box-sizing:border-box;display:inline-block;overflow:hidden;width:initial;height:initial;background:none;opacity:1;border:0;margin:0;padding:0;position:relative;max-width:100%\"><span style=\"box-sizing:border-box;display:block;width:initial;height:initial;background:none;opacity:1;border:0;margin:0;padding:0;max-width:100%\"><img style=\"display:block;max-width:100%;width:initial;height:initial;background:none;opacity:1;border:0;margin:0;padding:0\" alt=\"\" aria-hidden=\"true\" src=\"data:image/svg+xml,%3csvg%20xmlns=%27http://www.w3.org/2000/svg%27%20version=%271.1%27%20width=%2732%27%20height=%2732%27/%3e\"/></span><img alt=\"cinemusic\" data-cfstyle=\"22222\" src=\"data:image/gif;base64,R0lGODlhAQABAIAAAAAAAP///yH5BAEAAAAALAAAAAABAAEAAAIBRAA7\" decoding=\"async\" data-nimg=\"intrinsic\" class=\"sc-fbb9f6f9-6 gFZnuB\" style=\"position:absolute;top:0;left:0;bottom:0;right:0;box-sizing:border-box;padding:0;border:none;margin:auto;display:block;width:0;height:0;min-width:100%;max-width:100%;min-height:100%;max-height:100%;object-fit:cover\"/><noscript><img alt=\"cinemusic\" data-cfstyle=\"22222\" loading=\"lazy\" decoding=\"async\" data-nimg=\"intrinsic\" style=\"position:absolute;top:0;left:0;bottom:0;right:0;box-sizing:border-box;padding:0;border:none;margin:auto;display:block;width:0;height:0;min-width:100%;max-width:100%;min-height:100%;max-height:100%;object-fit:cover\" class=\"sc-fbb9f6f9-6 gFZnuB\" src=\"https://media.senscritique.com/media/media/000018217947/48x48/avatar.jpg\"/></noscript></span></a></div><div><div class=\"sc-8cd009fd-0 fteRdx sc-4981cf43-13 dwhFCW\" data-testid=\"username\"><div class=\"sc-8cd009fd-1 iWHKAA\"><a href=\"/cinemusic\" type=\"default\" class=\"sc-f84047c3-0 sc-8cd009fd-2 cdFOkL iYCPxv\">cinemusic</a></div></div><p class=\"sc-f84047c3-0 sc-4981cf43-15 cdFOkL kHCsCY\">976 critiques</p></div></div></div></div></div><div class=\"sc-4981cf43-8 chSdQx\"><p data-testid=\"reviewTitle\" type=\"default\" class=\"sc-f84047c3-1 sc-4981cf43-7 eLjdYs dECQcz\">Quand le rock fran├ºais se fait sexy....</p><div><p class=\"sc-1abd7b43-0 cFbIWV sc-3decf6b2-1 fGnRTw\" data-testid=\"linkify\"><span data-testid=\"linkify-text\" type=\"default\" class=\"sc-f84047c3-2 kLRefM\">Deux ans apr├¿s l'excellent \"Quel enfer\" dans lequel on trouve des titres comme \"Assez\" et \"Soleil d'hiver\", Niagara hausse le ton.Le rock fran├ºais se porte bien avec l'arriv├®e des Innocents, Noir...</span></p></div><div class=\"sc-4981cf43-10 irItok\"><a class=\"sc-f84047c3-0 sc-d9336e28-0 tFaeB kerBeY link\" data-testid=\"link\" href=\"/album/religion/critique/63325072\">Lire la critique</a></div><p class=\"sc-f84047c3-0 sc-3b5d9ff1-0 cdFOkL jQmmju sc-4981cf43-11 lgmYqM\" type=\"default\"><span style=\"position:relative\">il y a 3 jours</span></p></div></div><div class=\"sc-4981cf43-12 ksKood\"><div class=\"sc-4981cf43-9 huSgtR\"><button data-testid=\"likes-number\" class=\"sc-f2315a90-3 esNlzG sc-b447a373-3 kOhZgU variant-default\" target=\"_self\" type=\"button\"><div class=\"sc-f2315a90-6 bhoEiT\"><div data-testid=\"like-icon-wrapper\" class=\"sc-b447a373-2 fNJmKB\"><svg width=\"20\" height=\"20\" viewBox=\"0 0 20 20\" fill=\"none\" data-testid=\"icon-heart\"><path fill-rule=\"evenodd\" clip-rule=\"evenodd\" d=\"M9.99462 4.27985C8.32849 2.332 5.55011 1.80804 3.46257 3.59168C1.37503 5.37532 1.08113 8.35748 2.72049 10.467C4.08351 12.2209 8.20847 15.9201 9.56041 17.1174C9.71166 17.2513 9.78729 17.3183 9.8755 17.3446C9.9525 17.3676 10.0367 17.3676 10.1137 17.3446C10.2019 17.3183 10.2776 17.2513 10.4288 17.1174C11.7808 15.9201 15.9057 12.2209 17.2687 10.467C18.9081 8.35748 18.6501 5.35656 16.5267 3.59168C14.4032 1.8268 11.6607 2.332 9.99462 4.27985Z\" stroke=\"#344054\" stroke-width=\"1.66667\" stroke-linecap=\"round\" stroke-linejoin=\"round\"></path></svg></div></div><span class=\"sc-f84047c3-0 sc-f2315a90-8 cdFOkN khyZSq\">2 j&#x27;aime</span></button><button data-testid=\"comments-number\" class=\"sc-f2315a90-3 esNlzG sc-3277dfb-2 jkvVGA variant-default\" target=\"_self\" type=\"button\"><div class=\"sc-f2315a90-6 bhoEiT\"><svg width=\"20\" height=\"20\" viewBox=\"0 0 20 20\" fill=\"none\" xmlns=\"http://www.w3.org/2000/svg\"><path d=\"M2.5 6.5C2.5 5.09987 2.5 4.3998 2.77248 3.86502C3.01217 3.39462 3.39462 3.01217 3.86502 2.77248C4.3998 2.5 5.09987 2.5 6.5 2.5H13.5C14.9001 2.5 15.6002 2.5 16.135 2.77248C16.6054 3.01217 16.9878 3.39462 17.2275 3.86502C17.5 4.3998 17.5 5.09987 17.5 6.5V11C17.5 12.4001 17.5 13.1002 17.2275 13.635C16.9878 14.1054 16.6054 14.4878 16.135 14.7275C15.6002 15 14.9001 15 13.5 15H11.4031C10.8831 15 10.6231 15 10.3743 15.051C10.1537 15.0963 9.94017 15.1712 9.73957 15.2737C9.51347 15.3892 9.31043 15.5517 8.90434 15.8765L6.91646 17.4668C6.56973 17.7442 6.39636 17.8829 6.25045 17.8831C6.12356 17.8832 6.00352 17.8255 5.92436 17.7263C5.83333 17.6123 5.83333 17.3903 5.83333 16.9463V15C5.05836 15 4.67087 15 4.35295 14.9148C3.49022 14.6836 2.81635 14.0098 2.58519 13.147C2.5 12.8291 2.5 12.4416 2.5 11.6667V6.5Z\" stroke=\"#344054\" stroke-width=\"1.66667\" stroke-linecap=\"round\" stroke-linejoin=\"round\"></path></svg></div><span class=\"sc-f84047c3-0 sc-f2315a90-8 cdFOkN khyZSq\">2</span></button><button data-testid=\"button\" class=\"sc-f2315a90-3 esNlzG sc-4981cf43-14 cbnZzw variant-default\" target=\"_self\" type=\"button\"><div class=\"sc-f2315a90-6 bhoEiT\"><svg width=\"20\" height=\"20\" viewBox=\"0 0 20 20\" fill=\"none\" xmlns=\"http://www.w3.org/2000/svg\"><path d=\"M2.5 9.16667L2.5 17.5M12.5 9.16667L12.5 17.5M7.5 2.5L7.5 17.5M17.5 2.5V17.5\" stroke=\"#344054\" stroke-width=\"1.66667\" stroke-linecap=\"round\" stroke-linejoin=\"round\"></path></svg></div><span class=\"sc-f84047c3-0 sc-f2315a90-8 cdFOkN khyZSq\">6</span></button></div></div></article></div><div class=\"sc-a52c490c-4 frmPrG\"><p class=\"sc-f84047c3-0 tFaey\">Voir plus de critiques</p></div> </div><div class=\"sc-f52bf7ce-0 kUxxNP sc-d2f2208d-0 iqxCDz\" data-testid=\"section\"><div id=\"cgDisplay_2\"></div></div></div><div data-testid=\"section\" class=\"sc-f52bf7ce-0 ggPxmP\"><div class=\"sc-9e76e0d2-0 cLLuSf sc-1188a903-0 giBbD\" data-testid=\"list-items\"><div data-testid=\"navigation-tab\" class=\"sc-c2537e02-0 uWJhh\"><div><div class=\"sc-c2537e02-1 gRwQlC\"><div data-testid=\"section-title\" class=\"sc-f84047c3-1 sc-a62dc7b5-0 dTaJmo jyOKGd\"><p data-testid=\"navigation-tab-text\" class=\"sc-c2537e02-6 cZxzuO\"><span>Listes populaires</span></p></div></div></div></div><div class=\"sc-9e76e0d2-3 fbCXAp\"><button data-testid=\"arrow-wrapper\" class=\"sc-f2315a90-1 hiiiCd sc-9e76e0d2-2 iXBkOu variant-default\" disabled=\"\" target=\"_self\" type=\"button\"><div class=\"sc-f2315a90-6 bhoEiT\"><svg width=\"20\" height=\"20\" viewBox=\"0 0 20 20\" fill=\"#344054\" xmlns=\"http://www.w3.org/2000/svg\" style=\"transform:rotate(0deg)\"><path d=\"M15.8337 9.99984H4.16699M4.16699 9.99984L10.0003 15.8332M4.16699 9.99984L10.0003 4.1665\" stroke=\"#344054\" stroke-width=\"1.66667\" stroke-linecap=\"round\" stroke-linejoin=\"round\"></path></svg></div></button><div data-testid=\"items-wrapper\" class=\"sc-9e76e0d2-4 fZxmeC\"><div data-testid=\"item-wrapper\" class=\"sc-9e76e0d2-5 iHVcbW\"><div data-testid=\"list-card\" class=\"sc-5d091d97-0 ycXIa\"><div class=\"sc-5d091d97-2 djPbDx\"><a data-testid=\"link\" href=\"/liste/bd_sorties_en_janvier_2026/4258398\" class=\"sc-f84047c3-0 sc-d9336e28-0 tFaeB kerBeY\"><span style=\"box-sizing:border-box;display:block;overflow:hidden;width:initial;height:initial;background:none;opacity:1;border:0;margin:0;padding:0;position:absolute;top:0;left:0;bottom:0;right:0\"><img alt=\"BD sorties en janvier 2026\" src=\"data:image/gif;base64,R0lGODlhAQABAIAAAAAAAP///yH5BAEAAAAALAAAAAABAAEAAAIBRAA7\" decoding=\"async\" data-nimg=\"fill\" style=\"position:absolute;top:0;left:0;bottom:0;right:0;box-sizing:border-box;padding:0;border:none;margin:auto;display:block;width:0;height:0;min-width:100%;max-width:100%;min-height:100%;max-height:100%;object-fit:cover\"/><noscript><img alt=\"BD sorties en janvier 2026\" loading=\"lazy\" decoding=\"async\" data-nimg=\"fill\" style=\"position:absolute;top:0;left:0;bottom:0;right:0;box-sizing:border-box;padding:0;border:none;margin:auto;display:block;width:0;height:0;min-width:100%;max-width:100%;min-height:100%;max-height:100%;object-fit:cover\" src=\"https://media.senscritique.com/media/media/000023440855/480x0/cover.jpg\"/></noscript></span></a></div><a class=\"sc-f84047c3-0 sc-d9336e28-0 tFaeB kerBeY sc-5d091d97-3 kSruxv\" data-testid=\"link\" href=\"/liste/bd_sorties_en_janvier_2026/4258398\"><p type=\"default\" class=\"sc-f84047c3-0 sc-5d091d97-4 tFaeA cdAqCe\">BD sorties en janvier 2026</p></a><p data-testid=\"listoverview-info\" class=\"sc-f84047c3-0 sc-5d091d97-8 cdFOkL bVAJtE\">Liste de 138 BD<!-- --> <!-- --> avec Frangipane, Imperial, tome 1, Gardiens de fer, tome 1, X-Men (2025), tome 26, Doom World : Le R├¿gne de Fatalis, num├®ro 3...</p><div class=\"sc-5d091d97-5 kaJnYK\"><button data-testid=\"likes-number\" class=\"sc-f2315a90-3 esNlzG sc-b447a373-3 kOhZgU variant-default\" target=\"_self\" type=\"button\"><div class=\"sc-f2315a90-6 bhoEiT\"><div data-testid=\"like-icon-wrapper\" class=\"sc-b447a373-2 fNJmKB\"><svg width=\"20\" height=\"20\" viewBox=\"0 0 20 20\" fill=\"none\" data-testid=\"icon-heart\"><path fill-rule=\"evenodd\" clip-rule=\"evenodd\" d=\"M9.99462 4.27985C8.32849 2.332 5.55011 1.80804 3.46257 3.59168C1.37503 5.37532 1.08113 8.35748 2.72049 10.467C4.08351 12.2209 8.20847 15.9201 9.56041 17.1174C9.71166 17.2513 9.78729 17.3183 9.8755 17.3446C9.9525 17.3676 10.0367 17.3676 10.1137 17.3446C10.2019 17.3183 10.2776 17.2513 10.4288 17.1174C11.7808 15.9201 15.9057 12.2209 17.2687 10.467C18.9081 8.35748 18.6501 5.35656 16.5267 3.59168C14.4032 1.8268 11.6607 2.332 9.99462 4.27985Z\" stroke=\"#344054\" stroke-width=\"1.66667\" stroke-linecap=\"round\" stroke-linejoin=\"round\"></path></svg></div></div><span class=\"sc-f84047c3-0 sc-f2315a90-8 cdFOkN khyZSq\">8 j&#x27;aime</span></button><button data-testid=\"comments-number\" class=\"sc-f2315a90-3 cISfZi sc-3277dfb-2 jkvVGA variant-default\" target=\"_self\" type=\"button\"><div class=\"sc-f2315a90-6 bhoEiT\"><svg width=\"20\" height=\"20\" viewBox=\"0 0 20 20\" fill=\"none\" xmlns=\"http://www.w3.org/2000/svg\"><path d=\"M2.5 6.5C2.5 5.09987 2.5 4.3998 2.77248 3.86502C3.01217 3.39462 3.39462 3.01217 3.86502 2.77248C4.3998 2.5 5.09987 2.5 6.5 2.5H13.5C14.9001 2.5 15.6002 2.5 16.135 2.77248C16.6054 3.01217 16.9878 3.39462 17.2275 3.86502C17.5 4.3998 17.5 5.09987 17.5 6.5V11C17.5 12.4001 17.5 13.1002 17.2275 13.635C16.9878 14.1054 16.6054 14.4878 16.135 14.7275C15.6002 15 14.9001 15 13.5 15H11.4031C10.8831 15 10.6231 15 10.3743 15.051C10.1537 15.0963 9.94017 15.1712 9.73957 15.2737C9.51347 15.3892 9.31043 15.5517 8.90434 15.8765L6.91646 17.4668C6.56973 17.7442 6.39636 17.8829 6.25045 17.8831C6.12356 17.8832 6.00352 17.8255 5.92436 17.7263C5.83333 17.6123 5.83333 17.3903 5.83333 16.9463V15C5.05836 15 4.67087 15 4.35295 14.9148C3.49022 14.6836 2.81635 14.0098 2.58519 13.147C2.5 12.8291 2.5 12.4416 2.5 11.6667V6.5Z\" stroke=\"#344054\" stroke-width=\"1.66667\" stroke-linecap=\"round\" stroke-linejoin=\"round\"></path></svg></div></button></div></div></div><div data-testid=\"item-wrapper\" class=\"sc-9e76e0d2-5 iHVcbW\"><div data-testid=\"list-card\" class=\"sc-5d091d97-0 ycXIa\"><div class=\"sc-5d091d97-2 djPbDx\"><a data-testid=\"link\" href=\"/liste/jeux_a_lancer_quand_on_est_fatigue_du_monde/4257896\" class=\"sc-f84047c3-0 sc-d9336e28-0 tFaeB kerBeY\"><span style=\"box-sizing:border-box;display:block;overflow:hidden;width:initial;height:initial;background:none;opacity:1;border:0;margin:0;padding:0;position:absolute;top:0;left:0;bottom:0;right:0\"><img alt=\"Jeux ├á lancer quand on est fatigu├® du monde\" src=\"data:image/gif;base64,R0lGODlhAQABAIAAAAAAAP///yH5BAEAAAAALAAAAAABAAEAAAIBRAA7\" decoding=\"async\" data-nimg=\"fill\" style=\"position:absolute;top:0;left:0;bottom:0;right:0;box-sizing:border-box;padding:0;border:none;margin:auto;display:block;width:0;height:0;min-width:100%;max-width:100%;min-height:100%;max-height:100%;object-fit:cover\"/><noscript><img alt=\"Jeux ├á lancer quand on est fatigu├® du monde\" loading=\"lazy\" decoding=\"async\" data-nimg=\"fill\" style=\"position:absolute;top:0;left:0;bottom:0;right:0;box-sizing:border-box;padding:0;border:none;margin:auto;display:block;width:0;height:0;min-width:100%;max-width:100%;min-height:100%;max-height:100%;object-fit:cover\" src=\"https://media.senscritique.com/media/media/000023439039/480x0/cover.jpg\"/></noscript></span></a></div><a class=\"sc-f84047c3-0 sc-d9336e28-0 tFaeB kerBeY sc-5d091d97-3 kSruxv\" data-testid=\"link\" href=\"/liste/jeux_a_lancer_quand_on_est_fatigue_du_monde/4257896\"><p type=\"default\" class=\"sc-f84047c3-0 sc-5d091d97-4 tFaeA cdAqCe\">Jeux ├á lancer quand on est fatigu├® du monde</p></a><p data-testid=\"listoverview-info\" class=\"sc-f84047c3-0 sc-5d091d97-8 cdFOkL bVAJtE\">Liste de 42 jeux vid├®o<!-- --> <!-- --> avec Kitty&#x27;s Last Adventure, My Little Puppy, Townscaper, Spiritfarer, GRIS...</p><div class=\"sc-5d091d97-5 kaJnYK\"><button data-testid=\"likes-number\" class=\"sc-f2315a90-3 esNlzG sc-b447a373-3 kOhZgU variant-default\" target=\"_self\" type=\"button\"><div class=\"sc-f2315a90-6 bhoEiT\"><div data-testid=\"like-icon-wrapper\" class=\"sc-b447a373-2 fNJmKB\"><svg width=\"20\" height=\"20\" viewBox=\"0 0 20 20\" fill=\"none\" data-testid=\"icon-heart\"><path fill-rule=\"evenodd\" clip-rule=\"evenodd\" d=\"M9.99462 4.27985C8.32849 2.332 5.55011 1.80804 3.46257 3.59168C1.37503 5.37532 1.08113 8.35748 2.72049 10.467C4.08351 12.2209 8.20847 15.9201 9.56041 17.1174C9.71166 17.2513 9.78729 17.3183 9.8755 17.3446C9.9525 17.3676 10.0367 17.3676 10.1137 17.3446C10.2019 17.3183 10.2776 17.2513 10.4288 17.1174C11.7808 15.9201 15.9057 12.2209 17.2687 10.467C18.9081 8.35748 18.6501 5.35656 16.5267 3.59168C14.4032 1.8268 11.6607 2.332 9.99462 4.27985Z\" stroke=\"#344054\" stroke-width=\"1.66667\" stroke-linecap=\"round\" stroke-linejoin=\"round\"></path></svg></div></div><span class=\"sc-f84047c3-0 sc-f2315a90-8 cdFOkN khyZSq\">9 j&#x27;aime</span></button><button data-testid=\"comments-number\" class=\"sc-f2315a90-3 esNlzG sc-3277dfb-2 jkvVGA variant-default\" target=\"_self\" type=\"button\"><div class=\"sc-f2315a90-6 bhoEiT\"><svg width=\"20\" height=\"20\" viewBox=\"0 0 20 20\" fill=\"none\" xmlns=\"http://www.w3.org/2000/svg\"><path d=\"M2.5 6.5C2.5 5.09987 2.5 4.3998 2.77248 3.86502C3.01217 3.39462 3.39462 3.01217 3.86502 2.77248C4.3998 2.5 5.09987 2.5 6.5 2.5H13.5C14.9001 2.5 15.6002 2.5 16.135 2.77248C16.6054 3.01217 16.9878 3.39462 17.2275 3.86502C17.5 4.3998 17.5 5.09987 17.5 6.5V11C17.5 12.4001 17.5 13.1002 17.2275 13.635C16.9878 14.1054 16.6054 14.4878 16.135 14.7275C15.6002 15 14.9001 15 13.5 15H11.4031C10.8831 15 10.6231 15 10.3743 15.051C10.1537 15.0963 9.94017 15.1712 9.73957 15.2737C9.51347 15.3892 9.31043 15.5517 8.90434 15.8765L6.91646 17.4668C6.56973 17.7442 6.39636 17.8829 6.25045 17.8831C6.12356 17.8832 6.00352 17.8255 5.92436 17.7263C5.83333 17.6123 5.83333 17.3903 5.83333 16.9463V15C5.05836 15 4.67087 15 4.35295 14.9148C3.49022 14.6836 2.81635 14.0098 2.58519 13.147C2.5 12.8291 2.5 12.4416 2.5 11.6667V6.5Z\" stroke=\"#344054\" stroke-width=\"1.66667\" stroke-linecap=\"round\" stroke-linejoin=\"round\"></path></svg></div><span class=\"sc-f84047c3-0 sc-f2315a90-8 cdFOkN khyZSq\">9</span></button></div></div></div><div data-testid=\"item-wrapper\" class=\"sc-9e76e0d2-5 iHVcbW\"><div data-testid=\"list-card\" class=\"sc-5d091d97-0 ycXIa\"><div class=\"sc-5d091d97-2 djPbDx\"><a data-testid=\"link\" href=\"/liste/les_meilleurs_films_d_horreur_des_annees_2020/4199663\" class=\"sc-f84047c3-0 sc-d9336e28-0 tFaeB kerBeY\"><span style=\"box-sizing:border-box;display:block;overflow:hidden;width:initial;height:initial;background:none;opacity:1;border:0;margin:0;padding:0;position:absolute;top:0;left:0;bottom:0;right:0\"><img alt=\"Les meilleurs films d&#x27;horreur des ann├®es 2020\" src=\"data:image/gif;base64,R0lGODlhAQABAIAAAAAAAP///yH5BAEAAAAALAAAAAABAAEAAAIBRAA7\" decoding=\"async\" data-nimg=\"fill\" style=\"position:absolute;top:0;left:0;bottom:0;right:0;box-sizing:border-box;padding:0;border:none;margin:auto;display:block;width:0;height:0;min-width:100%;max-width:100%;min-height:100%;max-height:100%;object-fit:cover\"/><noscript><img alt=\"Les meilleurs films d&#x27;horreur des ann├®es 2020\" loading=\"lazy\" decoding=\"async\" data-nimg=\"fill\" style=\"position:absolute;top:0;left:0;bottom:0;right:0;box-sizing:border-box;padding:0;border:none;margin:auto;display:block;width:0;height:0;min-width:100%;max-width:100%;min-height:100%;max-height:100%;object-fit:cover\" src=\"/missingPicture/liste_top_movie.jpg\"/></noscript></span></a></div><a class=\"sc-f84047c3-0 sc-d9336e28-0 tFaeB kerBeY sc-5d091d97-3 kSruxv\" data-testid=\"link\" href=\"/liste/les_meilleurs_films_d_horreur_des_annees_2020/4199663\"><p type=\"default\" class=\"sc-f84047c3-0 sc-5d091d97-4 tFaeA cdAqCe\">Les meilleurs films d&#x27;horreur des ann├®es 2020</p></a><p data-testid=\"listoverview-info\" class=\"sc-f84047c3-0 sc-5d091d97-8 cdFOkL bVAJtE\">Liste de 108 films<!-- --> <!-- --> avec Midsommar, The House That Jack Built, H├®r├®dit├®, Substitution - Bring Her Back, The Lighthouse...</p><div class=\"sc-5d091d97-5 kaJnYK\"><button data-testid=\"likes-number\" class=\"sc-f2315a90-3 esNlzG sc-b447a373-3 kOhZgU variant-default\" target=\"_self\" type=\"button\"><div class=\"sc-f2315a90-6 bhoEiT\"><div data-testid=\"like-icon-wrapper\" class=\"sc-b447a373-2 fNJmKB\"><svg width=\"20\" height=\"20\" viewBox=\"0 0 20 20\" fill=\"none\" data-testid=\"icon-heart\"><path fill-rule=\"evenodd\" clip-rule=\"evenodd\" d=\"M9.99462 4.27985C8.32849 2.332 5.55011 1.80804 3.46257 3.59168C1.37503 5.37532 1.08113 8.35748 2.72049 10.467C4.08351 12.2209 8.20847 15.9201 9.56041 17.1174C9.71166 17.2513 9.78729 17.3183 9.8755 17.3446C9.9525 17.3676 10.0367 17.3676 10.1137 17.3446C10.2019 17.3183 10.2776 17.2513 10.4288 17.1174C11.7808 15.9201 15.9057 12.2209 17.2687 10.467C18.9081 8.35748 18.6501 5.35656 16.5267 3.59168C14.4032 1.8268 11.6607 2.332 9.99462 4.27985Z\" stroke=\"#344054\" stroke-width=\"1.66667\" stroke-linecap=\"round\" stroke-linejoin=\"round\"></path></svg></div></div><span class=\"sc-f84047c3-0 sc-f2315a90-8 cdFOkN khyZSq\">52 j&#x27;aime</span></button><button data-testid=\"comments-number\" class=\"sc-f2315a90-3 cISfZi sc-3277dfb-2 jkvVGA variant-default\" target=\"_self\" type=\"button\"><div class=\"sc-f2315a90-6 bhoEiT\"><svg width=\"20\" height=\"20\" viewBox=\"0 0 20 20\" fill=\"none\" xmlns=\"http://www.w3.org/2000/svg\"><path d=\"M2.5 6.5C2.5 5.09987 2.5 4.3998 2.77248 3.86502C3.01217 3.39462 3.39462 3.01217 3.86502 2.77248C4.3998 2.5 5.09987 2.5 6.5 2.5H13.5C14.9001 2.5 15.6002 2.5 16.135 2.77248C16.6054 3.01217 16.9878 3.39462 17.2275 3.86502C17.5 4.3998 17.5 5.09987 17.5 6.5V11C17.5 12.4001 17.5 13.1002 17.2275 13.635C16.9878 14.1054 16.6054 14.4878 16.135 14.7275C15.6002 15 14.9001 15 13.5 15H11.4031C10.8831 15 10.6231 15 10.3743 15.051C10.1537 15.0963 9.94017 15.1712 9.73957 15.2737C9.51347 15.3892 9.31043 15.5517 8.90434 15.8765L6.91646 17.4668C6.56973 17.7442 6.39636 17.8829 6.25045 17.8831C6.12356 17.8832 6.00352 17.8255 5.92436 17.7263C5.83333 17.6123 5.83333 17.3903 5.83333 16.9463V15C5.05836 15 4.67087 15 4.35295 14.9148C3.49022 14.6836 2.81635 14.0098 2.58519 13.147C2.5 12.8291 2.5 12.4416 2.5 11.6667V6.5Z\" stroke=\"#344054\" stroke-width=\"1.66667\" stroke-linecap=\"round\" stroke-linejoin=\"round\"></path></svg></div></button></div></div></div></div><button data-testid=\"arrow-wrapper\" class=\"sc-f2315a90-1 cYsnat sc-9e76e0d2-2 iXBkOu variant-default\" target=\"_self\" type=\"button\"><div class=\"sc-f2315a90-6 bhoEiT\"><svg width=\"20\" height=\"20\" viewBox=\"0 0 20 20\" fill=\"#344054\" xmlns=\"http://www.w3.org/2000/svg\" style=\"transform:rotate(180deg)\"><path d=\"M15.8337 9.99984H4.16699M4.16699 9.99984L10.0003 15.8332M4.16699 9.99984L10.0003 4.1665\" stroke=\"#344054\" stroke-width=\"1.66667\" stroke-linecap=\"round\" stroke-linejoin=\"round\"></path></svg></div></button></div></div></div></div></div></div></main><div data-name=\"row\" data-testid=\"row\" class=\"sc-9096b87d-0 dJwpMk\"><div class=\"sc-9096b87d-1 jNtrde\"><div data-testid=\"section\" class=\"sc-f52bf7ce-0 ggPxmP\"><div class=\"sc-346cdb9a-0 jxzWvy sc-a52c490c-5 jYRruS\" data-testid=\"cover\"><div class=\"sc-346cdb9a-2 fKvnVc\"></div><div class=\"sc-346cdb9a-3 jybiIk\"><div class=\"sc-346cdb9a-4 iliUvz cover\"><img alt=\"Rejoindre SensCritique\" loading=\"lazy\" decoding=\"async\" data-nimg=\"fill\" style=\"position:absolute;height:100%;width:100%;left:0;top:0;right:0;bottom:0;object-fit:cover;color:transparent\" src=\"https://media.senscritique.com/media/000018854276/1200/Joker.jpg\"/></div><div class=\"sc-346cdb9a-5 gsYNjW\"><div class=\"sc-346cdb9a-6 kDhYsq\"></div><div class=\"sc-346cdb9a-8 kNzhld\"></div><div class=\"sc-346cdb9a-9 kZesVI\"></div></div></div><div class=\"sc-346cdb9a-1 kNMkIL\"><div class=\"sc-a52c490c-1 jaTQBf\"><h2 class=\"sc-f84047c3-1 sc-a52c490c-6 dFtkzT LMkIh\">Rejoindre SensCritique</h2><div class=\"sc-a52c490c-2 ibWrPE\"><h3 class=\"sc-f84047c3-1 sc-a52c490c-6 dTaJmn LMkIh\">Noter, partager, d├®couvrir, visionner, explorer, ├®changer...</h3></div><button data-testid=\"button\" target=\"_self\" type=\"button\" class=\"sc-633b1cf9-0 ibfZQT\"><span class=\"sc-f84047c3-0 sc-633b1cf9-12 cHHGlX dhxfnf currentText\" type=\"white\">D├®couvrir</span><span class=\"sc-f84047c3-0 sc-633b1cf9-11 cdFOkN jTZboY hoverText\"></span></button></div></div></div></div></div></div><main class=\"sc-88ea37bc-0 iYFYsU\"><div data-name=\"row\" data-testid=\"row\" class=\"sc-9096b87d-0 dJwpMk\"><div class=\"sc-9096b87d-1 jNtrde\"><div class=\"sc-14e274ff-0 gnGvza\"><div data-testid=\"section\" class=\"sc-f52bf7ce-0 ggPxmP\"><div class=\"sc-9e76e0d2-0 cLLuSf sc-4faecbd2-0 fhqcYt\" data-testid=\"list-items\"><div data-testid=\"navigation-tab\" class=\"sc-c2537e02-0 uWJhh\"><div><div class=\"sc-c2537e02-1 gRwQlC\"><div data-testid=\"section-title\" class=\"sc-f84047c3-1 sc-a62dc7b5-0 dTaJmo jyOKGd\"><p data-testid=\"navigation-tab-text\" class=\"sc-c2537e02-6 cZxzuO\"><span>En ce moment sur SensCritique</span></p></div></div></div></div><div class=\"sc-9e76e0d2-3 fbCXAp\"><button data-testid=\"arrow-wrapper\" class=\"sc-f2315a90-1 hiiiCd sc-9e76e0d2-2 iXBkOu variant-default\" disabled=\"\" target=\"_self\" type=\"button\"><div class=\"sc-f2315a90-6 bhoEiT\"><svg width=\"20\" height=\"20\" viewBox=\"0 0 20 20\" fill=\"#344054\" xmlns=\"http://www.w3.org/2000/svg\" style=\"transform:rotate(0deg)\"><path d=\"M15.8337 9.99984H4.16699M4.16699 9.99984L10.0003 15.8332M4.16699 9.99984L10.0003 4.1665\" stroke=\"#344054\" stroke-width=\"1.66667\" stroke-linecap=\"round\" stroke-linejoin=\"round\"></path></svg></div></button><div data-testid=\"items-wrapper\" itemType=\"product\" class=\"sc-9e76e0d2-4 gAsQEN\"><div data-testid=\"item-wrapper\" class=\"sc-9e76e0d2-5 iHVcbW\"><div data-testid=\"product-card\" class=\"sc-6dddd557-1 epeYTe\"><div data-testid=\"product-actions-hover\" class=\"sc-9ddc3db1-0 iLynAm\"><div class=\"sc-6dddd557-3 etPabS\"><div><div class=\"sc-6dddd557-10 bDTXry\"><div data-testid=\"poster\" height=\"145.52\" width=\"107\" class=\"sc-65be26a3-1 gWEeoq sc-6dddd557-2 iMoECF\"><a data-testid=\"poster\" height=\"145.52\" width=\"107\" href=\"/film/team_demolition/58317454\" class=\"sc-65be26a3-2 hOdCGF\"><span data-testid=\"poster-img-wrapper\" data-srcname=\"https://media.senscritique.com/media/000023414024/300/team_demolition.png\" class=\"sc-65be26a3-10 dNtxHq\"><img alt=\"Team D├®molition\" data-testid=\"poster-img\" data-cfstyle=\"22222\" loading=\"lazy\" width=\"107\" height=\"145.52\" decoding=\"async\" data-nimg=\"1\" style=\"color:transparent\" src=\"https://media.senscritique.com/media/000023414024/300/team_demolition.png\"/></span></a></div></div></div><div class=\"sc-6dddd557-9 eusVFn\"><a class=\"sc-f84047c3-0 sc-d9336e28-1 kuNzEX gfTNTa sc-6dddd557-0 gKnmSu\" data-testid=\"link\" href=\"/film/team_demolition/58317454\">Team D├®molition</a><div class=\"sc-6dddd557-7 ckaXrX\"><div data-testid=\"Rating\" color=\"#F5F5F6\" class=\"sc-6a26fe8d-5 jUDJhH\"><svg width=\"22\" height=\"22\" viewBox=\"0 0 31 30\" fill=\"none\" xmlns=\"http://www.w3.org/2000/svg\"><path d=\"M28.1105 14.1274C28.2333 14.2501 28.4403 14.1584 28.4268 13.9853C28.1948 11.0128 26.9421 8.10501 24.6685 5.83147C22.395 3.55792 19.4872 2.30518 16.5147 2.07325C16.3416 2.05975 16.2499 2.26672 16.3726 2.38949L28.1105 14.1274Z\" fill=\"#F5F5F6\"></path><path d=\"M28.4268 16.0147C28.4403 15.8416 28.2333 15.7499 28.1105 15.8726L16.3726 27.6105C16.2499 27.7333 16.3416 27.9403 16.5147 27.9268C19.4872 27.6948 22.395 26.4421 24.6685 24.1685C26.9421 21.895 28.1948 18.9872 28.4268 16.0147Z\" fill=\"#F5F5F6\"></path><path d=\"M14.6274 27.6105C14.7501 27.7333 14.6584 27.9403 14.4853 27.9268C11.5128 27.6948 8.60501 26.4421 6.33146 24.1685C4.05791 21.895 2.80517 18.9872 2.57324 16.0147C2.55974 15.8416 2.76671 15.7499 2.88948 15.8726L14.6274 27.6105Z\" fill=\"#F5F5F6\"></path><path d=\"M2.57324 13.9853C2.55974 14.1584 2.76671 14.2501 2.88948 14.1274L14.6274 2.38949C14.7501 2.26672 14.6584 2.05975 14.4853 2.07325C11.5128 2.30518 8.60501 3.55792 6.33146 5.83146C4.05791 8.10501 2.80517 11.0128 2.57324 13.9853Z\" fill=\"#F5F5F6\"></path><path d=\"M29.3103 10.4733C29.449 10.612 29.6737 10.4783 29.6118 10.2922C28.9052 8.16887 27.7069 6.17323 26.0169 4.48315C24.3268 2.79307 22.3311 1.59476 20.2078 0.888225C20.0217 0.826299 19.888 1.05097 20.0267 1.18966L29.3103 10.4733Z\" fill=\"#F5F5F6\"></path><path d=\"M29.6118 19.7078C29.6737 19.5217 29.449 19.388 29.3103 19.5267L20.0267 28.8103C19.888 28.949 20.0217 29.1737 20.2078 29.1118C22.3311 28.4052 24.3268 27.2069 26.0169 25.5169C27.7069 23.8268 28.9052 21.8311 29.6118 19.7078Z\" fill=\"#F5F5F6\"></path><path d=\"M10.9733 28.8103C11.112 28.949 10.9783 29.1737 10.7922 29.1118C8.66886 28.4053 6.67323 27.2069 4.98314 25.5169C3.29306 23.8268 2.09475 21.8311 1.38822 19.7078C1.32629 19.5217 1.55096 19.388 1.68965 19.5267L10.9733 28.8103Z\" fill=\"#F5F5F6\"></path><path d=\"M1.38822 10.2922C1.32629 10.4783 1.55096 10.612 1.68965 10.4733L10.9733 1.18966C11.112 1.05096 10.9783 0.826299 10.7922 0.888224C8.66886 1.59476 6.67323 2.79306 4.98314 4.48315C3.29306 6.17323 2.09475 8.16887 1.38822 10.2922Z\" fill=\"#F5F5F6\"></path><path d=\"M30.1426 23.2167C30.2295 23.0298 30.0032 22.8788 29.8575 23.0245L23.5246 29.3575C23.3788 29.5032 23.5298 29.7294 23.7167 29.6426C25.0999 29.0002 26.3795 28.1205 27.5 27C28.6206 25.8794 29.5002 24.5998 30.1426 23.2167Z\" fill=\"#F5F5F6\"></path><path d=\"M7.28329 0.357357C7.4702 0.270544 7.62119 0.496787 7.47546 0.642514L1.14254 6.97544C0.996811 7.12117 0.770567 6.97018 0.857381 6.78327C1.4998 5.40013 2.37946 4.12054 3.50001 2.99999C4.62057 1.87943 5.90015 0.999776 7.28329 0.357357Z\" fill=\"#F5F5F6\"></path><path d=\"M23.7167 0.35737C23.5298 0.270558 23.3788 0.4968 23.5245 0.642527L29.8575 6.97545C30.0032 7.12118 30.2294 6.97019 30.1426 6.78328C29.5002 5.40014 28.6206 4.12055 27.5 3C26.3794 1.87945 25.0999 0.99979 23.7167 0.35737Z\" fill=\"#F5F5F6\"></path><path d=\"M0.857369 23.2167C0.770555 23.0298 0.996799 22.8788 1.14253 23.0245L7.47545 29.3575C7.62118 29.5032 7.47019 29.7294 7.28328 29.6426C5.90014 29.0002 4.62055 28.1206 3.5 27C2.37945 25.8794 1.49979 24.5999 0.857369 23.2167Z\" fill=\"#F5F5F6\"></path><path d=\"M22.2416 8.25843C25.9648 11.9817 25.9648 18.0183 22.2416 21.7416C18.5183 25.4648 12.4817 25.4648 8.75842 21.7416C5.03516 18.0183 5.03516 11.9817 8.75843 8.25843C12.4817 4.53516 18.5183 4.53516 22.2416 8.25843Z\" fill=\"#F5F5F6\"></path></svg><span class=\"sc-f84047c3-1 ezSuwK\">5.5</span></div></div></div></div></div></div></div><div data-testid=\"item-wrapper\" class=\"sc-9e76e0d2-5 iHVcbW\"><div data-testid=\"product-card\" class=\"sc-6dddd557-1 epeYTe\"><div data-testid=\"product-actions-hover\" class=\"sc-9ddc3db1-0 iLynAm\"><div class=\"sc-6dddd557-3 etPabS\"><div><div class=\"sc-6dddd557-10 bDTXry\"><div data-testid=\"poster\" height=\"145.52\" width=\"107\" class=\"sc-65be26a3-1 gWEeoq sc-6dddd557-2 iMoECF\"><a data-testid=\"poster\" height=\"145.52\" width=\"107\" href=\"/film/the_rip/94366056\" class=\"sc-65be26a3-2 hOdCGF\"><span data-testid=\"poster-img-wrapper\" data-srcname=\"https://media.senscritique.com/media/000023408890/300/the_rip.png\" class=\"sc-65be26a3-10 dNtxHq\"><img alt=\"The Rip\" data-testid=\"poster-img\" data-cfstyle=\"22222\" loading=\"lazy\" width=\"107\" height=\"145.52\" decoding=\"async\" data-nimg=\"1\" style=\"color:transparent\" src=\"https://media.senscritique.com/media/000023408890/300/the_rip.png\"/></span></a></div></div></div><div class=\"sc-6dddd557-9 eusVFn\"><a class=\"sc-f84047c3-0 sc-d9336e28-1 kuNzEX gfTNTa sc-6dddd557-0 gKnmSu\" data-testid=\"link\" href=\"/film/the_rip/94366056\">The Rip</a><div class=\"sc-6dddd557-7 ckaXrX\"><div data-testid=\"Rating\" color=\"#F5F5F6\" class=\"sc-6a26fe8d-5 jUDJhH\"><svg width=\"22\" height=\"22\" viewBox=\"0 0 31 30\" fill=\"none\" xmlns=\"http://www.w3.org/2000/svg\"><path d=\"M28.1105 14.1274C28.2333 14.2501 28.4403 14.1584 28.4268 13.9853C28.1948 11.0128 26.9421 8.10501 24.6685 5.83147C22.395 3.55792 19.4872 2.30518 16.5147 2.07325C16.3416 2.05975 16.2499 2.26672 16.3726 2.38949L28.1105 14.1274Z\" fill=\"#F5F5F6\"></path><path d=\"M28.4268 16.0147C28.4403 15.8416 28.2333 15.7499 28.1105 15.8726L16.3726 27.6105C16.2499 27.7333 16.3416 27.9403 16.5147 27.9268C19.4872 27.6948 22.395 26.4421 24.6685 24.1685C26.9421 21.895 28.1948 18.9872 28.4268 16.0147Z\" fill=\"#F5F5F6\"></path><path d=\"M14.6274 27.6105C14.7501 27.7333 14.6584 27.9403 14.4853 27.9268C11.5128 27.6948 8.60501 26.4421 6.33146 24.1685C4.05791 21.895 2.80517 18.9872 2.57324 16.0147C2.55974 15.8416 2.76671 15.7499 2.88948 15.8726L14.6274 27.6105Z\" fill=\"#F5F5F6\"></path><path d=\"M2.57324 13.9853C2.55974 14.1584 2.76671 14.2501 2.88948 14.1274L14.6274 2.38949C14.7501 2.26672 14.6584 2.05975 14.4853 2.07325C11.5128 2.30518 8.60501 3.55792 6.33146 5.83146C4.05791 8.10501 2.80517 11.0128 2.57324 13.9853Z\" fill=\"#F5F5F6\"></path><path d=\"M29.3103 10.4733C29.449 10.612 29.6737 10.4783 29.6118 10.2922C28.9052 8.16887 27.7069 6.17323 26.0169 4.48315C24.3268 2.79307 22.3311 1.59476 20.2078 0.888225C20.0217 0.826299 19.888 1.05097 20.0267 1.18966L29.3103 10.4733Z\" fill=\"#F5F5F6\"></path><path d=\"M29.6118 19.7078C29.6737 19.5217 29.449 19.388 29.3103 19.5267L20.0267 28.8103C19.888 28.949 20.0217 29.1737 20.2078 29.1118C22.3311 28.4052 24.3268 27.2069 26.0169 25.5169C27.7069 23.8268 28.9052 21.8311 29.6118 19.7078Z\" fill=\"#F5F5F6\"></path><path d=\"M10.9733 28.8103C11.112 28.949 10.9783 29.1737 10.7922 29.1118C8.66886 28.4053 6.67323 27.2069 4.98314 25.5169C3.29306 23.8268 2.09475 21.8311 1.38822 19.7078C1.32629 19.5217 1.55096 19.388 1.68965 19.5267L10.9733 28.8103Z\" fill=\"#F5F5F6\"></path><path d=\"M1.38822 10.2922C1.32629 10.4783 1.55096 10.612 1.68965 10.4733L10.9733 1.18966C11.112 1.05096 10.9783 0.826299 10.7922 0.888224C8.66886 1.59476 6.67323 2.79306 4.98314 4.48315C3.29306 6.17323 2.09475 8.16887 1.38822 10.2922Z\" fill=\"#F5F5F6\"></path><path d=\"M30.1426 23.2167C30.2295 23.0298 30.0032 22.8788 29.8575 23.0245L23.5246 29.3575C23.3788 29.5032 23.5298 29.7294 23.7167 29.6426C25.0999 29.0002 26.3795 28.1205 27.5 27C28.6206 25.8794 29.5002 24.5998 30.1426 23.2167Z\" fill=\"#F5F5F6\"></path><path d=\"M7.28329 0.357357C7.4702 0.270544 7.62119 0.496787 7.47546 0.642514L1.14254 6.97544C0.996811 7.12117 0.770567 6.97018 0.857381 6.78327C1.4998 5.40013 2.37946 4.12054 3.50001 2.99999C4.62057 1.87943 5.90015 0.999776 7.28329 0.357357Z\" fill=\"#F5F5F6\"></path><path d=\"M23.7167 0.35737C23.5298 0.270558 23.3788 0.4968 23.5245 0.642527L29.8575 6.97545C30.0032 7.12118 30.2294 6.97019 30.1426 6.78328C29.5002 5.40014 28.6206 4.12055 27.5 3C26.3794 1.87945 25.0999 0.99979 23.7167 0.35737Z\" fill=\"#F5F5F6\"></path><path d=\"M0.857369 23.2167C0.770555 23.0298 0.996799 22.8788 1.14253 23.0245L7.47545 29.3575C7.62118 29.5032 7.47019 29.7294 7.28328 29.6426C5.90014 29.0002 4.62055 28.1206 3.5 27C2.37945 25.8794 1.49979 24.5999 0.857369 23.2167Z\" fill=\"#F5F5F6\"></path><path d=\"M22.2416 8.25843C25.9648 11.9817 25.9648 18.0183 22.2416 21.7416C18.5183 25.4648 12.4817 25.4648 8.75842 21.7416C5.03516 18.0183 5.03516 11.9817 8.75843 8.25843C12.4817 4.53516 18.5183 4.53516 22.2416 8.25843Z\" fill=\"#F5F5F6\"></path></svg><span class=\"sc-f84047c3-1 ezSuwK\">6.1</span></div></div></div></div></div></div></div><div data-testid=\"item-wrapper\" class=\"sc-9e76e0d2-5 iHVcbW\"><div data-testid=\"product-card\" class=\"sc-6dddd557-1 epeYTe\"><div data-testid=\"product-actions-hover\" class=\"sc-9ddc3db1-0 iLynAm\"><div class=\"sc-6dddd557-3 etPabS\"><div><div class=\"sc-6dddd557-10 bDTXry\"><div data-testid=\"poster\" height=\"145.52\" width=\"107\" class=\"sc-65be26a3-1 gWEeoq sc-6dddd557-2 iMoECF\"><a data-testid=\"poster\" height=\"145.52\" width=\"107\" href=\"/film/wake_up_dead_man_une_histoire_a_couteaux_tires/44543448\" class=\"sc-65be26a3-2 hOdCGF\"><span data-testid=\"poster-img-wrapper\" data-srcname=\"https://media.senscritique.com/media/000023345475/300/wake_up_dead_man_une_histoire_a_couteaux_tires.png\" class=\"sc-65be26a3-10 dNtxHq\"><img alt=\"Wake Up Dead Man - Une histoire ├á couteaux tir├®s\" data-testid=\"poster-img\" data-cfstyle=\"22222\" loading=\"lazy\" width=\"107\" height=\"145.52\" decoding=\"async\" data-nimg=\"1\" style=\"color:transparent\" src=\"https://media.senscritique.com/media/000023345475/300/wake_up_dead_man_une_histoire_a_couteaux_tires.png\"/></span></a></div></div></div><div class=\"sc-6dddd557-9 eusVFn\"><a class=\"sc-f84047c3-0 sc-d9336e28-1 kuNzEX gfTNTa sc-6dddd557-0 gKnmSu\" data-testid=\"link\" href=\"/film/wake_up_dead_man_une_histoire_a_couteaux_tires/44543448\">Wake Up Dead Man - Une histoire ├á couteaux tir├®s</a><div class=\"sc-6dddd557-7 ckaXrX\"><div data-testid=\"Rating\" color=\"#2FC46F\" class=\"sc-6a26fe8d-5 cudWCo\"><svg width=\"22\" height=\"22\" viewBox=\"0 0 31 30\" fill=\"none\" xmlns=\"http://www.w3.org/2000/svg\"><path d=\"M28.1105 14.1274C28.2333 14.2501 28.4403 14.1584 28.4268 13.9853C28.1948 11.0128 26.9421 8.10501 24.6685 5.83147C22.395 3.55792 19.4872 2.30518 16.5147 2.07325C16.3416 2.05975 16.2499 2.26672 16.3726 2.38949L28.1105 14.1274Z\" fill=\"#2FC46F\"></path><path d=\"M28.4268 16.0147C28.4403 15.8416 28.2333 15.7499 28.1105 15.8726L16.3726 27.6105C16.2499 27.7333 16.3416 27.9403 16.5147 27.9268C19.4872 27.6948 22.395 26.4421 24.6685 24.1685C26.9421 21.895 28.1948 18.9872 28.4268 16.0147Z\" fill=\"#2FC46F\"></path><path d=\"M14.6274 27.6105C14.7501 27.7333 14.6584 27.9403 14.4853 27.9268C11.5128 27.6948 8.60501 26.4421 6.33146 24.1685C4.05791 21.895 2.80517 18.9872 2.57324 16.0147C2.55974 15.8416 2.76671 15.7499 2.88948 15.8726L14.6274 27.6105Z\" fill=\"#2FC46F\"></path><path d=\"M2.57324 13.9853C2.55974 14.1584 2.76671 14.2501 2.88948 14.1274L14.6274 2.38949C14.7501 2.26672 14.6584 2.05975 14.4853 2.07325C11.5128 2.30518 8.60501 3.55792 6.33146 5.83146C4.05791 8.10501 2.80517 11.0128 2.57324 13.9853Z\" fill=\"#2FC46F\"></path><path d=\"M29.3103 10.4733C29.449 10.612 29.6737 10.4783 29.6118 10.2922C28.9052 8.16887 27.7069 6.17323 26.0169 4.48315C24.3268 2.79307 22.3311 1.59476 20.2078 0.888225C20.0217 0.826299 19.888 1.05097 20.0267 1.18966L29.3103 10.4733Z\" fill=\"#2FC46F\"></path><path d=\"M29.6118 19.7078C29.6737 19.5217 29.449 19.388 29.3103 19.5267L20.0267 28.8103C19.888 28.949 20.0217 29.1737 20.2078 29.1118C22.3311 28.4052 24.3268 27.2069 26.0169 25.5169C27.7069 23.8268 28.9052 21.8311 29.6118 19.7078Z\" fill=\"#2FC46F\"></path><path d=\"M10.9733 28.8103C11.112 28.949 10.9783 29.1737 10.7922 29.1118C8.66886 28.4053 6.67323 27.2069 4.98314 25.5169C3.29306 23.8268 2.09475 21.8311 1.38822 19.7078C1.32629 19.5217 1.55096 19.388 1.68965 19.5267L10.9733 28.8103Z\" fill=\"#2FC46F\"></path><path d=\"M1.38822 10.2922C1.32629 10.4783 1.55096 10.612 1.68965 10.4733L10.9733 1.18966C11.112 1.05096 10.9783 0.826299 10.7922 0.888224C8.66886 1.59476 6.67323 2.79306 4.98314 4.48315C3.29306 6.17323 2.09475 8.16887 1.38822 10.2922Z\" fill=\"#2FC46F\"></path><path d=\"M30.1426 23.2167C30.2295 23.0298 30.0032 22.8788 29.8575 23.0245L23.5246 29.3575C23.3788 29.5032 23.5298 29.7294 23.7167 29.6426C25.0999 29.0002 26.3795 28.1205 27.5 27C28.6206 25.8794 29.5002 24.5998 30.1426 23.2167Z\" fill=\"#2FC46F\"></path><path d=\"M7.28329 0.357357C7.4702 0.270544 7.62119 0.496787 7.47546 0.642514L1.14254 6.97544C0.996811 7.12117 0.770567 6.97018 0.857381 6.78327C1.4998 5.40013 2.37946 4.12054 3.50001 2.99999C4.62057 1.87943 5.90015 0.999776 7.28329 0.357357Z\" fill=\"#2FC46F\"></path><path d=\"M23.7167 0.35737C23.5298 0.270558 23.3788 0.4968 23.5245 0.642527L29.8575 6.97545C30.0032 7.12118 30.2294 6.97019 30.1426 6.78328C29.5002 5.40014 28.6206 4.12055 27.5 3C26.3794 1.87945 25.0999 0.99979 23.7167 0.35737Z\" fill=\"#2FC46F\"></path><path d=\"M0.857369 23.2167C0.770555 23.0298 0.996799 22.8788 1.14253 23.0245L7.47545 29.3575C7.62118 29.5032 7.47019 29.7294 7.28328 29.6426C5.90014 29.0002 4.62055 28.1206 3.5 27C2.37945 25.8794 1.49979 24.5999 0.857369 23.2167Z\" fill=\"#2FC46F\"></path><path d=\"M22.2416 8.25843C25.9648 11.9817 25.9648 18.0183 22.2416 21.7416C18.5183 25.4648 12.4817 25.4648 8.75842 21.7416C5.03516 18.0183 5.03516 11.9817 8.75843 8.25843C12.4817 4.53516 18.5183 4.53516 22.2416 8.25843Z\" fill=\"#2FC46F\"></path></svg><span class=\"sc-f84047c3-1 ezSuwK\">6.5</span></div></div></div></div></div></div></div><div data-testid=\"item-wrapper\" class=\"sc-9e76e0d2-5 iHVcbW\"><div data-testid=\"product-card\" class=\"sc-6dddd557-1 epeYTe\"><div data-testid=\"product-actions-hover\" class=\"sc-9ddc3db1-0 iLynAm\"><div class=\"sc-6dddd557-3 etPabS\"><div><div class=\"sc-6dddd557-10 bDTXry\"><div data-testid=\"poster\" height=\"133.75\" width=\"107\" class=\"sc-65be26a3-1 gWEeoq sc-6dddd557-2 iMoECF\"><a data-testid=\"poster\" height=\"133.75\" width=\"107\" href=\"/film/l_art_du_faux/133849255\" class=\"sc-65be26a3-2 hOdCGF\"><span data-testid=\"poster-img-wrapper\" data-srcname=\"https://media.senscritique.com/media/000023413886/300/l_art_du_faux.jpg\" class=\"sc-65be26a3-10 dNtxHq\"><img alt=\"L&#x27;Art du faux\" data-testid=\"poster-img\" data-cfstyle=\"22222\" loading=\"lazy\" width=\"107\" height=\"133.75\" decoding=\"async\" data-nimg=\"1\" style=\"color:transparent\" src=\"https://media.senscritique.com/media/000023413886/300/l_art_du_faux.jpg\"/></span></a></div></div></div><div class=\"sc-6dddd557-9 eusVFn\"><a class=\"sc-f84047c3-0 sc-d9336e28-1 kuNzEX gfTNTa sc-6dddd557-0 gKnmSu\" data-testid=\"link\" href=\"/film/l_art_du_faux/133849255\">L&#x27;Art du faux</a><div class=\"sc-6dddd557-7 ckaXrX\"><div data-testid=\"Rating\" color=\"#F5F5F6\" class=\"sc-6a26fe8d-5 jUDJhH\"><svg width=\"22\" height=\"22\" viewBox=\"0 0 31 30\" fill=\"none\" xmlns=\"http://www.w3.org/2000/svg\"><path d=\"M28.1105 14.1274C28.2333 14.2501 28.4403 14.1584 28.4268 13.9853C28.1948 11.0128 26.9421 8.10501 24.6685 5.83147C22.395 3.55792 19.4872 2.30518 16.5147 2.07325C16.3416 2.05975 16.2499 2.26672 16.3726 2.38949L28.1105 14.1274Z\" fill=\"#F5F5F6\"></path><path d=\"M28.4268 16.0147C28.4403 15.8416 28.2333 15.7499 28.1105 15.8726L16.3726 27.6105C16.2499 27.7333 16.3416 27.9403 16.5147 27.9268C19.4872 27.6948 22.395 26.4421 24.6685 24.1685C26.9421 21.895 28.1948 18.9872 28.4268 16.0147Z\" fill=\"#F5F5F6\"></path><path d=\"M14.6274 27.6105C14.7501 27.7333 14.6584 27.9403 14.4853 27.9268C11.5128 27.6948 8.60501 26.4421 6.33146 24.1685C4.05791 21.895 2.80517 18.9872 2.57324 16.0147C2.55974 15.8416 2.76671 15.7499 2.88948 15.8726L14.6274 27.6105Z\" fill=\"#F5F5F6\"></path><path d=\"M2.57324 13.9853C2.55974 14.1584 2.76671 14.2501 2.88948 14.1274L14.6274 2.38949C14.7501 2.26672 14.6584 2.05975 14.4853 2.07325C11.5128 2.30518 8.60501 3.55792 6.33146 5.83146C4.05791 8.10501 2.80517 11.0128 2.57324 13.9853Z\" fill=\"#F5F5F6\"></path><path d=\"M29.3103 10.4733C29.449 10.612 29.6737 10.4783 29.6118 10.2922C28.9052 8.16887 27.7069 6.17323 26.0169 4.48315C24.3268 2.79307 22.3311 1.59476 20.2078 0.888225C20.0217 0.826299 19.888 1.05097 20.0267 1.18966L29.3103 10.4733Z\" fill=\"#F5F5F6\"></path><path d=\"M29.6118 19.7078C29.6737 19.5217 29.449 19.388 29.3103 19.5267L20.0267 28.8103C19.888 28.949 20.0217 29.1737 20.2078 29.1118C22.3311 28.4052 24.3268 27.2069 26.0169 25.5169C27.7069 23.8268 28.9052 21.8311 29.6118 19.7078Z\" fill=\"#F5F5F6\"></path><path d=\"M10.9733 28.8103C11.112 28.949 10.9783 29.1737 10.7922 29.1118C8.66886 28.4053 6.67323 27.2069 4.98314 25.5169C3.29306 23.8268 2.09475 21.8311 1.38822 19.7078C1.32629 19.5217 1.55096 19.388 1.68965 19.5267L10.9733 28.8103Z\" fill=\"#F5F5F6\"></path><path d=\"M1.38822 10.2922C1.32629 10.4783 1.55096 10.612 1.68965 10.4733L10.9733 1.18966C11.112 1.05096 10.9783 0.826299 10.7922 0.888224C8.66886 1.59476 6.67323 2.79306 4.98314 4.48315C3.29306 6.17323 2.09475 8.16887 1.38822 10.2922Z\" fill=\"#F5F5F6\"></path><path d=\"M30.1426 23.2167C30.2295 23.0298 30.0032 22.8788 29.8575 23.0245L23.5246 29.3575C23.3788 29.5032 23.5298 29.7294 23.7167 29.6426C25.0999 29.0002 26.3795 28.1205 27.5 27C28.6206 25.8794 29.5002 24.5998 30.1426 23.2167Z\" fill=\"#F5F5F6\"></path><path d=\"M7.28329 0.357357C7.4702 0.270544 7.62119 0.496787 7.47546 0.642514L1.14254 6.97544C0.996811 7.12117 0.770567 6.97018 0.857381 6.78327C1.4998 5.40013 2.37946 4.12054 3.50001 2.99999C4.62057 1.87943 5.90015 0.999776 7.28329 0.357357Z\" fill=\"#F5F5F6\"></path><path d=\"M23.7167 0.35737C23.5298 0.270558 23.3788 0.4968 23.5245 0.642527L29.8575 6.97545C30.0032 7.12118 30.2294 6.97019 30.1426 6.78328C29.5002 5.40014 28.6206 4.12055 27.5 3C26.3794 1.87945 25.0999 0.99979 23.7167 0.35737Z\" fill=\"#F5F5F6\"></path><path d=\"M0.857369 23.2167C0.770555 23.0298 0.996799 22.8788 1.14253 23.0245L7.47545 29.3575C7.62118 29.5032 7.47019 29.7294 7.28328 29.6426C5.90014 29.0002 4.62055 28.1206 3.5 27C2.37945 25.8794 1.49979 24.5999 0.857369 23.2167Z\" fill=\"#F5F5F6\"></path><path d=\"M22.2416 8.25843C25.9648 11.9817 25.9648 18.0183 22.2416 21.7416C18.5183 25.4648 12.4817 25.4648 8.75842 21.7416C5.03516 18.0183 5.03516 11.9817 8.75843 8.25843C12.4817 4.53516 18.5183 4.53516 22.2416 8.25843Z\" fill=\"#F5F5F6\"></path></svg><span class=\"sc-f84047c3-1 ezSuwK\">6.2</span></div></div></div></div></div></div></div><div data-testid=\"item-wrapper\" class=\"sc-9e76e0d2-5 iHVcbW\"><div data-testid=\"product-card\" class=\"sc-6dddd557-1 epeYTe\"><div data-testid=\"product-actions-hover\" class=\"sc-9ddc3db1-0 iLynAm\"><div class=\"sc-6dddd557-3 etPabS\"><div><div class=\"sc-6dddd557-10 bDTXry\"><div data-testid=\"poster\" height=\"152.2070747217806\" width=\"107\" class=\"sc-65be26a3-1 gWEeoq sc-6dddd557-2 iMoECF\"><a data-testid=\"poster\" height=\"152.2070747217806\" width=\"107\" href=\"/film/mr_nobody_against_putin/104814981\" class=\"sc-65be26a3-2 hOdCGF\"><span data-testid=\"poster-img-wrapper\" data-srcname=\"https://media.senscritique.com/media/000023440174/300/mr_nobody_against_putin.jpg\" class=\"sc-65be26a3-10 dNtxHq\"><img alt=\"Mister Nobody contre Poutine\" data-testid=\"poster-img\" data-cfstyle=\"22222\" loading=\"lazy\" width=\"107\" height=\"152.2070747217806\" decoding=\"async\" data-nimg=\"1\" style=\"color:transparent\" src=\"https://media.senscritique.com/media/000023440174/300/mr_nobody_against_putin.jpg\"/></span></a></div></div></div><div class=\"sc-6dddd557-9 eusVFn\"><a class=\"sc-f84047c3-0 sc-d9336e28-1 kuNzEX gfTNTa sc-6dddd557-0 gKnmSu\" data-testid=\"link\" href=\"/film/mr_nobody_against_putin/104814981\">Mister Nobody contre Poutine</a><div class=\"sc-6dddd557-7 ckaXrX\"><div data-testid=\"Rating\" color=\"#2FC46F\" class=\"sc-6a26fe8d-5 cudWCo\"><svg width=\"22\" height=\"22\" viewBox=\"0 0 31 30\" fill=\"none\" xmlns=\"http://www.w3.org/2000/svg\"><path d=\"M28.1105 14.1274C28.2333 14.2501 28.4403 14.1584 28.4268 13.9853C28.1948 11.0128 26.9421 8.10501 24.6685 5.83147C22.395 3.55792 19.4872 2.30518 16.5147 2.07325C16.3416 2.05975 16.2499 2.26672 16.3726 2.38949L28.1105 14.1274Z\" fill=\"#2FC46F\"></path><path d=\"M28.4268 16.0147C28.4403 15.8416 28.2333 15.7499 28.1105 15.8726L16.3726 27.6105C16.2499 27.7333 16.3416 27.9403 16.5147 27.9268C19.4872 27.6948 22.395 26.4421 24.6685 24.1685C26.9421 21.895 28.1948 18.9872 28.4268 16.0147Z\" fill=\"#2FC46F\"></path><path d=\"M14.6274 27.6105C14.7501 27.7333 14.6584 27.9403 14.4853 27.9268C11.5128 27.6948 8.60501 26.4421 6.33146 24.1685C4.05791 21.895 2.80517 18.9872 2.57324 16.0147C2.55974 15.8416 2.76671 15.7499 2.88948 15.8726L14.6274 27.6105Z\" fill=\"#2FC46F\"></path><path d=\"M2.57324 13.9853C2.55974 14.1584 2.76671 14.2501 2.88948 14.1274L14.6274 2.38949C14.7501 2.26672 14.6584 2.05975 14.4853 2.07325C11.5128 2.30518 8.60501 3.55792 6.33146 5.83146C4.05791 8.10501 2.80517 11.0128 2.57324 13.9853Z\" fill=\"#2FC46F\"></path><path d=\"M29.3103 10.4733C29.449 10.612 29.6737 10.4783 29.6118 10.2922C28.9052 8.16887 27.7069 6.17323 26.0169 4.48315C24.3268 2.79307 22.3311 1.59476 20.2078 0.888225C20.0217 0.826299 19.888 1.05097 20.0267 1.18966L29.3103 10.4733Z\" fill=\"#2FC46F\"></path><path d=\"M29.6118 19.7078C29.6737 19.5217 29.449 19.388 29.3103 19.5267L20.0267 28.8103C19.888 28.949 20.0217 29.1737 20.2078 29.1118C22.3311 28.4052 24.3268 27.2069 26.0169 25.5169C27.7069 23.8268 28.9052 21.8311 29.6118 19.7078Z\" fill=\"#2FC46F\"></path><path d=\"M10.9733 28.8103C11.112 28.949 10.9783 29.1737 10.7922 29.1118C8.66886 28.4053 6.67323 27.2069 4.98314 25.5169C3.29306 23.8268 2.09475 21.8311 1.38822 19.7078C1.32629 19.5217 1.55096 19.388 1.68965 19.5267L10.9733 28.8103Z\" fill=\"#2FC46F\"></path><path d=\"M1.38822 10.2922C1.32629 10.4783 1.55096 10.612 1.68965 10.4733L10.9733 1.18966C11.112 1.05096 10.9783 0.826299 10.7922 0.888224C8.66886 1.59476 6.67323 2.79306 4.98314 4.48315C3.29306 6.17323 2.09475 8.16887 1.38822 10.2922Z\" fill=\"#2FC46F\"></path><path d=\"M30.1426 23.2167C30.2295 23.0298 30.0032 22.8788 29.8575 23.0245L23.5246 29.3575C23.3788 29.5032 23.5298 29.7294 23.7167 29.6426C25.0999 29.0002 26.3795 28.1205 27.5 27C28.6206 25.8794 29.5002 24.5998 30.1426 23.2167Z\" fill=\"#2FC46F\"></path><path d=\"M7.28329 0.357357C7.4702 0.270544 7.62119 0.496787 7.47546 0.642514L1.14254 6.97544C0.996811 7.12117 0.770567 6.97018 0.857381 6.78327C1.4998 5.40013 2.37946 4.12054 3.50001 2.99999C4.62057 1.87943 5.90015 0.999776 7.28329 0.357357Z\" fill=\"#2FC46F\"></path><path d=\"M23.7167 0.35737C23.5298 0.270558 23.3788 0.4968 23.5245 0.642527L29.8575 6.97545C30.0032 7.12118 30.2294 6.97019 30.1426 6.78328C29.5002 5.40014 28.6206 4.12055 27.5 3C26.3794 1.87945 25.0999 0.99979 23.7167 0.35737Z\" fill=\"#2FC46F\"></path><path d=\"M0.857369 23.2167C0.770555 23.0298 0.996799 22.8788 1.14253 23.0245L7.47545 29.3575C7.62118 29.5032 7.47019 29.7294 7.28328 29.6426C5.90014 29.0002 4.62055 28.1206 3.5 27C2.37945 25.8794 1.49979 24.5999 0.857369 23.2167Z\" fill=\"#2FC46F\"></path><path d=\"M22.2416 8.25843C25.9648 11.9817 25.9648 18.0183 22.2416 21.7416C18.5183 25.4648 12.4817 25.4648 8.75842 21.7416C5.03516 18.0183 5.03516 11.9817 8.75843 8.25843C12.4817 4.53516 18.5183 4.53516 22.2416 8.25843Z\" fill=\"#2FC46F\"></path></svg><span class=\"sc-f84047c3-1 ezSuwK\">7.1</span></div></div></div></div></div></div></div></div><button data-testid=\"arrow-wrapper\" class=\"sc-f2315a90-1 cYsnat sc-9e76e0d2-2 iXBkOu variant-default\" target=\"_self\" type=\"button\"><div class=\"sc-f2315a90-6 bhoEiT\"><svg width=\"20\" height=\"20\" viewBox=\"0 0 20 20\" fill=\"#344054\" xmlns=\"http://www.w3.org/2000/svg\" style=\"transform:rotate(180deg)\"><path d=\"M15.8337 9.99984H4.16699M4.16699 9.99984L10.0003 15.8332M4.16699 9.99984L10.0003 4.1665\" stroke=\"#344054\" stroke-width=\"1.66667\" stroke-linecap=\"round\" stroke-linejoin=\"round\"></path></svg></div></button></div></div></div></div></div></div></main><div class=\"sc-4f506908-10 ivpekb\"><main class=\"sc-88ea37bc-0 iYFYsU\"><div data-name=\"row\" data-testid=\"row\" class=\"sc-9096b87d-0 dJwpMk\"><div class=\"sc-9096b87d-1 jNtrde\"><div class=\"sc-14e274ff-0 dofCKu\"><div class=\"sc-4f506908-3 kEnTXt\"><div class=\"sc-4f506908-8 bXFjkC\"><div class=\"sc-4f506908-11 dZqrKA\"><div class=\"sc-4f506908-12 dprmHe\"><a href=\"/\"><svg width=\"32\" height=\"30\" viewBox=\"0 0 31 30\" fill=\"none\" xmlns=\"http://www.w3.org/2000/svg\"><path d=\"M28.1105 14.1274C28.2333 14.2501 28.4403 14.1584 28.4268 13.9853C28.1948 11.0128 26.9421 8.10501 24.6685 5.83147C22.395 3.55792 19.4872 2.30518 16.5147 2.07325C16.3416 2.05975 16.2499 2.26672 16.3726 2.38949L28.1105 14.1274Z\" fill=\"white\"></path><path d=\"M28.4268 16.0147C28.4403 15.8416 28.2333 15.7499 28.1105 15.8726L16.3726 27.6105C16.2499 27.7333 16.3416 27.9403 16.5147 27.9268C19.4872 27.6948 22.395 26.4421 24.6685 24.1685C26.9421 21.895 28.1948 18.9872 28.4268 16.0147Z\" fill=\"white\"></path><path d=\"M14.6274 27.6105C14.7501 27.7333 14.6584 27.9403 14.4853 27.9268C11.5128 27.6948 8.60501 26.4421 6.33146 24.1685C4.05791 21.895 2.80517 18.9872 2.57324 16.0147C2.55974 15.8416 2.76671 15.7499 2.88948 15.8726L14.6274 27.6105Z\" fill=\"white\"></path><path d=\"M2.57324 13.9853C2.55974 14.1584 2.76671 14.2501 2.88948 14.1274L14.6274 2.38949C14.7501 2.26672 14.6584 2.05975 14.4853 2.07325C11.5128 2.30518 8.60501 3.55792 6.33146 5.83146C4.05791 8.10501 2.80517 11.0128 2.57324 13.9853Z\" fill=\"white\"></path><path d=\"M29.3103 10.4733C29.449 10.612 29.6737 10.4783 29.6118 10.2922C28.9052 8.16887 27.7069 6.17323 26.0169 4.48315C24.3268 2.79307 22.3311 1.59476 20.2078 0.888225C20.0217 0.826299 19.888 1.05097 20.0267 1.18966L29.3103 10.4733Z\" fill=\"white\"></path><path d=\"M29.6118 19.7078C29.6737 19.5217 29.449 19.388 29.3103 19.5267L20.0267 28.8103C19.888 28.949 20.0217 29.1737 20.2078 29.1118C22.3311 28.4052 24.3268 27.2069 26.0169 25.5169C27.7069 23.8268 28.9052 21.8311 29.6118 19.7078Z\" fill=\"white\"></path><path d=\"M10.9733 28.8103C11.112 28.949 10.9783 29.1737 10.7922 29.1118C8.66886 28.4053 6.67323 27.2069 4.98314 25.5169C3.29306 23.8268 2.09475 21.8311 1.38822 19.7078C1.32629 19.5217 1.55096 19.388 1.68965 19.5267L10.9733 28.8103Z\" fill=\"white\"></path><path d=\"M1.38822 10.2922C1.32629 10.4783 1.55096 10.612 1.68965 10.4733L10.9733 1.18966C11.112 1.05096 10.9783 0.826299 10.7922 0.888224C8.66886 1.59476 6.67323 2.79306 4.98314 4.48315C3.29306 6.17323 2.09475 8.16887 1.38822 10.2922Z\" fill=\"white\"></path><path d=\"M30.1426 23.2167C30.2295 23.0298 30.0032 22.8788 29.8575 23.0245L23.5246 29.3575C23.3788 29.5032 23.5298 29.7294 23.7167 29.6426C25.0999 29.0002 26.3795 28.1205 27.5 27C28.6206 25.8794 29.5002 24.5998 30.1426 23.2167Z\" fill=\"white\"></path><path d=\"M7.28329 0.357357C7.4702 0.270544 7.62119 0.496787 7.47546 0.642514L1.14254 6.97544C0.996811 7.12117 0.770567 6.97018 0.857381 6.78327C1.4998 5.40013 2.37946 4.12054 3.50001 2.99999C4.62057 1.87943 5.90015 0.999776 7.28329 0.357357Z\" fill=\"white\"></path><path d=\"M23.7167 0.35737C23.5298 0.270558 23.3788 0.4968 23.5245 0.642527L29.8575 6.97545C30.0032 7.12118 30.2294 6.97019 30.1426 6.78328C29.5002 5.40014 28.6206 4.12055 27.5 3C26.3794 1.87945 25.0999 0.99979 23.7167 0.35737Z\" fill=\"white\"></path><path d=\"M0.857369 23.2167C0.770555 23.0298 0.996799 22.8788 1.14253 23.0245L7.47545 29.3575C7.62118 29.5032 7.47019 29.7294 7.28328 29.6426C5.90014 29.0002 4.62055 28.1206 3.5 27C2.37945 25.8794 1.49979 24.5999 0.857369 23.2167Z\" fill=\"white\"></path><path d=\"M22.2416 8.25843C25.9648 11.9817 25.9648 18.0183 22.2416 21.7416C18.5183 25.4648 12.4817 25.4648 8.75842 21.7416C5.03516 18.0183 5.03516 11.9817 8.75843 8.25843C12.4817 4.53516 18.5183 4.53516 22.2416 8.25843Z\" fill=\"white\"></path></svg></a></div></div><div class=\"sc-4f506908-11 dZqrKA\"><div class=\"sc-bb1caac0-0 fzUKEN\"><div data-testid=\"social-icon\"><a aria-label=\"Twitter\" href=\"https://twitter.com/SensCritique?ref_src=twsrc%5Egoogle%7Ctwcamp%5Eserp%7Ctwgr%5Eauthor\" rel=\"noreferrer\" target=\"_blank\"><svg xmlns=\"http://www.w3.org/2000/svg\" width=\"24\" height=\"24\" viewBox=\"0 0 23 22\" fill=\"none\"><path fill-rule=\"evenodd\" clip-rule=\"evenodd\" d=\"M15.4357 22L9.88628 14.0901L2.9391 22H0L8.58232 12.2311L0 0H7.54595L12.7762 7.45502L19.3295 0H22.2686L14.0846 9.31648L22.9816 22H15.4357ZM18.7087 19.77H16.73L4.20835 2.23H6.18734L11.2024 9.25316L12.0696 10.4719L18.7087 19.77Z\" fill=\"#85888E\"></path></svg></a></div><div data-testid=\"social-icon\"><a aria-label=\"Facebook\" href=\"https://www.facebook.com/senscritique/\" rel=\"noreferrer\" target=\"_blank\"><svg fill=\"#85888E\" height=\"24\" id=\"Ebene_1\" version=\"1.1\" viewBox=\"0 0 1024 1024\" width=\"24\" x=\"0px\" xmlns=\"http://www.w3.org/2000/svg\" xmlns:xlink=\"http://www.w3.org/1999/xlink\" xml:space=\"preserve\" y=\"0px\"><g><path class=\"st0\" d=\"M1024,512C1024,229.2,794.8,0,512,0S0,229.2,0,512c0,255.6,187.2,467.4,432,505.8V660H302V512h130V399.2   C432,270.9,508.4,200,625.4,200c56,0,114.6,10,114.6,10v126h-64.6c-63.6,0-83.4,39.5-83.4,80v96h142l-22.7,148H592v357.8   C836.8,979.4,1024,767.6,1024,512z\"></path></g></svg></a></div><div data-testid=\"social-icon\"><a aria-label=\"Instagram\" href=\"https://www.instagram.com/senscritique/?hl=fr\" rel=\"noreferrer\" target=\"_blank\"><svg height=\"24\" id=\"insta_icon\" version=\"1.1\" viewBox=\"0 0 20 20\" width=\"24\" x=\"0px\" xmlns=\"http://www.w3.org/2000/svg\" xmlns:xlink=\"http://www.w3.org/1999/xlink\" xml:space=\"preserve\" y=\"0px\"><path d=\"M19.9805 5.88005C19.9336 4.81738 19.7617 4.0868 19.5156 3.45374C19.2616 2.78176 18.8709 2.18014 18.359 1.68002C17.8589 1.1721 17.2533 0.777435 16.5891 0.527447C15.9524 0.281274 15.2256 0.109427 14.163 0.0625732C13.0924 0.0117516 12.7525 0 10.0371 0C7.32173 0 6.98185 0.0117516 5.91521 0.0586052C4.85253 0.105459 4.12195 0.277459 3.48905 0.523479C2.81692 0.777435 2.2153 1.16814 1.71517 1.68002C1.20726 2.18014 0.812743 2.78573 0.562603 3.44992C0.316431 4.0868 0.144583 4.81341 0.0977295 5.87609C0.0469078 6.9467 0.0351562 7.28658 0.0351562 10.002C0.0351562 12.7173 0.0469078 13.0572 0.0937614 14.1239C0.140615 15.1865 0.312615 15.9171 0.558787 16.5502C0.812743 17.2221 1.20726 17.8238 1.71517 18.3239C2.2153 18.8318 2.82089 19.2265 3.48508 19.4765C4.12195 19.7226 4.84856 19.8945 5.91139 19.9413C6.97789 19.9883 7.31792 19.9999 10.0333 19.9999C12.7487 19.9999 13.0885 19.9883 14.1552 19.9413C15.2179 19.8945 15.9484 19.7226 16.5814 19.4765C17.9255 18.9568 18.9881 17.8941 19.5078 16.5502C19.7538 15.9133 19.9258 15.1865 19.9727 14.1239C20.0195 13.0572 20.0313 12.7173 20.0313 10.002C20.0313 7.28658 20.0273 6.9467 19.9805 5.88005ZM18.1794 14.0457C18.1364 15.0225 17.9723 15.5499 17.8356 15.9015C17.4995 16.7728 16.808 17.4643 15.9367 17.8004C15.5851 17.9372 15.0538 18.1012 14.0809 18.1441C13.026 18.1911 12.7096 18.2027 10.0411 18.2027C7.37256 18.2027 7.05221 18.1911 6.00113 18.1441C5.02438 18.1012 4.49693 17.9372 4.1453 17.8004C3.71172 17.6402 3.31705 17.3862 2.9967 17.0541C2.66461 16.7298 2.41065 16.3391 2.2504 15.9055C2.11366 15.5539 1.94959 15.0225 1.90671 14.0497C1.8597 12.9948 1.8481 12.6783 1.8481 10.0097C1.8481 7.34122 1.8597 7.02087 1.90671 5.96995C1.94959 4.99319 2.11366 4.46575 2.2504 4.11412C2.41065 3.68038 2.66461 3.28586 3.00067 2.96536C3.32483 2.63327 3.71553 2.37931 4.14927 2.21921C4.5009 2.08247 5.03232 1.9184 6.0051 1.87537C7.05999 1.82851 7.37652 1.81676 10.0449 1.81676C12.7174 1.81676 13.0338 1.82851 14.0848 1.87537C15.0616 1.9184 15.589 2.08247 15.9407 2.21921C16.3742 2.37931 16.7689 2.63327 17.0893 2.96536C17.4214 3.28967 17.6753 3.68038 17.8356 4.11412C17.9723 4.46575 18.1364 4.99701 18.1794 5.96995C18.2263 7.02484 18.238 7.34122 18.238 10.0097C18.238 12.6783 18.2263 12.9908 18.1794 14.0457Z\" fill=\"#85888E\"></path><path d=\"M10.0371 4.86419C7.20067 4.86419 4.89935 7.16536 4.89935 10.0019C4.89935 12.8385 7.20067 15.1396 10.0371 15.1396C12.8736 15.1396 15.1748 12.8385 15.1748 10.0019C15.1748 7.16536 12.8736 4.86419 10.0371 4.86419ZM10.0371 13.3346C8.19696 13.3346 6.70436 11.8422 6.70436 10.0019C6.70436 8.16164 8.19696 6.6692 10.0371 6.6692C11.8773 6.6692 13.3698 8.16164 13.3698 10.0019C13.3698 11.8422 11.8773 13.3346 10.0371 13.3346Z\" fill=\"#85888E\"></path><path d=\"M16.5776 4.66106C16.5776 5.32342 16.0405 5.86048 15.378 5.86048C14.7156 5.86048 14.1786 5.32342 14.1786 4.66106C14.1786 3.99855 14.7156 3.46164 15.378 3.46164C16.0405 3.46164 16.5776 3.99855 16.5776 4.66106Z\" fill=\"#85888E\"></path></svg></a></div><div data-testid=\"social-icon\"><a aria-label=\"TikTok\" href=\"https://www.tiktok.com/@senscritique\" rel=\"noreferrer\" target=\"_blank\"><svg fill=\"#85888E\" height=\"24\" id=\"Calque_1\" version=\"1.1\" viewBox=\"0 0 40 40\" width=\"24\" x=\"0px\" xmlns:xlink=\"http://www.w3.org/1999/xlink\" xmlns=\"http://www.w3.org/2000/svg\" xml:space=\"preserve\" y=\"0px\"><path class=\"st0\" d=\"M0,19.95C0,14.9,0,9.85,0,4.8c0-2.42,1.67-4.37,4.06-4.75C4.3,0.01,4.54,0,4.79,0c10.15,0,20.29,0,30.44,0  c2.67,0,4.77,2.09,4.77,4.76C40,14.92,40,25.07,40,35.22c0,2.7-2.09,4.77-4.81,4.77c-6.7,0.01-13.39,0-20.09,0  c-3.41,0-6.82,0-10.24,0C2.07,40,0,37.92,0,35.13C0,30.07,0,25.01,0,19.95z M17.17,17.08c-0.71,0.07-1.39,0.07-2.04,0.2  c-4.44,0.89-7.24,5.05-6.42,9.5c1.02,5.51,7.37,8.37,12.14,5.43c2.59-1.59,3.93-3.96,3.95-7c0.03-3.53,0.01-7.06,0.01-10.59  c0-0.09,0-0.18,0-0.36c1.7,2.02,1.73,1.97,2.9,2.53c1.18,0.56,2.41,0.78,3.71,0.66c0.01-0.07,0.02-0.11,0.02-0.14  c0-1.37,0-2.74,0-4.1c0-0.17-0.06-0.2-0.22-0.22c-2.82-0.37-4.8-1.86-5.9-4.48c-0.24-0.58-0.36-1.22-0.53-1.85  c-1.22,0-2.48,0-3.76,0c0,0.1,0,0.18,0,0.26c-0.02,6.05-0.03,12.1-0.05,18.15c0,0.28,0.01,0.56-0.04,0.83  c-0.39,2.26-2.63,3.82-4.93,3.45c-2-0.32-3.44-2.02-3.47-4.08c-0.03-1.97,1.4-3.72,3.37-4.07c0.41-0.07,0.83-0.06,1.26-0.09  C17.17,19.8,17.17,18.49,17.17,17.08z\"></path></svg></a></div><div data-testid=\"social-icon\"><a aria-label=\"LinkedIn\" href=\"https://fr.linkedin.com/company/senscritique\" rel=\"noreferrer\" target=\"_blank\"><svg height=\"24\" id=\"linkedin_icon\" version=\"1.1\" viewBox=\"0 0 20 20\" width=\"24\" x=\"0px\" xmlns=\"http://www.w3.org/2000/svg\" xmlns:xlink=\"http://www.w3.org/1999/xlink\" xml:space=\"preserve\" y=\"0px\"><path class=\"st0\" d=\"M18.1908 0H1.80916C0.81 0 0 0.81 0 1.80916V18.1908C0 19.19 0.81 20 1.80916 20H18.1908C19.19 20 20 19.19 20 18.1908V1.80916C20 0.81 19.19 0 18.1908 0ZM6.18885 17.2693C6.18885 17.5601 5.95314 17.7958 5.66236 17.7958H3.4212C3.13042 17.7958 2.89471 17.5601 2.89471 17.2693V7.8745C2.89471 7.58372 3.13042 7.34801 3.4212 7.34801H5.66236C5.95314 7.34801 6.18885 7.58372 6.18885 7.8745V17.2693ZM4.54178 6.46241C3.36592 6.46241 2.41267 5.50916 2.41267 4.3333C2.41267 3.15743 3.36592 2.20419 4.54178 2.20419C5.71764 2.20419 6.67089 3.15743 6.67089 4.3333C6.67089 5.50916 5.7177 6.46241 4.54178 6.46241ZM17.901 17.3117C17.901 17.5791 17.6843 17.7958 17.417 17.7958H15.012C14.7447 17.7958 14.528 17.5791 14.528 17.3117V12.905C14.528 12.2476 14.7208 10.0243 12.81 10.0243C11.3279 10.0243 11.0272 11.5461 10.9669 12.2291V17.3117C10.9669 17.5791 10.7502 17.7958 10.4828 17.7958H8.15681C7.88948 17.7958 7.67272 17.5791 7.67272 17.3117V7.83209C7.67272 7.56476 7.88948 7.34801 8.15681 7.34801H10.4828C10.7501 7.34801 10.9669 7.56476 10.9669 7.83209V8.65173C11.5164 7.82696 12.3332 7.19037 14.0722 7.19037C17.9231 7.19037 17.901 10.7881 17.901 12.7648V17.3117Z\" fill=\"#85888E\"></path></svg></a></div><div data-testid=\"social-icon\"><a aria-label=\"Youtube\" href=\"https://www.youtube.com/channel/UC0z41jmnOz-YHrmECr9sVzw\" rel=\"noreferrer\" target=\"_blank\"><svg height=\"24\" id=\"youtube_icon\" version=\"1.1\" viewBox=\"0 0 23 16\" width=\"24\" x=\"0px\" xmlns=\"http://www.w3.org/2000/svg\" xmlns:xlink=\"http://www.w3.org/1999/xlink\" xml:space=\"preserve\" y=\"0px\"><path class=\"st0\" d=\"M22.5261 2.50362C22.2611 1.52463 21.4842 0.752899 20.499 0.489286C18.6992 0 11.4997 0 11.4997 0C11.4997 0 4.30058 0 2.50075 0.470736C1.53451 0.734069 0.738685 1.52477 0.473646 2.50362C0 4.29172 0 8 0 8C0 8 0 11.727 0.473646 13.4964C0.738966 14.4752 1.51555 15.247 2.50089 15.5106C4.31953 16 11.5 16 11.5 16C11.5 16 18.6992 16 20.499 15.5293C21.4843 15.2658 22.2611 14.4941 22.5264 13.5152C22.9999 11.727 22.9999 8.01883 22.9999 8.01883C22.9999 8.01883 23.0189 4.29172 22.5261 2.50362ZM9.2076 11.4258V4.57416L15.1943 8L9.2076 11.4258Z\" fill=\"#85888E\"></path></svg></a></div></div></div></div><div class=\"sc-acd60cef-0 iZRYsd sc-4f506908-15 dMrucP\"><div class=\"sc-acd60cef-1 rTpul\"><div class=\"sc-acd60cef-2 jHnYiD\"><p class=\"sc-f84047c3-1 gxTFJS\">NOUVELLE APP MOBILE.<br/>NOUVELLE EXP├ëRIENCE.</p><p class=\"sc-f84047c3-0 kuNzEW\">T├®l├®chargez lÔÇÖapp SensCritique, explorez, vibrez et partagez vos avis sur vos ┼ôuvres pr├®f├®r├®es.</p></div><div class=\"sc-837d0715-0 jRskVz sc-acd60cef-4 BYLXY\"><a target=\"_blank\" class=\"sc-837d0715-1 ioMWfa\" href=\"https://apps.apple.com/fr/app/senscritique/id6738689514\"><svg width=\"16\" height=\"20\" viewBox=\"0 0 16 20\" fill=\"none\" xmlns=\"http://www.w3.org/2000/svg\"><path d=\"M13.3636 10.6359C13.3832 9.09202 14.1985 7.63115 15.4918 6.82249C14.6759 5.6374 13.3092 4.88602 11.8874 4.84078C10.3708 4.67889 8.90062 5.76366 8.12782 5.76366C7.34007 5.76366 6.15022 4.85685 4.86895 4.88366C3.19887 4.93853 1.64194 5.90417 0.82941 7.38906C-0.917205 10.4644 0.385612 14.9841 2.05872 17.47C2.89582 18.6873 3.87414 20.047 5.15425 19.9988C6.40692 19.9459 6.87477 19.1864 8.38684 19.1864C9.88489 19.1864 10.3238 19.9988 11.6299 19.9681C12.9741 19.9459 13.821 18.7454 14.6287 17.5166C15.2301 16.6493 15.693 15.6907 16 14.6763C14.4204 13.9969 13.3654 12.3802 13.3636 10.6359Z\" fill=\"white\"></path><path d=\"M10.8966 3.20595C11.6295 2.31119 11.9906 1.16113 11.9031 0C10.7834 0.1196 9.74914 0.663834 9.00635 1.52426C8.27999 2.36494 7.90199 3.49477 7.97345 4.61152C9.09356 4.62325 10.1947 4.09376 10.8966 3.20595Z\" fill=\"white\"></path></svg><svg width=\"76\" height=\"16\" viewBox=\"0 0 76 16\" fill=\"none\" xmlns=\"http://www.w3.org/2000/svg\"><path d=\"M47.0735 1.42693V3.71795H45.6375V5.22039H47.0735V10.3254C47.0735 12.0685 47.8621 12.7658 49.846 12.7658C50.1946 12.7658 50.5267 12.7243 50.8172 12.6745V11.1887C50.5682 11.2136 50.4104 11.2302 50.1365 11.2302C49.2483 11.2302 48.8582 10.8151 48.8582 9.86883V5.22039H50.8172V3.71795H48.8582V1.42693H47.0735Z\" fill=\"white\"></path><path d=\"M55.871 12.8903C58.5107 12.8903 60.1293 11.1222 60.1293 8.19207C60.1293 5.2785 58.5024 3.50213 55.871 3.50213C53.2314 3.50213 51.6044 5.2785 51.6044 8.19207C51.6044 11.1222 53.2231 12.8903 55.871 12.8903ZM55.871 11.3049C54.3188 11.3049 53.4472 10.1677 53.4472 8.19207C53.4472 6.23309 54.3188 5.08758 55.871 5.08758C57.415 5.08758 58.2949 6.23309 58.2949 8.19207C58.2949 10.1594 57.415 11.3049 55.871 11.3049Z\" fill=\"white\"></path><path d=\"M61.5142 12.716H63.2989V7.37859C63.2989 6.10857 64.2535 5.25359 65.6065 5.25359C65.922 5.25359 66.4532 5.3117 66.6026 5.3615V3.60174C66.4117 3.55193 66.0714 3.52703 65.8057 3.52703C64.627 3.52703 63.6226 4.17449 63.3653 5.06268H63.2325V3.67645H61.5142V12.716Z\" fill=\"white\"></path><path d=\"M71.0339 5.02117C72.3537 5.02117 73.217 5.94256 73.2585 7.36199H68.6931C68.7927 5.95086 69.7141 5.02117 71.0339 5.02117ZM73.2502 10.2756C72.9182 10.9811 72.1794 11.3713 71.1003 11.3713C69.6726 11.3713 68.7512 10.3669 68.6931 8.78143V8.68182H75.0764V8.05926C75.0764 5.22039 73.5573 3.50213 71.0422 3.50213C68.4939 3.50213 66.8752 5.3366 66.8752 8.22527C66.8752 11.1139 68.4607 12.8903 71.0505 12.8903C73.1174 12.8903 74.5617 11.8942 74.9685 10.2756H73.2502Z\" fill=\"white\"></path><path d=\"M35.3699 9.37783C35.5076 11.5975 37.3574 13.0171 40.1105 13.0171C43.0529 13.0171 44.894 11.5287 44.894 9.15414C44.894 7.28718 43.8444 6.25476 41.2978 5.66111L39.9298 5.32558C38.3124 4.94702 37.6585 4.43941 37.6585 3.55325C37.6585 2.4348 38.6737 1.7035 40.1965 1.7035C41.6419 1.7035 42.6399 2.41759 42.8206 3.56186H44.6962C44.5843 1.4712 42.7432 0 40.2223 0C37.5122 0 35.7055 1.4712 35.7055 3.6823C35.7055 5.50625 36.7293 6.59029 38.9748 7.11511L40.5751 7.50227C42.2183 7.88942 42.941 8.45726 42.941 9.40364C42.941 10.5049 41.8054 11.305 40.2567 11.305C38.5963 11.305 37.4434 10.5565 37.2799 9.37783H35.3699Z\" fill=\"white\"></path><path d=\"M16.8826 3.52703C15.6541 3.52703 14.5916 4.14129 14.0437 5.17059H13.9109V3.67645H12.1927V15.7209H13.9773V11.3464H14.1185C14.5916 12.301 15.6126 12.8654 16.8992 12.8654C19.1819 12.8654 20.6346 11.0641 20.6346 8.19207C20.6346 5.32 19.1819 3.52703 16.8826 3.52703ZM16.3763 11.2634C14.8821 11.2634 13.9441 10.0846 13.9441 8.20037C13.9441 6.30779 14.8821 5.12908 16.3846 5.12908C17.8953 5.12908 18.8001 6.28289 18.8001 8.19207C18.8001 10.1096 17.8953 11.2634 16.3763 11.2634Z\" fill=\"white\"></path><path d=\"M26.8794 3.52703C25.6509 3.52703 24.5884 4.14129 24.0405 5.17059H23.9077V3.67645H22.1895V15.7209H23.9741V11.3464H24.1153C24.5884 12.301 25.6094 12.8654 26.896 12.8654C29.1787 12.8654 30.6314 11.0641 30.6314 8.19207C30.6314 5.32 29.1787 3.52703 26.8794 3.52703ZM26.3731 11.2634C24.8789 11.2634 23.9409 10.0846 23.9409 8.20037C23.9409 6.30779 24.8789 5.12908 26.3814 5.12908C27.8921 5.12908 28.7969 6.28289 28.7969 8.19207C28.7969 10.1096 27.8921 11.2634 26.3731 11.2634Z\" fill=\"white\"></path><path d=\"M8.99067 12.716H11.0383L6.55588 0.301123H4.48243L0 12.716H1.97881L3.12308 9.42085H7.85501L8.99067 12.716ZM5.42022 2.55524H5.56647L7.36461 7.80339H3.61348L5.42022 2.55524Z\" fill=\"white\"></path></svg></a><a target=\"_blank\" class=\"sc-837d0715-1 ioMWfa\" href=\"https://play.google.com/store/apps/details?id=com.senscritique.senscritique\"><svg width=\"18\" height=\"20\" viewBox=\"0 0 18 20\" fill=\"none\" xmlns=\"http://www.w3.org/2000/svg\"><path d=\"M12.8828 13.5405L1.97559 19.7388C1.53562 19.9883 1.12882 20.0517 0.799805 19.9575L10.0498 10.7065L12.8828 13.5405ZM9.34277 9.99951L0.0976562 19.2456C0.0338315 19.0605 0 18.8435 0 18.5981V1.40186C0 1.15688 0.0337983 0.939595 0.0976562 0.754395L9.34277 9.99951ZM17.1396 8.87744C18.2259 9.49481 18.2258 10.5054 17.1396 11.1235L13.7861 13.0288L10.7568 9.99951L13.7842 6.97119L17.1396 8.87744ZM0.798828 0.0415039C1.12786 -0.0530849 1.5355 0.0112265 1.97559 0.26123L12.8828 6.4585L10.0498 9.29248L0.798828 0.0415039Z\" fill=\"white\"></path></svg><svg width=\"85\" height=\"18\" viewBox=\"0 0 85 18\" fill=\"none\" xmlns=\"http://www.w3.org/2000/svg\"><path d=\"M27.094 4.704C24.742 4.704 22.825 6.493 22.825 8.957C22.825 11.406 24.742 13.21 27.094 13.21C29.447 13.21 31.364 11.406 31.364 8.957C31.363 6.493 29.446 4.704 27.094 4.704ZM27.094 11.536C25.805 11.536 24.694 10.473 24.694 8.958C24.694 7.427 25.806 6.38 27.094 6.38C28.383 6.38 29.494 7.427 29.494 8.958C29.494 10.472 28.383 11.536 27.094 11.536ZM17.78 4.704C15.428 4.704 13.511 6.493 13.511 8.957C13.511 11.406 15.428 13.21 17.78 13.21C20.133 13.21 22.05 11.406 22.05 8.957C22.05 6.493 20.133 4.704 17.78 4.704ZM17.78 11.536C16.491 11.536 15.38 10.473 15.38 8.958C15.38 7.427 16.492 6.38 17.78 6.38C19.069 6.38 20.18 7.427 20.18 8.958C20.181 10.472 19.069 11.536 17.78 11.536ZM6.702 6.01V7.814H11.02C10.891 8.829 10.553 9.57 10.037 10.085C9.409 10.713 8.426 11.406 6.702 11.406C4.044 11.406 1.966 9.263 1.966 6.605C1.966 3.947 4.044 1.804 6.702 1.804C8.136 1.804 9.183 2.368 9.956 3.093L11.229 1.82C10.149 0.789001 8.716 8.8501e-07 6.702 8.8501e-07C3.061 8.8501e-07 -1.83105e-07 2.964 -1.83105e-07 6.605C-1.83105e-07 10.246 3.061 13.21 6.702 13.21C8.667 13.21 10.15 12.565 11.309 11.357C12.501 10.165 12.872 8.489 12.872 7.136C12.872 6.718 12.84 6.331 12.775 6.009H6.702V6.01ZM52.01 7.411C51.656 6.461 50.576 4.704 48.369 4.704C46.178 4.704 44.357 6.428 44.357 8.957C44.357 11.341 46.162 13.21 48.578 13.21C50.527 13.21 51.655 12.018 52.123 11.325L50.673 10.358C50.19 11.067 49.529 11.534 48.578 11.534C47.628 11.534 46.951 11.099 46.516 10.245L52.203 7.893L52.01 7.411ZM46.21 8.829C46.162 7.185 47.483 6.348 48.434 6.348C49.175 6.348 49.803 6.719 50.013 7.25L46.21 8.829ZM41.587 12.953H43.455V0.452001H41.587V12.953ZM38.525 5.655H38.461C38.042 5.155 37.236 4.704 36.222 4.704C34.095 4.704 32.146 6.573 32.146 8.974C32.146 11.358 34.095 13.211 36.222 13.211C37.237 13.211 38.042 12.76 38.461 12.245H38.525V12.857C38.525 14.484 37.655 15.354 36.254 15.354C35.11 15.354 34.401 14.533 34.111 13.84L32.484 14.517C32.951 15.644 34.191 17.03 36.254 17.03C38.445 17.03 40.298 15.741 40.298 12.599V4.963H38.526V5.655H38.525ZM36.383 11.536C35.094 11.536 34.015 10.456 34.015 8.974C34.015 7.475 35.094 6.38 36.383 6.38C37.655 6.38 38.654 7.475 38.654 8.974C38.654 10.456 37.655 11.536 36.383 11.536ZM60.764 0.452001H56.293V12.953H58.158V8.217H60.763C62.831 8.217 64.865 6.72 64.865 4.335C64.865 1.95 62.832 0.452001 60.764 0.452001ZM60.812 6.477H58.158V2.192H60.812C62.207 2.192 62.999 3.347 62.999 4.335C62.999 5.303 62.207 6.477 60.812 6.477ZM72.344 4.682C70.993 4.682 69.594 5.277 69.015 6.596L70.671 7.287C71.025 6.596 71.685 6.37 72.376 6.37C73.341 6.37 74.322 6.949 74.338 7.978V8.107C74 7.914 73.276 7.625 72.392 7.625C70.607 7.625 68.789 8.606 68.789 10.439C68.789 12.112 70.253 13.189 71.893 13.189C73.147 13.189 73.839 12.626 74.273 11.966H74.337V12.931H76.139V8.138C76.14 5.92 74.482 4.682 72.344 4.682ZM72.118 11.533C71.508 11.533 70.655 11.227 70.655 10.471C70.655 9.506 71.717 9.136 72.634 9.136C73.453 9.136 73.84 9.313 74.338 9.554C74.193 10.713 73.196 11.533 72.118 11.533ZM82.701 4.955L80.562 10.375H80.498L78.278 4.955H76.268L79.597 12.53L77.699 16.744H79.645L84.776 4.955H82.701ZM65.895 12.953H67.76V0.452001H65.895V12.953Z\" fill=\"white\"></path></svg></a></div><a data-testid=\"button\" class=\"sc-f2315a90-2 ibAjUU undefined variant-default\" href=\"/application\" target=\"_self\" type=\"button\"><span class=\"sc-f84047c3-0 sc-f2315a90-8 guEVjz khyZSq\">En savoir plus</span><div class=\"sc-f2315a90-6 bhoEiT\"><svg width=\"20\" height=\"20\" viewBox=\"0 0 20 20\" fill=\"white\" xmlns=\"http://www.w3.org/2000/svg\" style=\"transform:rotate(180deg)\"><path d=\"M15.8337 9.99984H4.16699M4.16699 9.99984L10.0003 15.8332M4.16699 9.99984L10.0003 4.1665\" stroke=\"white\" stroke-width=\"1.66667\" stroke-linecap=\"round\" stroke-linejoin=\"round\"></path></svg></div></a></div><div class=\"sc-acd60cef-3 dkGrjY\"><img alt=\"Application SensCritique\" fetchpriority=\"high\" decoding=\"async\" data-nimg=\"fill\" style=\"position:absolute;height:100%;width:100%;left:0;top:0;right:0;bottom:0;object-fit:contain;color:transparent\" src=\"/application/pub/application-desktop.png\"/></div></div><div class=\"sc-4f506908-13 fEByNU\"><div data-testid=\"support-container\" class=\"sc-ed3599c7-0 fDWFvI\"><button class=\"sc-ed3599c7-1 jstMMl\"><div class=\"sc-ed3599c7-2 jxqDea\"><svg width=\"24\" height=\"24\" viewBox=\"0 0 24 24\" fill=\"none\"><path d=\"M7 8.5H12M7 12H15M7 18V20.3355C7 20.8684 7 21.1348 7.10923 21.2716C7.20422 21.3906 7.34827 21.4599 7.50054 21.4597C7.67563 21.4595 7.88367 21.2931 8.29976 20.9602L10.6852 19.0518C11.1725 18.662 11.4162 18.4671 11.6875 18.3285C11.9282 18.2055 12.1844 18.1156 12.4492 18.0613C12.7477 18 13.0597 18 13.6837 18H16.2C17.8802 18 18.7202 18 19.362 17.673C19.9265 17.3854 20.3854 16.9265 20.673 16.362C21 15.7202 21 14.8802 21 13.2V7.8C21 6.11984 21 5.27976 20.673 4.63803C20.3854 4.07354 19.9265 3.6146 19.362 3.32698C18.7202 3 17.8802 3 16.2 3H7.8C6.11984 3 5.27976 3 4.63803 3.32698C4.07354 3.6146 3.6146 4.07354 3.32698 4.63803C3 5.27976 3 6.11984 3 7.8V14C3 14.93 3 15.395 3.10222 15.7765C3.37962 16.8117 4.18827 17.6204 5.22354 17.8978C5.60504 18 6.07003 18 7 18Z\" stroke=\"white\" stroke-width=\"2\" stroke-linecap=\"round\" stroke-linejoin=\"round\"></path></svg></div></button></div></div><div class=\"sc-4f506908-5 cbTnyA\"><div class=\"sc-4f506908-1 tldVn\"><a href=\"/films\" class=\"sc-f84047c3-1 sc-4f506908-7 ezSuwK fxjgTW\">Films</a><a href=\"/top/resultats/les_meilleurs_films_de_2025/3996052\" class=\"sc-f84047c3-0 sc-4f506908-6 kuNzEX wRsFk\">Top 2025 films</a><a href=\"/film/une_bataille_apres_l_autre/72691307\" class=\"sc-f84047c3-0 sc-4f506908-6 kuNzEX wRsFk\">Une bataille apr├¿s l&#x27;autre</a><a href=\"/film/avatar_de_feu_et_de_cendres/402589\" class=\"sc-f84047c3-0 sc-4f506908-6 kuNzEX wRsFk\">Avatar - De Feu et de Cendres</a><a href=\"/films/toujours-a-l-affiche\" class=\"sc-f84047c3-0 sc-4f506908-6 kuNzEX wRsFk\">Actualit├®</a></div><div class=\"sc-4f506908-1 tldVn\"><a href=\"/series\" class=\"sc-f84047c3-1 sc-4f506908-7 ezSuwK fxjgTW\">S├®ries</a><a href=\"/top/resultats/les_meilleures_series_de_2025/4001795\" class=\"sc-f84047c3-0 sc-4f506908-6 kuNzEX wRsFk\">Top 2025 s├®ries</a><a href=\"/serie/pluribus/51314485\" class=\"sc-f84047c3-0 sc-4f506908-6 kuNzEX wRsFk\">Pluribus</a><a href=\"/serie/a_knight_of_the_seven_kingdoms/78858393\" class=\"sc-f84047c3-0 sc-4f506908-6 kuNzEX wRsFk\">A Knight of the Seven Kingdoms</a><a href=\"/series/les-meilleures\" class=\"sc-f84047c3-0 sc-4f506908-6 kuNzEX wRsFk\">Les nouvelles s├®ries du moment</a></div><div class=\"sc-4f506908-1 tldVn\"><a href=\"/films\" class=\"sc-f84047c3-1 sc-4f506908-7 ezSuwK fxjgTW\">Jeux vid├®o</a><a href=\"/top/resultats/les_meilleurs_jeux_video_de_2025/4002475\" class=\"sc-f84047c3-0 sc-4f506908-6 kuNzEX wRsFk\">Top 2025 Jeux vid├®o</a><a href=\"/jeuvideo/hollow_knight_silksong/38944315\" class=\"sc-f84047c3-0 sc-4f506908-6 kuNzEX wRsFk\">Hollow Knight: Silksong</a><a href=\"/jeuvideo/metroid_prime_4/25446862\" class=\"sc-f84047c3-0 sc-4f506908-6 kuNzEX wRsFk\">Metroid Prime 4: Beyond</a><a href=\"/jeuxvideo/actualite\" class=\"sc-f84047c3-0 sc-4f506908-6 kuNzEX wRsFk\">Jeux populaires en ce moment</a></div><div class=\"sc-4f506908-1 tldVn\"><a href=\"/livres\" class=\"sc-f84047c3-1 sc-4f506908-7 ezSuwK fxjgTW\">Livres</a><a href=\"/top/resultats/les_meilleurs_livres_de_2025/4009445\" class=\"sc-f84047c3-0 sc-4f506908-6 kuNzEX wRsFk\">Top 2025 livres</a><a href=\"/livre/la_maison_vide/122435860\" class=\"sc-f84047c3-0 sc-4f506908-6 kuNzEX wRsFk\">La Maison vide</a><a href=\"/livre/kolkhoze/118760307\" class=\"sc-f84047c3-0 sc-4f506908-6 kuNzEX wRsFk\">Kolkhoze</a><a href=\"/livres/actualite\" class=\"sc-f84047c3-0 sc-4f506908-6 kuNzEX wRsFk\">Livres populaires en ce moment</a></div><div class=\"sc-4f506908-1 tldVn\"><a href=\"/bd\" class=\"sc-f84047c3-1 sc-4f506908-7 ezSuwK fxjgTW\">BD</a><a href=\"/top/resultats/les_meilleures_bd_de_2025/4011381\" class=\"sc-f84047c3-0 sc-4f506908-6 kuNzEX wRsFk\">Top 2025 BD</a><a href=\"/bd/asterix_en_lusitanie_asterix_tome_41/108928073\" class=\"sc-f84047c3-0 sc-4f506908-6 kuNzEX wRsFk\">Ast├®rix en Lusitanie - Ast├®rix, tome 41</a><a href=\"/bd/silent_jenny/45427682\" class=\"sc-f84047c3-0 sc-4f506908-6 kuNzEX wRsFk\">Silent Jenny</a><a href=\"/bd/actualite\" class=\"sc-f84047c3-0 sc-4f506908-6 kuNzEX wRsFk\">Actualit├® BD</a></div><div class=\"sc-4f506908-1 tldVn\"><a href=\"/musique\" class=\"sc-f84047c3-1 sc-4f506908-7 ezSuwK fxjgTW\">Musique</a><a href=\"/top/resultats/les_meilleurs_albums_de_2025/4009588\" class=\"sc-f84047c3-0 sc-4f506908-6 kuNzEX wRsFk\">Top 2025 musiques</a><a href=\"/album/la_fuite_en_avant/128378645\" class=\"sc-f84047c3-0 sc-4f506908-6 kuNzEX wRsFk\">La fuite en avant</a><a href=\"/album/lux/127925886\" class=\"sc-f84047c3-0 sc-4f506908-6 kuNzEX wRsFk\">LUX</a><a href=\"/musique/actualite\" class=\"sc-f84047c3-0 sc-4f506908-6 kuNzEX wRsFk\">Album du moment</a></div></div><div class=\"sc-4f506908-0 jIOwwZ\"><a href=\"/\"><svg width=\"200\" height=\"27\" viewBox=\"0 0 150 20\" fill=\"white\"><path d=\"M16.0233 8.13169C16.0954 8.20409 16.217 8.14999 16.2091 8.04792C16.0728 6.295 15.3368 4.58024 14.001 3.23951C12.6652 1.89877 10.9568 1.16002 9.21041 1.02325C9.10871 1.01528 9.05481 1.13734 9.12694 1.20974L16.0233 8.13169Z\" fill=\"white\"></path><path d=\"M16.2091 9.24467C16.217 9.14259 16.0954 9.0885 16.0233 9.16089L9.12694 16.0828C9.05481 16.1552 9.10871 16.2773 9.21041 16.2693C10.9568 16.1326 12.6652 15.3938 14.001 14.0531C15.3368 12.7123 16.0728 10.9976 16.2091 9.24467Z\" fill=\"white\"></path><path d=\"M8.10156 16.0829C8.17369 16.1552 8.11979 16.2773 8.01809 16.2693C6.27167 16.1326 4.56326 15.3938 3.22749 14.0531C1.89172 12.7123 1.15571 10.9976 1.01944 9.24467C1.01151 9.14259 1.13311 9.0885 1.20524 9.16089L8.10156 16.0829Z\" fill=\"white\"></path><path d=\"M1.01944 8.04792C1.01151 8.14999 1.13311 8.20409 1.20524 8.13169L8.10155 1.20973C8.17369 1.13734 8.11979 1.01528 8.01809 1.02325C6.27167 1.16002 4.56326 1.89877 3.22749 3.23951C1.89172 4.58024 1.15571 6.295 1.01944 8.04792Z\" fill=\"white\"></path><path d=\"M16.7282 5.97683C16.8097 6.05862 16.9417 5.97982 16.9053 5.87007C16.4902 4.6179 15.7861 3.44105 14.7932 2.44439C13.8002 1.44773 12.6277 0.741072 11.3802 0.324423C11.2708 0.287905 11.1923 0.420393 11.2738 0.502182L16.7282 5.97683Z\" fill=\"white\"></path><path d=\"M16.9053 11.4225C16.9417 11.3128 16.8097 11.234 16.7282 11.3158L11.2738 16.7904C11.1923 16.8722 11.2708 17.0047 11.3802 16.9682C12.6277 16.5515 13.8002 15.8449 14.7932 14.8482C15.7861 13.8515 16.4902 12.6747 16.9053 11.4225Z\" fill=\"white\"></path><path d=\"M5.95468 16.7904C6.03616 16.8722 5.95766 17.0047 5.84832 16.9682C4.60078 16.5515 3.42829 15.8449 2.43532 14.8482C1.44235 13.8515 0.738317 12.6747 0.323211 11.4225C0.286828 11.3128 0.418825 11.234 0.50031 11.3158L5.95468 16.7904Z\" fill=\"white\"></path><path d=\"M0.323211 5.87007C0.286828 5.97982 0.418825 6.05862 0.500311 5.97683L5.95468 0.502181C6.03616 0.420393 5.95766 0.287905 5.84832 0.324423C4.60078 0.741072 3.42829 1.44773 2.43532 2.44439C1.44235 3.44105 0.738317 4.6179 0.323211 5.87007Z\" fill=\"white\"></path><path d=\"M17.2172 13.4918C17.2682 13.3815 17.1353 13.2925 17.0497 13.3784L13.3289 17.113C13.2433 17.199 13.332 17.3324 13.4418 17.2812C14.2544 16.9024 15.0062 16.3836 15.6646 15.7228C16.3229 15.062 16.8397 14.3074 17.2172 13.4918Z\" fill=\"white\"></path><path d=\"M3.78672 0.0113651C3.89653 -0.03983 3.98525 0.0935877 3.89963 0.179525L0.178867 3.91412C0.0932487 4.00006 -0.0396753 3.91102 0.0113302 3.80079C0.388768 2.98514 0.90559 2.23056 1.56394 1.56975C2.2223 0.90895 2.97409 0.390206 3.78672 0.0113651Z\" fill=\"white\"></path><path d=\"M13.4418 0.0113729C13.332 -0.0398223 13.2433 0.093595 13.3289 0.179532L17.0496 3.91413C17.1353 4.00006 17.2682 3.91102 17.2172 3.8008C16.8397 2.98515 16.3229 2.23056 15.6646 1.56976C15.0062 0.908957 14.2544 0.390214 13.4418 0.0113729Z\" fill=\"white\"></path><path d=\"M0.011323 13.4918C-0.0396825 13.3816 0.0932415 13.2925 0.17886 13.3785L3.89962 17.113C3.98524 17.199 3.89653 17.3324 3.78671 17.2812C2.97408 16.9024 2.22229 16.3836 1.56394 15.7228C0.905583 15.062 0.38876 14.3074 0.011323 13.4918Z\" fill=\"white\"></path><path d=\"M12.5751 4.67071C14.7626 6.86637 14.7626 10.4262 12.5751 12.6219C10.3876 14.8175 6.84092 14.8175 4.6534 12.6219C2.46588 10.4262 2.46588 6.86636 4.6534 4.67071C6.84092 2.47506 10.3876 2.47506 12.5751 4.67071Z\" fill=\"white\"></path><path d=\"M97.2295 16.0054V4.86574H99.5477V16.0054H97.2295Z\" fill=\"white\"></path><path d=\"M97.168 3.36261V0.974078H99.6092V3.36261H97.168Z\" fill=\"white\"></path><path d=\"M25.6698 10.5282L23.2901 11.1048C24.0697 14.3787 26.7366 16.2731 30.3882 16.2731C33.8962 16.2731 36.3579 14.5228 36.3579 11.7431C36.3579 8.62987 33.293 8.06329 30.9588 7.6318L30.9216 7.62492L29.7112 7.41901C27.9675 7.08955 26.2648 6.73951 26.2648 5.31874C26.2648 4.10388 27.5367 3.09493 29.6086 3.09493C31.6191 3.09493 33.1371 4.0627 33.7936 6.32769L36.1528 5.75115C35.2912 2.60075 32.8294 1.01526 29.6291 1.01526C26.2442 1.01526 23.844 2.76548 23.844 5.4217C23.844 8.51032 27.0853 9.08686 29.1778 9.4575L30.4087 9.684C32.255 10.0135 33.9372 10.3635 33.9372 11.8254C33.9372 13.0815 32.6858 14.1934 30.3677 14.1934C27.8033 14.1934 26.3058 12.855 25.6698 10.5282Z\" fill=\"white\"></path><path fill-rule=\"evenodd\" clip-rule=\"evenodd\" d=\"M42.9448 4.59806C39.5189 4.59806 37.1803 6.9866 37.1803 10.4253C37.1803 13.8845 39.5805 16.2731 43.0679 16.2731C45.7143 16.2731 47.7452 14.8729 48.5248 12.6285L46.3503 11.8872C45.8374 13.3903 44.6476 14.2552 43.0474 14.2552C41.1601 14.2552 39.7856 13.0197 39.5189 11.1254H48.7094V10.487C48.7094 6.94542 46.3092 4.59806 42.9448 4.59806ZM46.3503 9.51927H39.5394C39.8677 7.74846 41.1806 6.61596 42.9859 6.61596C44.7501 6.61596 46.0425 7.70728 46.3503 9.51927Z\" fill=\"white\"></path><path d=\"M49.9289 16.0054V4.86574H52.2471V7.52196H52.2881C52.9446 5.60701 54.319 4.59806 56.4525 4.59806C59.2425 4.59806 60.6786 6.32769 60.6786 9.64282V16.0054H58.3604V9.9105C58.3604 7.72787 57.4783 6.67774 55.5909 6.67774C53.5395 6.67774 52.2471 7.91319 52.2471 9.9105V16.0054H49.9289Z\" fill=\"white\"></path><path d=\"M63.7511 12.0314L61.474 12.5667C62.192 15.0582 64.7973 16.2731 67.4232 16.2731C70.1311 16.2731 72.4903 14.9964 72.4903 12.6491C72.4903 10.2811 70.1106 9.86932 68.1412 9.53986L66.9103 9.33395C65.5769 9.12805 64.346 8.88095 64.346 7.99555C64.346 7.17192 65.3512 6.51301 66.8283 6.51301C68.2027 6.51301 69.6388 7.08955 70.049 8.53091L72.3262 7.99555C71.6287 5.68938 69.29 4.59806 66.8693 4.59806C64.2639 4.59806 62.0279 5.83351 62.0279 8.05732C62.0279 10.5076 64.7768 10.9606 66.459 11.2283L67.6899 11.4342C68.9823 11.6195 70.1926 11.846 70.1926 12.7314C70.1926 13.6168 69.0028 14.3581 67.4232 14.3581C65.9051 14.3581 64.387 13.6992 63.7511 12.0314Z\" fill=\"white\"></path><path d=\"M73.2009 8.63387C73.2009 4.12447 76.2371 1.01526 80.6682 1.01526C84.3327 1.01526 87.1079 3.18023 87.9036 6.59825L85.5472 7.11742C84.9773 4.6924 83.1737 3.21848 80.7092 3.21848C77.6731 3.21848 75.6216 5.4217 75.6216 8.65446C75.6216 11.8666 77.6731 14.0698 80.7092 14.0698C83.3346 14.0698 85.2041 12.4045 85.6187 9.7579L87.9858 10.2744C87.3349 13.9319 84.4946 16.2731 80.6682 16.2731C76.2371 16.2731 73.2009 13.1638 73.2009 8.63387Z\" fill=\"white\"></path><path d=\"M91.5528 16.0054V10.6724C91.5528 8.48973 92.64 7.33664 95.2249 7.33664H96.4558V4.86574H95.5326C93.0914 4.86574 92.1067 6.03942 91.5938 8.22205H91.5528V4.86574H89.2346V16.0054H91.5528Z\" fill=\"white\"></path><path d=\"M100.582 6.88365H102.51V11.846C102.51 15.0376 104.131 16.2731 106.469 16.2731C107.249 16.2731 108.111 16.1289 109.116 15.8818L108.767 13.8639C108.07 14.0493 107.495 14.1522 106.9 14.1522C105.69 14.1522 104.828 13.7198 104.828 11.7637V6.88365H108.952V4.86574H104.828V2.0448H102.51V4.86574H100.582V6.88365Z\" fill=\"white\"></path><path d=\"M110.011 16.0054V4.86574H112.329V16.0054H110.011Z\" fill=\"white\"></path><path d=\"M109.95 3.36261V0.974078H112.391V3.36261H109.95Z\" fill=\"white\"></path><path fill-rule=\"evenodd\" clip-rule=\"evenodd\" d=\"M118.451 4.59806C115.456 4.59806 113.589 6.80128 113.589 10.4459C113.589 14.0904 115.456 16.2731 118.451 16.2731C120.461 16.2731 122.041 15.2641 122.759 13.2874H122.8V20H125.118V4.86574H122.8V7.60432H122.759C122.041 5.6276 120.461 4.59806 118.451 4.59806ZM119.169 14.214C117.158 14.214 115.887 12.855 115.887 10.4664C115.887 8.05732 117.179 6.65715 119.169 6.65715C121.282 6.65715 122.8 8.16028 122.8 10.4459C122.8 12.7314 121.282 14.214 119.169 14.214Z\" fill=\"white\"></path><path d=\"M126.536 11.2283V4.86574H128.854V10.9606C128.854 13.1433 129.736 14.1934 131.624 14.1934C133.655 14.1934 134.967 12.9579 134.967 10.9606V4.86574H137.286V16.0054H134.967V13.3492H134.926C134.27 15.2641 132.896 16.2731 130.762 16.2731C127.972 16.2731 126.536 14.5434 126.536 11.2283Z\" fill=\"white\"></path><path fill-rule=\"evenodd\" clip-rule=\"evenodd\" d=\"M144.235 4.59806C140.809 4.59806 138.471 6.9866 138.471 10.4253C138.471 13.8845 140.871 16.2731 144.358 16.2731C147.005 16.2731 149.036 14.8729 149.815 12.6285L147.641 11.8872C147.128 13.3903 145.938 14.2552 144.338 14.2552C142.451 14.2552 141.076 13.0197 140.809 11.1254H150V10.487C150 6.94542 147.6 4.59806 144.235 4.59806ZM147.641 9.51927H140.83C141.158 7.74846 142.471 6.61596 144.276 6.61596C146.041 6.61596 147.333 7.70728 147.641 9.51927Z\" fill=\"white\"></path></svg></a><p class=\"sc-f84047c3-0 sc-4f506908-9 kuNzEX eGesay\"><a href=\"/apropos\" class=\"sc-f84047c3-0 sc-4f506908-6 kuNzEX wRsFk\">├Ç propos</a><a href=\"/application\" class=\"sc-f84047c3-0 sc-4f506908-6 kuNzEX wRsFk\">Notre application mobile </a><a href=\"/extension\" class=\"sc-f84047c3-0 sc-4f506908-6 kuNzEX wRsFk\">Notre extension</a><a href=\"https://senscritique.eu.helpdocs.com\" class=\"sc-f84047c3-0 sc-4f506908-6 kuNzEX wRsFk\">Aide</a><span class=\"sc-4f506908-2 eCwTec\"><span class=\"sc-f84047c3-0 sc-4f506908-6 kuNzEX wRsFk\">Nous contacter</span></span><a href=\"https://www.welcometothejungle.com/fr/companies/senscritique\" rel=\"noreferrer\" target=\"_blank\"><span class=\"sc-f84047c3-0 sc-4f506908-6 kuNzEX wRsFk\">Emploi</span></a><a href=\"/l-edito\"><span class=\"sc-f84047c3-0 sc-4f506908-6 kuNzEX wRsFk\">L&#x27;├®dito</span></a><a href=\"https://senscritique.notion.site/Conditions-G-n-rales-d-Utilisation-7299753eb9a7458dacf185bc2aecc16a\" rel=\"noreferrer\" target=\"_blank\"><span class=\"sc-f84047c3-0 sc-4f506908-6 kuNzEX wRsFk\">CGU</span></a><a target=\"_blank\" href=\"https://www.amazon.fr/?&amp;_encoding=UTF8&amp;tag=senscritiqu09-21&amp;linkCode=ur2&amp;linkId=a896dec485e76542d48e6d9881f52c0d&amp;camp=1642&amp;creative=6746\"><span class=\"sc-f84047c3-0 sc-4f506908-6 kuNzEX wRsFk\">Amazon</span></a><a target=\"_blank\" href=\"https://welovesota.com/\"><span class=\"sc-f84047c3-0 sc-4f506908-6 kuNzEX wRsFk\">SOTA</span></a></p><p class=\"sc-f84047c3-0 sc-4f506908-4 kuNzEX ejLPGH\">┬® 2025 SensCritique</p></div></div></div></div></div></main></div></div></div><div></div><style>\n    #nprogress {\n      pointer-events: none;\n    }\n    #nprogress .bar {\n      background: #00FF53;\n      position: fixed;\n      z-index: 9999;\n      top: 0;\n      left: 0;\n      width: 100%;\n      height: 3px;\n    }\n    #nprogress .peg {\n      display: block;\n      position: absolute;\n      right: 0px;\n      width: 100px;\n      height: 100%;\n      box-shadow: 0 0 10px #00FF53, 0 0 5px #00FF53;\n      opacity: 1;\n      -webkit-transform: rotate(3deg) translate(0px, -4px);\n      -ms-transform: rotate(3deg) translate(0px, -4px);\n      transform: rotate(3deg) translate(0px, -4px);\n    }\n    #nprogress .spinner {\n      display: block;\n      position: fixed;\n      z-index: 1031;\n      top: 15px;\n      right: 15px;\n    }\n    #nprogress .spinner-icon {\n      width: 18px;\n      height: 18px;\n      box-sizing: border-box;\n      border: solid 2px transparent;\n      border-top-color: #00FF53;\n      border-left-color: #00FF53;\n      border-radius: 50%;\n      -webkit-animation: nprogresss-spinner 400ms linear infinite;\n      animation: nprogress-spinner 400ms linear infinite;\n    }\n    .nprogress-custom-parent {\n      overflow: hidden;\n      position: relative;\n    }\n    .nprogress-custom-parent #nprogress .spinner,\n    .nprogress-custom-parent #nprogress .bar {\n      position: absolute;\n    }\n    @-webkit-keyframes nprogress-spinner {\n      0% {\n        -webkit-transform: rotate(0deg);\n      }\n      100% {\n        -webkit-transform: rotate(360deg);\n      }\n    }\n    @keyframes nprogress-spinner {\n      0% {\n        transform: rotate(0deg);\n      }\n      100% {\n        transform: rotate(360deg);\n      }\n    }\n  </style></div><div id=\"portal\"></div><script id=\"__NEXT_DATA__\" type=\"application/json\">{\"props\":{\"pageProps\":{\"_nextI18Next\":{\"initialI18nStore\":{\"fr\":{\"common\":{\"websiteName\":\"SensCritique\",\"seo\":{\"titleSuffix\":\" - $t(websiteName)\",\"userFullName\":\"{{name}} (@{{username}})\"},\"autocomplete\":{\"label\":{\"result\":\"R├®sultats\",\"filter\":\"filtres\"},\"universe\":{\"all\":\"Tout\",\"musicAlbum_one\":\"{{count}} album\",\"musicAlbum_other\":\"{{count}} albums\",\"book_one\":\"{{count}} livre\",\"book_other\":\"{{count}} livres\",\"movie_one\":\"{{count}} film\",\"movie_other\":\"{{count}} films\",\"game_one\":\"{{count}} jeu vid├®o\",\"game_other\":\"{{count}} jeux vid├®o\",\"comicBook_one\":\"{{count}} BD\",\"comicBook_other\":\"{{count}} BD\",\"tvShow_one\":\"{{count}} s├®rie\",\"tvShow_other\":\"{{count}} s├®ries\",\"contact_one\":\"{{count}} artiste\",\"contact_other\":\"{{count}} artistes\"}},\"bannerValidEmail\":{\"callback\":\"Ô£à Mail de validation envoy├®\",\"confirm\":\"Confirmez votre adresse email.\",\"modify\":\"Modifier votre adresse\",\"resend\":\"renvoyer le mail de confirmation\",\"error\":\"ÔØî Erreur lors de l'envoi du mail de validation\"},\"actualite\":{\"tvShow\":{\"title\":\"S├®ries du moment\",\"seo\":{\"description\":\"Les meilleures s├®ries ├á voir en ce moment : les s├®ries les plus populaires dont la diffusion est en cours dans leur pays d'origine.\",\"title\":\"S├®ries diffus├®es en ce moment$t(seo.titleSuffix)\"}},\"game\":{\"title\":\"Jeux populaires\",\"seo\":{\"description\":\"Les meilleurs jeux vid├®o du moment, tous les jeux qui font l'actualit├® en ce moment sur console et PC, bref, ceux qu'il ne faut pas louper.\",\"title\":\"Jeux populaires dans l'actualit├®$t(seo.titleSuffix)\"}},\"book\":{\"title\":\"Livres du moment\",\"seo\":{\"description\":\"Les livres les plus populaires dans l'actualit├®, en poche et grand format, avec la possibilit├® de classer par meilleure note.\",\"title\":\"Livres populaires dans l'actualit├®$t(seo.titleSuffix)\"}},\"musicAlbum\":{\"title\":\"Prochaines sorties musicales\",\"seo\":{\"description\":\"Les meilleurs albums du moment ├á ├®couter et toutes les sorties r├®centes les plus populaires. D├®couvrez les albums de musique ├á ne surtout pas rater.\",\"title\":\"Actualit├® musicale$t(seo.titleSuffix)\"}},\"comicBook\":{\"title\":\"Prochaines sorties BD Franco-Belge\",\"seo\":{\"description\":\"Les meilleures BD franco-belge ├á lire en ce moment. Toutes les bandes dessin├®es franco-belge qui font l'actualit├®.\",\"title\":\"Actualit├® BD Franco-Belge$t(seo.titleSuffix)\"}},\"comicBook_mangas\":{\"title\":\"Prochaines sorties Mangas\",\"seo\":{\"description\":\"Les meilleurs Mangas ├á lire en ce moment. Toutes les bandes dessin├®es japonaises qui font l'actualit├®.\",\"title\":\"Actualit├® des Mangas$t(seo.titleSuffix)\"}},\"comicBook_comics\":{\"title\":\"Prochaines sorties comics\",\"seo\":{\"description\":\"Les meilleurs Comics ├á lire en ce moment. Toutes les bandes dessin├®es am├®ricaines qui font l'actualit├®.\",\"title\":\"Actualit├® des Comics$t(seo.titleSuffix)\"}}},\"awaited\":{\"movie\":{\"title\":\"Films les plus attendus\",\"seo\":{\"description\":\"Les films les plus attendus par les utilisateurs sur SensCritique, class├®s par popularit├® et degr├® d'attente. Tous ces films sortiront prochainement. Retrouvez les informations sur ces films avant leur sortie.\",\"title\":\"Films les plus attendus$t(seo.titleSuffix)\"}},\"tvShow\":{\"title\":\"S├®ries les plus attendues\",\"seo\":{\"description\":\"Les s├®ries les plus attendues par les utilisateurs sur SensCritique, class├®es par popularit├® et degr├® d'attente. Toutes ces s├®ries sortiront prochainement. Retrouvez les informations sur ces s├®ries avant leur sortie.\",\"title\":\"S├®ries les plus attendues$t(seo.titleSuffix)\"}},\"game\":{\"title\":\"Jeux les plus attendus\",\"seo\":{\"description\":\"Les jeux vid├®o les plus attendus par les utilisateurs sur SensCritique, class├®s par popularit├® et degr├® d'attente. Tous ces jeux sortiront prochainement. Retrouvez les informations sur ces jeux avant leur sortie.\",\"title\":\"Jeux vid├®o les plus attendus$t(seo.titleSuffix)\"}},\"book\":{\"title\":\"Livres les plus attendus\",\"seo\":{\"description\":\"Les livres les plus attendus par les utilisateurs sur SensCritique, class├®s par popularit├® et degr├® d'attente. Tous ces livres sortiront prochainement. Retrouvez les informations sur ces livres avant leur sortie.\",\"title\":\"Livres les plus attendus$t(seo.titleSuffix)\"}}},\"week\":{\"movie\":{\"title\":\"Cette semaine\",\"seo\":{\"description\":\"Toutes les sorties au cin├®ma du {{ dateStart }} au {{ dateEnd }}, class├®es par popularit├® et degr├® d'attente. Bandes-annonces, notes et s├®ances.\",\"title\":\"Sorties de la semaine $t(seo.titleSuffix)\"}}},\"soundtrack\":{\"musicAlbum\":{\"title\":\"Bandes originales du moment\",\"seo\":{\"description\":\"Les meilleures bandes originales de films, s├®ries et jeux vid├®o du moment ├á ├®couter et toutes les sorties r├®centes les plus populaires. D├®couvrez ces albums de musique ├á ne surtout pas rater.\",\"title\":\"Actualit├® des bandes originales$t(seo.titleSuffix)\"}}},\"mostRecent\":{\"book\":{\"title\":\"Les livres les plus r├®cents\",\"seo\":{\"description\":\"Les livres sortis r├®cemment dans l'actualit├®, en poche et grand format, avec la possibilit├® de classer par meilleure note.\",\"title\":\"Livres sortis r├®cemment$t(seo.titleSuffix)\"}}},\"newSeasons\":{\"tvShow\":{\"title\":\"Les nouvelles saisons\",\"seo\":{\"description\":\"Les derni├¿res saisons de s├®ries qui font l'actualit├®. Restez au courant des derni├¿res sorties pour ne pas rater une saison de votre s├®rie pr├®f├®r├®e.\",\"title\":\"Les nouvelles saisons de s├®ries$t(seo.titleSuffix)\"}}},\"best\":{\"tvShow\":{\"title\":\"Les meilleures nouvelles s├®ries\",\"seo\":{\"description\":\"Les meilleures nouvelles s├®ries qui font l'actualit├®. Restez au courant des derni├¿res s├®ries pour ne pas rater une p├®pite.\",\"title\":\"Les nouvelles s├®ries$t(seo.titleSuffix)\"}}},\"soon\":{\"comicBook\":{\"title\":\"Prochaines sorties BD\",\"seo\":{\"description\":\"Les prochaines sorties de bandes dessin├®es. Restez au courant des prochaines BD attendues par les utilisateurs de SensCritique.\",\"title\":\"Prochaines sorties de bandes dessin├®es$t(seo.titleSuffix)\"}},\"musicAlbum\":{\"title\":\"Prochaines sorties musique\",\"seo\":{\"description\":\"Les prochaines sorties d'albums. Restez au courant des prochains albums musicaux attendus par les utilisateurs de SensCritique.\",\"title\":\"Prochaines sorties d'albums$t(seo.titleSuffix)\"}},\"game\":{\"title\":\"Prochaines sorties jeux\",\"seo\":{\"description\":\"Les prochaines sorties de jeux vid├®o. Restez au courant des prochains jeux attendus par les utilisateurs de SensCritique.\",\"title\":\"Prochaines sorties de jeux vid├®o$t(seo.titleSuffix)\"}}},\"explorer\":{\"button\":\"Explorer\",\"createdBy_1\":\"Film\",\"createdBy_2\":\"Livre\",\"createdBy_3\":\"Jeu vid├®o\",\"createdBy_4\":\"S├®rie\",\"createdBy_6\":\"BD\",\"createdBy_7\":\"Album\",\"createdBy_8\":\"Morceau\",\"createdByWithCreators\":\"{{ category }} de {{ creators }}\",\"createdByWithCreators_2\":\"Livre de {{ creators }}\",\"createdByWithCreators_3\":\"Jeu vid├®o de {{ creators }}\",\"createdByWithCreators_4\":\"S├®rie de {{ creators }}\",\"createdByWithCreators_6\":\"BD de {{ creators }}\",\"createdByWithCreators_7\":\"Album de {{ creators }}\",\"createdByWithCreators_8\":\"Morceau de {{ creators }}\",\"empty\":\"Vous n'avez pas trouv├® l'┼ôuvre ? Vous pouvez \\u003ca href=\\\"https://www.senscritique.com/wiki\\\"\\u003ela cr├®er\\u003c/a\\u003e. Utilisez les filtres ├á gauche si vous cherchez un top, une liste, un acteur...\",\"delete\":\"Effacer\",\"placeholder\":\"Rechercher\",\"results\":\"R├®sultats\",\"title\":{\"search\":\"Explorer le catalogue\",\"searchWithUniverse\":\"Explorer le catalogue de {{ universe }}\",\"searchWithUniverse_musicAlbum\":\"Explorer le catalogue d'{{ universe }}\",\"searchList\":\"Explorer les listes\",\"searchListWithUniverse\":\"Explorer les listes de {{ universe }}\",\"searchListWithUniverse_musicAlbum\":\"Explorer les listes d'{{ universe }}\",\"searchTop\":\"Explorer les tops\",\"searchTopWithUniverse\":\"Explorer les tops de {{ universe }}\",\"searchTopWithUniverse_musicAlbum\":\"Explorer les tops d'{{ universe }}\",\"searchArtist\":\"Explorer les artistes\",\"searchUser\":\"Explorer les membres\"},\"between\":\"Comprises entre:\",\"and\":\"et\",\"confirm\":\"OK\",\"sort\":{\"RELEVANCE\":\"Pertinence\",\"FIRST_RELEASED\":\"Plus anciens\",\"LAST_RELEASED\":\"Plus r├®cents\",\"BEST_RATING\":\"Meilleures notes\",\"WORST_RATING\":\"Pires notes\",\"LAST_ACTION\":\"Derni├¿res actions\"},\"filters\":{\"label_type\":\"Type\",\"label_universe\":\"Univers\",\"title\":\"Filtres\",\"label_companies\":\"Entreprises\",\"label_casting\":\"Artistes\",\"label_genres\":\"Genres\",\"label_year\":\"Ann├®es\",\"label_sc_rating\":\"Notes\",\"label_category\":\"Cat├®gories\",\"label_game_systems\":\"Plateformes\",\"label_countries\":\"Pays\",\"label_creators\":\"Cr├®ateurs\",\"label_franchises\":\"Groupes\"},\"activeFilter\":{\"label_year\":\"Sortie entre {{min}} et {{max}}\",\"label_sc_rating\":\"Note entre {{min}} et {{max}}\",\"labelEqual_year\":\"Sortie en {{min}}\",\"labelEqual_sc_rating\":\"Note de {{min}}\",\"label\":\"{{ value }}\"},\"creator\":\"\\u003clink href=\\\"{{creator.url}}\\\"\\u003e{{creator.name}}\\u003c/link\\u003e\",\"seo\":{\"description\":\"Parcourez l'Explorer afin de retrouver ce que vous cherchez parmi les ┼ôuvres, les listes, les tops, les artistes et les membres de SensCritique.\",\"title\":\"Explorer$t(seo.titleSuffix)\"}},\"authActions\":{\"home\":\"Retourner ├á la page d'accueil\",\"enterPassword\":\"Entrer le mot de passe :\",\"getEmail\":\"R├®cup├®ration de l'email\",\"codeValidation\":\"V├®rification de la validit├® du code\",\"warningFacebook\":\"Nous rencontrons actuellement des difficult├®s avec la connexion par Facebook, vous pouvez vous connecter en cliquant sur \\\"mot de passe oubli├®\\\"\",\"signIn\":{\"connect\":\"Connexion\",\"noAccount\":\"Vous nÔÇÖavez pas encore un compte ?\",\"signUp\":\"Inscription\"},\"error\":{\"needToReAuth_delete\":\"Probl├¿me lors de la demande de suppression de compte, veuillez vous reconnecter.\",\"needToReAuth_password\":\"Probl├¿me lors du changement de mot de passe, veuillez vous reconnecter.\",\"needToReAuth_email\":\"Probl├¿me lors du changement d'email, veuillez vous reconnecter.\",\"noMail\":\"Probl├¿me lors de l'authentification, un mail doit ├¬tre associ├® au compte\",\"redirect\":\"Probl├¿me lors de l'authentification.\",\"redirectionMessage\":\"Vous pouvez redemander une validation via \\u003ca href=\\\"{{url}}\\\"\\u003evos param├¿tres\\u003c/a\\u003e.\"},\"recoverEmail\":{\"emailRecovered\":\"Email r├®initialis├® !\"},\"sendChangeEmailLink\":{\"success\":\"Un email pour valider le changement d'email vient de vous ├¬tre envoy├®.\"},\"firebase\":{\"error_auth/email-already-exists\":\"Email d├®j├á utilis├® par un autre compte\",\"error_auth/email-already-in-use\":\"Email d├®j├á utilis├®\",\"error_auth/email-blacklisted\":\"Vous utilisez un gestionnaire de mail non valide.\",\"error_auth/email-taken-or-banned\":\"Ce mail est d├®j├á utilis├® ou a ├®t├® banni\",\"error_auth/expired-action-code\":\"Votre code a expir├®.\",\"error_auth/invalid-action-code\":\"Votre code est invalide.\",\"error_auth/network-request-failed\":\"SensCritique n'a pas r├®ussi ├á contacter le site. V├®rifiez votre connexion\",\"error_auth/no-email\":\"Vous devez lier un compte mail pour vous connecter\",\"error_auth/operation-not-supported-in-this-environment\":\"Il est impossible de se connecter si vous avez bloqu├® les cookies sur le site (connexion classique), bloqu├® les cookies tiers (connexion via Facebook, Twitter, ...) ou bloqu├® le web-storage.\",\"error_auth/requires-recent-login\":\"Probl├¿me lors du changement d'email, veuillez vous reconnecter.\",\"error_auth/user-not-found\":\"L'utilisateur n'est pas reconnu ou n'est pas autoris├® ├á effectuer cette action\",\"error_auth/user-missing\":\"Cette adresse mail n'est pas associ├®e ├á un compte\",\"error_auth/username-already-exists\":\"Ce pseudonyme est d├®j├á pris, quelqu'un a eu la m├¬me brillante id├®e avant vous !\",\"error_auth/weak-password\":\"Le mot de passe doit contenir au moins six (6) caract├¿res\",\"error_auth/web-storage-unsupported\":\"La version de votre navigateur n'est pas support├®e ou le web-storage est bloqu├®. Essayez avec un autre navigateur\",\"error_auth/wrong-password\":\"Mauvais mot de passe\",\"error_auth/wrong-email-or-password\":\"Mauvais mot de passe\",\"error_auth/invalid-email\":\"L'adresse mail n'est pas au bon format\",\"error_auth/email-validation-token-not-valid\":\"Le code de validation n'est pas valide ou a expir├®\",\"error_auth/deleted-user\":\"L'utilisateur a d├®j├á ├®t├® supprim├®\",\"error\":\"Erreur inconnue\"},\"forgetPassword\":{\"description\":\"Entrez ci-dessous l'adresse email qui vous sert d'identifiant, et validez. Nous allons vous envoyer un lien qui vous permettra de r├®initialiser votre mot de passe.\",\"error\":\"Il n'existe aucun compte associ├® ├á cette adresse email.\",\"unknownError\":\"Une erreur est survenue lors de la g├®n├®ration du mail.\",\"title\":\"Mot de passe oubli├®\",\"success\":\"Un email vient de vous ├¬tre envoy├®.\"},\"resetPassword\":{\"changeTitle\":\"Changement de mot de passe\",\"newPassword\":\"Nouveau mot de passe\",\"newPasswordConfirmation\":\"Confirmer nouveau mot de passe\",\"samePasswordError\":\"Les deux mots de passe doivent ├¬tre identiques\",\"success\":\"Le mot de passe est mis ├á jour !\",\"successDescription\":\"Vous pouvez maintenant vous connecter avec votre nouveau mot de passe.\",\"successButton\":\"Se connecter\",\"title\":\"R├®initialisation du mot de passe\"},\"social\":{\"sign_signIn\":\"Se connecter via\",\"sign_signUp\":\"S'inscrire via\"},\"signUp\":{\"accept\":\"J'accepte les \",\"conditions\":\"Conditions G├®n├®rales d'Utilisation\",\"contactUs\":\"nous contacter\",\"facebookButton\":\"Inscription avec Facebook\",\"facebookInfos\":\"S'inscrire avec Facebook\",\"problem\":\"En cas de probl├¿me, \",\"signUpButton\":\"Inscription\",\"title\":\"DEVENIR MEMBRE DE SENSCRITIQUE\",\"withEmail\":\"Ou s'inscrire via adresse email\"},\"verifyEmail\":{\"codeValidation\":\"V├®rification de la validit├® du code\",\"home\":\"Retourner ├á la page d'accueil\",\"valid\":\"Email valid├® !\"},\"changeEmail\":{\"success\":\"L'email a bien ├®t├® modifi├®\",\"title\":\"Changement d'adresse email\"}},\"feed\":{\"activity\":{\"title\":\"Activit├® sur {{ productTitle }}\",\"title_me\":\"Mon activit├® sur {{ productTitle }}\",\"seo\":{\"title\":\"Activit├® sur {{ productTitle }}$t(seo.titleSuffix)\"},\"seeMore\":\"Voir les {{number}} commentaires\"},\"agenda_one\":\"\\u003ca href=\\\"/agenda\\\"\\u003e\\u003cb\\u003eAgenda\\u003c/b\\u003e : {{count}} envie disponible aujourd'hui\\u003c/a\\u003e\",\"agenda_other\":\"\\u003ca href=\\\"/agenda\\\"\\u003e\\u003cb\\u003eAgenda\\u003c/b\\u003e : {{count}} envies disponibles aujourd'hui\\u003c/a\\u003e\",\"productOverview\":{\"wish\":\"Ajouter en envie\",\"unWish\":\"Supprimer des envies\"},\"reviewOverview\":{\"read\":\"Lire la critique\"},\"filters\":{\"title\":\"Filtres\"},\"infoMessage\":{\"title\":\"Bienvenue dans votre nouveau live !\",\"description\":\"Une nouvelle interface, avec lÔÇÖajout dÔÇÖic├┤nes pour permettre de visualiser plus rapidement les actions effectu├®es par vos ├®claireurs.\",\"contact\":\"Si vous avez un retour ├á nous faire, nÔÇÖh├®sitez pas ├á \\u003ccontactLink\\u003e{{ label }}\\u003c/contactLink\\u003e\",\"medium\":\"\\u003cmediumLink\\u003eOn vous en dit plus sur les choix que nous avons fait ici.\\u003c/mediumLink\\u003e\",\"contactUs\":\"nous contacter !\",\"close\":\"J'ai compris\",\"seeMore\":\"En savoir plus\"}},\"userActions\":{\"title\":\"Actions sur $t(universe.nameWithThe, {\\\"context\\\": {{context}} })\"},\"profile\":{\"collection\":{\"current_book\":\"le lit actuellement\",\"current_comicBook\":\"la lit actuellement\",\"current_game\":\"y joue actuellement\",\"current_movie\":\"le regarde actuellement\",\"current_musicAlbum\":\"l'├®coute actuellement\",\"current_musicTrack\":\"l'├®coute actuellement\",\"current_tvShow\":\"la regarde actuellement\",\"listed_poll\":\"l'a ajout├® ├á son top \\u003ca href=\\\"{{list.url}}\\\"\\u003e{{list.label}}\\u003c/a\\u003e\",\"listed\":\"l'a ajout├® ├á sa liste \\u003ca href=\\\"{{list.url}}\\\"\\u003e{{list.label}}\\u003c/a\\u003e\",\"rated\":\"a mis {{rating}}/10\",\"recommended\":\"l'a mis dans ses coups de c┼ôur\",\"reviewed\":\"a ├®crit \\u003ca href=\\\"{{review.url}}\\\"\\u003eune critique\\u003c/a\\u003e\",\"title\":\"Collection de {{name}}\",\"user\":\"\\u003ca href=\\\"{{- user.url}}\\\"\\u003e{{user.name}}\\u003c/a\\u003e\",\"userActionsSentence_withLast\":\"{{- userText}} {{actions}} et {{lastAction}}.\",\"userActionsSentence\":\"{{- userText}} {{actions}}.\",\"wished\":\"l'a mis en envie\",\"searchBarPlaceholder\":\"Rechercher une ┼ôuvre\",\"sorts\":{\"current_mine\":\"Mes ┼ôuvres en cours\",\"current\":\"Ses ┼ôuvres en cours\",\"lastActions_mine\":\"Mes derni├¿res actions\",\"lastActions\":\"Ses derni├¿res actions\",\"lastReview_mine\":\"Mes derni├¿res critiques\",\"lastReview\":\"Ses derni├¿res critiques\",\"rating_mine\":\"Mes meilleures notes\",\"rating\":\"Ses meilleures notes\",\"recent_mine\":\"J'ai r├®cemment aim├®\",\"recent\":\"Il a r├®cemment aim├®\",\"recommend_mine\":\"Mes derniers coups de c┼ôur\",\"recommend\":\"Ses derniers coups de c┼ôur\",\"shopping_mine\":\"Ma liste d'achats\",\"shopping\":\"Sa liste d'achats\",\"wish_mine\":\"Mes derni├¿res envies\",\"wish\":\"Ses derni├¿res envies\"},\"current\":{\"tvShowItemSeeMore\":\"Voir les ├®pisodes suivants\",\"tvShowItemSeeLess\":\"Afficher moins d'├®pisodes\",\"episodesToSee_one\":\"{{count}} ├®pisode ├á voir\",\"episodesToSee_other\":\"{{count}} ├®pisodes ├á voir\"},\"seo\":{\"description\":\"La collection culturelle de {{name}}. Classement par notes, recommandations, envies. Ses critiques, listes et ses appr├®ciations.\",\"title\":\"Collection de {{name}}$t(seo.titleSuffix)\"},\"activeFilters\":{\"label\":{\"action\":\"action\",\"universe\":\"univers\",\"category\":\"cat├®gorie\",\"gamesystem\":\"plateforme\",\"genre\":\"genre\",\"releaseDate\":\"date de sortie\",\"yearDateDone\":{\"1\":\"date de visionnage\",\"2\":\"date de lecture\",\"3\":\"date de 1├¿re utilisation\",\"4\":\"date de visionnage\",\"6\":\"date de lecture\",\"7\":\"date de 1├¿re ├®coute\",\"8\":\"date de 1├¿re ├®coute\"}}},\"filters\":{\"releaseDate\":{\"button\":\"OK\",\"period\":\"Par p├®riode\"}}},\"limited\":\"\\u003cbold\\u003e{{ name }}\\u003c/bold\\u003e r├®serve lÔÇÖacc├¿s ├á son profil aux membres.\\u003cbr/\\u003e\\u003clinkSignIn\\u003eConnexion\\u003c/linkSignIn\\u003e ou \\u003clinkSignUp\\u003ecr├®er un compte\\u003c/linkSignUp\\u003e.\",\"blocked\":\"Vous avez ├®t├® bloqu├® par cet utilisateur.\",\"seo\":{\"description\":\"Profil SensCritique de {{ fullNameSeo }}. Venez y d├®couvrir ses r├®actions, sa collection, ses listes, ses tops ou encore ses derni├¿res critiques.\",\"title\":\"Profil culturel et avis de {{ fullNameSeo }}\"},\"versus\":{\"title\":\"Versus\",\"random\":\"Relancer al├®atoirement\",\"heLikes\":{\"label\":\"Il adore, vous ne connaissez pas\",\"label_female\":\"Elle adore, vous ne connaissez pas\",\"description\":\"┼Æuvres not├®es au moins 8/10 par {{ username }} sur lesquelles vous n'avez fait aucune action.\"},\"difference\":{\"label\":\"D├®saccords\",\"description\":\"┼Æuvres sur lesquelles vos notes sont les plus ├®loign├®es.\"},\"perfectMatch\":{\"label\":\"Accords parfaits\",\"description\":\"┼Æuvres sur lesquelles vous avez mis exactement la m├¬me note.\"},\"solo\":{\"label\":\"Seuls contre tous\",\"description\":\"Vos notes sur ces ┼ôuvres sont proches, mais ├®loign├®es de celles des autres membres.\"},\"alone\":{\"label\":\"Seuls au monde\",\"description\":\"┼Æuvres que vous avez tous les deux not├®es et qui sont peu connues des autres membres.\"},\"wishes\":{\"label\":\"Envies communes\",\"description\":\"Envie de lire, envie de voir, envie d'y jouer... Voici vos envies communes.\"}},\"carousels\":{\"reactions\":{\"title\":\"R├®actions\"},\"products\":{\"seeMore\":\"voir la collection de {{ name }}\",\"title\":\"Collection\"},\"lists\":{\"seeMore\":\"voir toutes les listes de {{ name }}\",\"title\":\"Listes\"},\"polls\":{\"seeMore\":\"voir tous les tops de {{ name }}\",\"title\":\"Tops\"},\"reviews\":{\"seeMore\":\"voir toutes les critiques de {{ name }}\",\"title\":\"Derni├¿res critiques\"},\"contacts\":{\"seeMore\":\"voir toutes les mentions j'aime de {{ name }}\",\"title\":\"Mentions j'aime\"},\"badges\":{\"seeMore\":\"voir tous les badges de {{ name }}\",\"title\":\"Badges\"},\"top10\":{\"title\":\"Tops 10\",\"update\":\"Modifier mes tops 10\"}},\"activity\":{\"seeMore\":\"Voir toutes les \\u003ca href=\\\"{{userActivityUrl}}\\\" target=\\\"_blank\\\"\\u003eactivit├®s\\u003c/a\\u003e\"}},\"profileModal\":{\"changeText_avatar\":\"Changer l'avatar\",\"changeText_background\":\"Changer la banni├¿re\",\"deleteText_avatar\":\"Supprimer l'avatar\",\"deleteText_background\":\"Supprimer la banni├¿re\",\"title_avatar\":\"Avatar\",\"title_background\":\"Banni├¿re\"},\"userBadges\":{\"title\":\"Badges de {{name}}\",\"seo\":{\"description\":\"{{name}} a obtenu {{count}} badges qui refl├¿tent ses go├╗ts, son activit├® culturelle et les appr├®ciations sur ses avis ou ses listes.\",\"title\":\"Badges de {{userFullName}}$t(seo.titleSuffix)\"}},\"filters\":{\"title\":\"Filtrer\",\"action\":{\"title\":\"Action\"},\"category\":{\"title\":\"Cat├®gorie\"},\"gamesystem\":{\"title\":\"Plateforme\"},\"genre\":{\"title\":\"Genre\"},\"itemTitle\":\"{{filter.label}} ({{count}})\",\"releaseDate\":{\"title\":\"Date de sortie\"},\"activeFilter_one\":\"Votre filtre actif :\",\"activeFilter_other\":\"Vos filtres actifs :\",\"reinitialize\":\"R├®initialiser\",\"universe\":{\"title\":\"Univers\"},\"yearDateDone\":{\"title\":\"Date de visionnage\"},\"productReviews\":{\"all\":\"Toutes\",\"mine\":\"Ma critique\",\"negative\":\"N├®gatives\",\"positive\":\"Positives\",\"recommend\":\"Recommand├®es\",\"scouts\":\"Mes ├®claireurs\",\"bestPositive\":\"Critique positive la plus appr├®ci├®e\",\"bestNegative\":\"Critique n├®gative la plus appr├®ci├®e\",\"recent\":\"Critique populaire la plus r├®cente\"}},\"productTooltip\":{\"popinList\":{\"add\":\"Ajouter ├á une liste\",\"lists\":\"Listes\",\"polls\":\"Tops\",\"searchBarPlaceholder\":\"Rechercher une liste ou un top\"}},\"product\":{\"episodeNumberTitle\":\"S{{seasonNumber}} E{{episodeNumber}}\",\"gameSystemsInfo\":\"{{firstGameSystems}} et {{count}} autre\",\"gameSystemsInfo_one\":\"{{firstGameSystems}} et {{count}} autre\",\"gameSystemsInfo_other\":\"{{firstGameSystems}} et {{count}} autres\",\"lastEpisode\":\"Dernier ├®pisode diffus├® : $t(product.episodeNumberTitle, {{ seasonNumber }}, {{ episodeNumber }})\",\"seasonInfo_other\":\"{{product.numberOfSeasons}} saisons ({{product.productionStatus}})\",\"seasonInfo_one\":\"{{product.numberOfSeasons}} saison ({{product.productionStatus}})\",\"creatorProfession\":\"Casting\",\"creatorProfession_book\":\"Auteur\",\"creatorProfession_game\":\"├ëditeurs\",\"creatorProfession_movie\":\"Casting (acteurs principaux)\",\"creatorProfession_tvShow\":\"Casting (acteurs principaux)\",\"category\":\"{{ category }}\",\"top10_one\":\"\\u003cb\\u003e{{count}} membre\\u003c/b\\u003e a ajout├® {{title}} ├á son \\u003cb\\u003etop 10 {{universe}}\\u003c/b\\u003e\",\"top10_other\":\"\\u003cb\\u003e{{count}} membres\\u003c/b\\u003e ont ajout├® {{title}} ├á leur \\u003cb\\u003etop 10 {{universe}}\\u003c/b\\u003e\",\"universe\":{\"movie\":\"Film\",\"tvShow\":\"S├®rie\",\"game\":\"Jeu vid├®o\",\"book\":\"Livre\",\"comicBook\":\"BD\",\"musicAlbum\":\"Album\",\"musicTrack\":\"Morceau\"},\"infos\":{\"firstRelease\":\"Date de premi├¿re diffusion\",\"polls\":\"Aussi pr├®sent dans :\",\"poll\":\"- \\u003ca href=\\\"{{ url }}\\\"\\u003e{{ label }}\\u003c/a\\u003e\",\"release\":\"Sortie\",\"earlyAccess\":\"Acc├¿s anticip├®\",\"season_one\":\"{{count}} saison.\",\"season_other\":\"{{count}} saisons.\",\"track_one\":\"{{count}} morceau.\",\"track_other\":\"{{count}} morceaux.\",\"translation\":\"(Traduction : {{ name }})\"},\"lists\":{\"subtitle\":\"Listes ({{ total }})\",\"title\":\"Listes avec {{ title }}\",\"seo\":{\"description\":\"Toutes les listes qui int├¿grent $t(universe.nameWithThe, {\\\"context\\\": {{context}} }) {{productTitle}} de {{ creators }}, class├®es par popularit├® des avis exprim├®s.\",\"titlePrefix\":\"Listes avec\"}},\"polls\":{\"title\":\"{{ title }} dans les tops\",\"seo\":{\"description\":\"Tous les tops qui int├¿grent $t(universe.nameWithThe, {\\\"context\\\": {{context}} }) {{productTitle}} de {{ creators }}, class├®s par popularit├® des avis exprim├®s.\",\"titlePrefix\":\"Tops avec\"}},\"reviews\":{\"subtitle\":\"Critiques\",\"title\":\"Critiques de {{title}}\"},\"feed\":{\"title\":\"L'actualit├® sur {{ title }}\",\"subtitle\":\"Les derni├¿res actions\",\"seeMore\":\"Voir plus d'activit├®s\",\"seeMine\":\"Voir mon activit├®\"},\"video\":{\"synopsis\":\"Synopsis\",\"title\":\"Bandes-annonces\"},\"picture\":{\"section\":\"Images\",\"title-poster_other\":\"Affiches\",\"title-poster_one\":\"Affiche\",\"title-backdrop_other\":\"Photos\",\"title-backdrop_one\":\"Photo\",\"title-screenshot_other\":\"Captures d'├®cran\",\"title-screenshot_one\":\"Capture d'├®cran\"},\"vod\":{\"title_film\":\"Voir le film\",\"title_serie\":\"Voir la s├®rie\",\"tv\":\"├ëgalement ├á la TV\",\"offer\":\"Toutes les offres VOD\",\"subtitle\":\"Live\",\"seeMore\":\"Voir plus d'actions\"},\"carousels\":{\"lists\":{\"title\":\"Listes\",\"seeMore\":\"Voir plus de listes\"},\"reactions\":{\"actionRight\":\"Poster une r├®action\",\"title\":\"R├®actions\",\"seeMore\":{\"reaction\":\"Voir la r├®action\",\"reactions\":\"Voir les {{ total }} r├®actions\"}},\"polls\":{\"actionRight\":\"Ajouter ├á un top\"},\"reviews\":{\"actionRight\":\"Poster une critique\"},\"top10\":{\"seeMore\":\"Voir plus\",\"seeLess\":\"Voir moins\"},\"casting\":{\"seeMore\":\"voir le casting complet\",\"title\":\"Casting\"},\"images\":{\"seeMore\":\"Voir les {{ total }} images\"}},\"tvShowEpisode\":{\"originalTitle\":\"\\u003cbold\\u003eTitre original : \\u003c/bold\\u003e{{ originalTitle }}\",\"releaseDate\":\"\\u003cbold\\u003eDiffusion : \\u003c/bold\\u003e{{ dateRelease }}\",\"director\":\"\\u003cbold\\u003eR├®alisateur : \\u003c/bold\\u003e\\u003cdirector\\u003e{{ director }}\\u003c/director\\u003e\",\"screenwriter\":\"\\u003cbold\\u003eSc├®nariste : \\u003c/bold\\u003e\\u003cscreenwriter\\u003e{{ screenwriter }}\\u003c/screenwriter\\u003e\",\"spoilers\":\"Ils peuvent me spoiler :\",\"spoiler\":\"Aucun de vos ├®claireurs n'a vu cet ├®pisode.\",\"firstReleaseDate\":\"Premi├¿re diffusion : {{ dateRelease }}\"},\"seo\":{\"itemType\":{\"book\":\"Book\",\"comicBook\":\"Book\",\"game\":\"VideoGame\",\"movie\":\"Movie\",\"musicAlbum\":\"MusicAlbum\",\"musicTrack\":\"MusicRecording\",\"tvShow\":\"TVSeries\"},\"description\":{\"prefix_book\":\"{{title}} est un livre de {{ creators }}.\",\"prefix_comicBook\":\"{{title}} est une BD de {{ creators }}.\",\"prefix_game\":\"{{title}} est un jeu vid├®o de {{ creators }}.\",\"prefix_movie\":\"{{title}} est un film de {{ creators }}.\",\"prefix_musicAlbum\":\"{{title}} est un album de {{ creators }}.\",\"prefix_musicTrack\":\"{{title}} est une chanson de {{ creators }}.\",\"prefix_tvShow\":\"{{title}} est une s├®rie de {{ creators }}.\",\"prefix\":\"{{title}} est une ┼ôuvre de {{ creators }}.\"}},\"stats\":{\"ratings\":\"R├®partition des notes de la communaut├®\",\"ratingsScouts\":\"R├®partition des notes de mes ├®claireurs\",\"tooltip\":\"R├®partition des notes\"},\"cover\":{\"rating-global\":\"Communaut├®\",\"rating-scouts\":\"├ëclaireurs\",\"my-rating\":\"Ma note\"}},\"polls\":{\"movie\":{\"universe\":\"movie\",\"description\":\"Quels sont \\u003ca href=\\\"https://www.senscritique.com/top/resultats/Les_meilleurs_films_de_2016/1152822\\\" target=\\\"_blank\\\"\\u003eles meilleurs films de 2016\\u003c/a\\u003e ? Quels sont \\u003ca href=\\\"https://www.senscritique.com/top/resultats/Les_meilleurs_films_pour_enfants/465445\\\" target=\\\"_blank\\\"\\u003eles meilleurs films pour les enfants\\u003c/a\\u003e, ├á voir en famille ? C'est ├á ces questions et ├á bien d'autres que les sondages films de SensCritique apportent des ├®l├®ments de r├®ponses.\"},\"tvShow\":{\"universe\":\"tvShow\",\"description\":\"Quelles sont \\u003ca href=\\\"https://www.senscritique.com/top/resultats/Les_meilleures_series_de_2016/1172216\\\" target=\\\"_blank\\\"\\u003eles meilleures nouvelles s├®ries de 2016\\u003c/a\\u003e ? les meilleures nouvelles s├®ries de 2016 ? Ou de \\u003ca href=\\\"https://www.senscritique.com/top/resultats/Les_meilleures_series_de_2020/2582684\\\" target=\\\"_blank\\\"\\u003el'an dernier\\u003c/a\\u003e ? Quelles sont \\u003ca href=\\\"https://www.senscritique.com/top/resultats/Les_meilleures_series_qui_durent_moins_de_15h/464567\\\" target=\\\"_blank\\\"\\u003eles s├®ries qui durent moins de 15 heures\\u003c/a\\u003e ? Les sondages SensCritique r├®pondent ├á toutes ces questions, et ├á bien d'autres encore.\"},\"game\":{\"universe\":\"game\",\"description\":\"Quels sont \\u003ca href=\\\"https://www.senscritique.com/top/resultats/Les_meilleurs_jeux_video_de_2016/1178452\\\" target=\\\"_blank\\\"\\u003eles meilleurs jeux de 2016\\u003c/a\\u003e ? \\u003ca href=\\\"https://www.senscritique.com/top/resultats/Les_meilleurs_jeux_independants/972578\\\" target=\\\"_blank\\\"\\u003eLes meilleurs jeux ind├®pendants de l'ann├®e\\u003c/a\\u003e ? Ou \\u003ca href=\\\"https://www.senscritique.com/top/resultats/Les_meilleurs_jeux_de_la_Play_Station_4_PS4/506630\\\" target=\\\"_blank\\\"\\u003eles meilleurs jeux de la PS4 \\u003c/a\\u003e? Les sondages SensCritique r├®pondent ├á toutes ces questions, et ├á bien d'autres encore.\"},\"book\":{\"universe\":\"book\",\"description\":\"Quels sont \\u003ca href=\\\"https://www.senscritique.com/top/resultats/Les_meilleurs_livres_russes/193029\\\" target=\\\"_blank\\\"\\u003eles meilleurs romans russes\\u003c/a\\u003e ? \\u003ca href=\\\"https://www.senscritique.com/top/resultats/Les_meilleures_nouvelles/195234\\\" target=\\\"_blank\\\"\\u003eLes meilleures nouvelles de la litt├®rature\\u003c/a\\u003e ? Ou \\u003ca href=\\\"https://www.senscritique.com/top/resultats/Les_meilleures_pieces_de_theatre/448632\\\" target=\\\"_blank\\\"\\u003eles meilleures pi├¿ces de th├®├ótre\\u003c/a\\u003e ? Les sondages SensCritique r├®pondent ├á toutes ces questions, et ├á bien d'autres encore.\"},\"comicBook\":{\"universe\":\"comicBook\",\"description\":\"Quels sont \\u003ca href=\\\"https://www.senscritique.com/top/resultats/Les_meilleurs_mangas/192836\\\" target=\\\"_blank\\\"\\u003eles meilleurs mangas\\u003c/a\\u003e ? \\u003ca href=\\\"https://www.senscritique.com/top/resultats/Les_meilleurs_albums_de_Tintin/201039\\\" target=\\\"_blank\\\"\\u003eLes meilleurs Tintin\\u003c/a\\u003e ? Les sondages SensCritique r├®pondent ├á toutes ces questions, et ├á bien d'autres encore.\"},\"musicAlbum\":{\"universe\":\"music\",\"description\":\"Quels sont \\u003ca href=\\\"https://www.senscritique.com/films/sondages\\\"\\u003eles meilleurs albums de 2016\\u003c/a\\u003e ? \\u003ca href=\\\"https://www.senscritique.com/films/sondages\\\"\\u003eLes meilleurs albums ├®lectro\\u003c/a\\u003e ? Quelles sont \\u003ca href=\\\"https://www.senscritique.com/films/sondages\\\"\\u003eles meilleures chansons de rupture\\u003c/a\\u003e ? Les sondages SensCritique r├®pondent ├á toutes ces questions, et ├á bien d'autres encore.\"},\"seo\":{\"homeDescription\":{\"movie\":\"D├®couvrez les tops films de la communaut├® SensCritique : classements collaboratifs, tops originaux et d├®bats passionn├®s autour des meilleurs films.\",\"tvShow\":\"D├®couvrez les tops s├®ries de la communaut├® SensCritique : classements collaboratifs, tops originaux et d├®bats passionn├®s autour des meilleures s├®ries.\",\"game\":\"D├®couvrez les tops jeux de la communaut├® SensCritique : classements collaboratifs, tops originaux et d├®bats passionn├®s autour des meilleurs jeux.\",\"book\":\"D├®couvrez les tops livres de la communaut├® SensCritique : classements collaboratifs, tops originaux et d├®bats passionn├®s autour des meilleurs livres.\",\"comicBook\":\"D├®couvrez les tops BD de la communaut├® SensCritique : classements collaboratifs, tops originaux et d├®bats passionn├®s autour des meilleures BD.\",\"musicAlbum\":\"D├®couvrez les tops albums de la communaut├® SensCritique : classements collaboratifs, tops originaux et d├®bats passionn├®s autour des meilleurs albums.\"},\"title\":{\"movie\":\"Sondages films$t(seo.titleSuffix)\",\"tvShow\":\"Sondages s├®ries$t(seo.titleSuffix)\",\"game\":\"Sondages jeux$t(seo.titleSuffix)\",\"book\":\"Sondages livres$t(seo.titleSuffix)\",\"comicBook\":\"Sondages BD$t(seo.titleSuffix)\",\"musicAlbum\":\"Sondages albums$t(seo.titleSuffix)\"},\"description\":\"Sondage {{ universe }} {{ productList }}\"},\"noResults\":\"Aucun sondages\"},\"tvShow\":{\"changeProgression\":\"Modifier ma progression\",\"deleteRating\":\"Supprimer ma note\",\"lockWarning\":\"Supprimer toutes les actions sur les ├®pisodes de la saison ?\",\"episodes\":\"├ëpisodes\",\"episodesNumber\":\"{{numberOfEpisodes}} ├®pisodes\",\"lastEpisodeSeen\":\"Quel est le dernier ├®pisode que vous avez vu ?\",\"lastOnAir\":\"le dernier diffus├® : S{{ seasonNumber }} E{{ episodeNumber }}\",\"seasonNumber\":\"Saison {{seasonNumber}}\",\"seasonsTitle\":\"Saisons de {{title}}\"},\"seasons\":{\"seo\":{\"description\":\"Saisons et ├®pisodes $t(universe.nameWithOf, {\\\"context\\\": {{context}} }) {{ productTitle }} de {{ creators }}\",\"titlePrefix\":\"Saisons de\"}},\"list\":{\"added\":\"Ajout├®\",\"blocked\":\"Vous avez ├®t├® bloqu├® par cet utilisateur, vous ne pouvez pas voir sa liste.\",\"addThis_book\":\"Ajouter ce livre\",\"addThis_comicBook\":\"Ajouter cette BD\",\"addThis_contact\":\"Ajouter cette personnalit├®\",\"addThis_game\":\"Ajouter ce jeu vid├®o\",\"addThis_movie\":\"Ajouter ce film\",\"addThis_musicAlbum\":\"Ajouter cet album\",\"addThis_musicTrack\":\"Ajouter cette chanson\",\"addThis_tvShow\":\"Ajouter cette s├®rie\",\"edition_mode\":\"Mode ├®dition\",\"eurekoiDescription\":\"Envie de d├®couvrir des livres, films ou s├®ries t├®l├® pour ├¬tre surpris, vous distraire ou r├®fl├®chir ?\\u003cbr /\\u003eDites-nous ce qui vous fait envie et les biblioth├®caires du service Eur├¬koi vous conseilleront en moins de 72 heures.\\u003cbr /\\u003eRendez-vous sur https://www.eurekoi.org/ - service public gratuit et personnalis├®.\",\"carousel\":{\"actionRight\":\"Ajouter ├á une liste\"},\"count\":\"Liste de {{productCount}} {{universe}}\",\"products\":\"avec {{products}}\",\"label\":\"{{ label }}\",\"label_24\":\"{{ label }} selon {{ name }}\",\"label_25\":\"{{ label }} selon {{ name }}\",\"infos\":{\"listOf\":\"Liste de\",\"listOfUniverseWithCount\":\"{{count}} $t(universe.name, {\\\"count\\\": {{count}}, \\\"context\\\": {{universe}} })\",\"countWithUniverse\":\"Liste de {{count}} $t(universe.name, {\\\"count\\\": {{count}}, \\\"context\\\": {{universe}} })\",\"countWithUniverse_tag\":\"Liste de┬á\\u003ctag\\u003e{{count}} $t(universe.name, {\\\"count\\\": {{count}}, \\\"context\\\": {{universe}} })\\u003c/tag\\u003e\",\"count\":\"Liste de {{count}} {{universe}}\",\"dateCreation\":\"cr├®├®e il y a {{dateCreation}}\",\"dateLastEdit\":\"modifi├®e il y a {{dateLastEdit}}\"},\"edit\":{\"after\":\"Apr├¿s\",\"annotationPlaceholder\":\"Entrer une annotation...\",\"before\":\"Avant\",\"commentAll\":\"Tous\",\"commentNobody\":\"Personne\",\"commentScouts\":\"├ëclaireurs\",\"descriptionPlaceholder\":\"Entrer une description...\",\"listPreview\":\"Aper├ºu\",\"moveNext\":\"D├®placer ├á c├┤t├® de :\",\"moveTo\":\"D├®placer ├á la position :\",\"pictureChange\":\"Changer la banni├¿re\",\"pollPreview\":\"Aper├ºu\",\"pictureDelete\":\"Supprimer la banni├¿re\",\"privacyPrivate\":\"Priv├®e\",\"privacyPublic\":\"Publique\",\"search_book\":\"Ajouter un livre\",\"search_comicBook\":\"Ajouter une BD\",\"search_contact\":\"Ajouter une personne\",\"search_game\":\"Ajouter un jeu vid├®o\",\"search_movie\":\"Ajouter un film\",\"search_musicAlbum\":\"Ajouter un album\",\"search_musicTrack\":\"Ajouter une chanson\",\"search_tvShow\":\"Ajouter une s├®rie\",\"settings\":\"R├®glages\",\"settingsCommentTitle\":\"Qui peut commenter\",\"settingsPictureTitle\":\"Banni├¿re\",\"settingsPrivacyTitle\":\"Visibilit├®\",\"settingsTypeTitle\":\"Type de liste\",\"typeClassic\":\"Classique\",\"typeOrdered\":\"Top (Ordonn├®e)\",\"typeTop10\":\"Top 10 univers\",\"confirmDelete\":\"Supprimer cette ┼ôuvre de la liste ?\",\"delete\":\"Supprimer l'┼ôuvre\",\"error\":{\"message\":\"Une erreur est survenue lors de la cr├®ation de la liste, veuillez r├®essayer plus tard.\",\"message_captcha-check/failed-check\":\"Probl├¿me lors de la v├®rification de l'utilisateur.\",\"message_captcha-check/no-token\":\"├ëchec de la v├®rification de l'utilisateur, veuillez valider le d├®fi ├á c├┤t├® de la description de la liste.\"}},\"copyToClipboard\":{\"html\":\"Copier le html\",\"htmlAlert\":\"Copi├®\"},\"eurekoiExport\":{\"ourReview\":\"Notre avis\",\"readUserReviews\":\"Lire des critiques et avis d'internautes\",\"blurb\":\"R├®sum├®\",\"bookAuthors\":\"Livre de\",\"publishedIn\":\"Publi├® en\",\"greetings\":\"Bonjour, \",\"introduction\":\"Les biblioth├®caires du r├®seau Eur├¬koi vous proposent une s├®lection personnalis├®e ├á votre demande.\",\"listElements\":\"Les ├®l├®ments que vous nous avez indiqu├®s sont :\",\"footer\":\"Nous vous remercions dÔÇÖavoir fait appel ├á nous. Nous esp├®rons que cette s├®lection vous plaira. NÔÇÖh├®sitez pas ├á nous dire ce que vous en avez pens├® en compl├®tant le formulaire de satisfaction qui vous sera envoy├®.\"},\"read\":\"Liste vue\",\"seo\":{\"pollAnswerTitle\":\"{{list.label}} de {{author.name}}$t(seo.titleSuffix)\",\"userListTitle\":\"{{list.label}} - $t(list.infos.countWithUniverse, {\\\"count\\\": {{count}}, \\\"universe\\\": {{list.universe}} })$t(seo.titleSuffix)\",\"description\":{\"answerBy\":\"R├®ponse de {{author.name}} au sondage\",\"by\":\"par {{author.name}}\",\"suffixBaseline\":\"D├®couvrez, notez et partagez sur SensCritique.\",\"withSuffix\":\"Avec {{productsTitle}}, etc.\",\"withSuffixLength\":\",  avec etc.\"}}},\"badge\":{\"otherBadgesLink\":\"Voir tous les badges de {{ name }}\",\"title_withLevel\":\"{{ label }} (Niveau {{ level }})\",\"title\":\"{{ label }}\",\"userOtherBadges\":\"\\u003cusername/\\u003e a ├®galement obtenu les badges suivants\",\"userOwn\":\"\\u003cusername/\\u003e a obtenu ce badge !\"},\"badgeProfil\":{\"button\":\"Retour au profil\"},\"newReleases\":{\"title\":{\"tvShow\":\"Les s├®ries les plus attendues\",\"game\":\"Les jeux vid├®o les plus attendus\"},\"period\":{\"currentWeek\":\"Sorties de la semaine\",\"outbyweek\":{\"movie\":\"Sorties du {{date}}\",\"seo\":{\"description\":\"Toutes les sorties au cin├®ma du {{ dateStart }} au {{ dateEnd }}, class├®es par popularit├® et degr├® d'attente. Bandes-annonces, notes et s├®ances.\",\"title_withPeriod\":\"Sortie cin├®ma du {{dateStart}}$t(seo.titleSuffix)\",\"title\":\"Sortie de la semaine au cin├®ma$t(seo.titleSuffix)\"}},\"outofmonth\":{\"movie\":\"Sorties de films en {{date}}\",\"game\":\"Sorties de jeux vid├®o en {{date}}\",\"seo\":{\"title_game\":\"Sorties jeux vid├®o {{ dateStart }}$t(seo.titleSuffix)\",\"title_movie\":\"Sorties cin├®ma {{ dateStart }}$t(seo.titleSuffix)\",\"description_game\":\"Toutes les sorties jeux vid├®o pour {{ dateStart }}, class├®es par popularit├® et degr├® d'attente. Casting, notes et bandes-annonces.\",\"description_movie\":\"Toutes les sorties cin├®ma pour {{ dateStart }}, class├®es par popularit├® et degr├® d'attente. Casting, notes et bandes-annonces.\"}},\"outbyyear\":{\"movie\":\"Sorties de films en {{date}}\",\"game\":\"Sorties jeux vid├®o de l'ann├®e {{date}}\",\"seo\":{\"title_game\":\"Sorties jeux vid├®o {{ dateStart }}$t(seo.titleSuffix)\",\"title_movie\":\"Sorties cin├®ma {{ dateStart }}$t(seo.titleSuffix)\",\"description_game\":\"Toutes les sorties jeux vid├®o de l'ann├®e {{ dateStart }}, class├®es par popularit├® et degr├® d'attente. Casting, notes et bandes-annonces.\",\"description_movie\":\"Toutes les sorties cin├®ma de l'ann├®e {{ dateStart }}, class├®es par popularit├® et degr├® d'attente. Casting, notes et bandes-annonces.\"}}},\"seo\":{\"description_game\":\"Quelles sont les prochaines s├®ries TV les plus attendues ? Voici les s├®ries annonc├®es et pas encore diffus├®es, class├®es selon leur degr├® d'attente.\",\"description_tvShow\":\"Quelles sont les prochaines sorties attendues sur PC et consoles de jeux ? Les jeux vid├®o les plus populaires qui cr├®ent le buzz.\",\"title_game\":\"Jeux les plus attendus$t(seo.titleSuffix)\",\"title_tvShow\":\"S├®ries ├á venir$t(seo.titleSuffix)\"}},\"period\":{\"outbyweek\":\"Par semaine\",\"outofmonth\":\"Par mois\",\"outbyyear\":\"Par ann├®e\"},\"poll\":{\"title\":{\"tvShow\":\"Tops : Les meilleures (et les pires) \",\"game\":\"Tops : Les meilleurs (et les pires) \",\"movie\":\"Tops : Les meilleurs (et les pires) \",\"book\":\"Tops : Les meilleurs (et les pires) \",\"comicBook\":\"Tops : Les meilleures (et les pires) \",\"musicAlbum\":\"Tops : Les meilleures (et les pires) \"},\"modal\":{\"title\":\"Actions sur le top\",\"community\":\"Communaut├® ({{count}})\",\"scout\":\"├ëclaireurs ({{count}})\",\"answer_one\":\" Voir sa r├®ponse\",\"answer_other\":\" Voir ses {{count}} r├®ponses\"},\"top10\":{\"explanation\":\"Ce sont des tops participatifs pens├®s pour vous faire d├®couvrir un maximum de films de qualit├®, en organisant le bouche ├á oreille. Les participations des internautes sont compil├®es toutes les 24h et prennent en compte l'ordre des r├®ponses donn├®es. Cela vous permet de d├®couvrir toujours plus de films ├á voir selon des angles classiques (les meilleurs films de guerre) aux plus sp├®cifiques (les meilleurs films sur le syst├¿me judiciaire) en passant par des th├®matiques diverses et vari├®es (les meilleurs films de moins de 1h30). N'h├®sitez donc pas ├á les parcourir, et ├á participer : m├¬me si vous donnez moins de 10 r├®ponses, elles seront prises en compte toutes les 24h pour la mise ├á jour des r├®sultats.\",\"modal\":\"Compl├®ter ou modifier votre top 10\"},\"top100\":{\"explanation\":\"Ce top a ├®t├® r├®alis├® gr├óce aux r├®ponses des utilisateurs de SensCritique. Influencez les r├®sultats en participant au sondage d├¿s maintenant !\"},\"infos\":\"Cette liste de {{productsCount}} {{universe}} par \\u003clinkuser\\u003e{{ user.name }}\\u003c/linkuser\\u003e est une r├®ponse au sondage \\u003clinkpoll\\u003e{{ parent.label }}\\u003c/linkpoll\\u003e\",\"searchBarPlaceholder\":\"Rechercher un top\",\"count\":\"Top de {{productCount}} {{universe}}\"},\"pollCardOverview\":{\"participate\":\"Participer\",\"alreadyAnswered\":\"Voir mon top\"},\"pollSC\":{\"infos\":{\"participationMembersCount_one\":\"{{count}} membre a r├®pondu\",\"participationMembersCount_other\":\"{{count}} membres ont r├®pondu\",\"participationScoutsCount_one\":\"{{count}} ├®claireur a r├®pondu\",\"participationScoutsCount_other\":\"{{count}} ├®claireurs ont r├®pondu\",\"productsViewCount\":{\"movie\":\"{{percentage}}% de films vus\",\"tvShow\":\"{{percentage}}% de s├®ries vues\",\"book\":\"{{percentage}}% de livres lus\",\"musicAlbum\":\"{{percentage}}% d'albums ├®cout├®s\",\"musicTrack\":\"{{percentage}}% de morceaux ├®cout├®s\",\"game\":\"{{percentage}}% de jeux vid├®o jou├®s\",\"comicBook\":\"{{percentage}}% de BD lues\"}},\"button\":{\"alreadyAnswered\":\"Voir mon top\",\"feedback\":\"Un r├®sultat ├®trange ? Une id├®e de sondage ? N'h├®sitez pas ├á utiliser le \\u003ca href=\\\"{{url}}\\\"\\u003eFeedback\\u003c/a\\u003e\",\"howitsworks\":\"Comment ├ºa fonctionne ?\",\"inProgress\":\"Compl├®ter mon top !\",\"participate\":\"Cr├®er mon top !\",\"share\":\"Partager vos connaissances en participant\",\"wish\":\"Envie de participer au classement ?\"},\"link\":{\"alreadyAnswered\":\"Voir mon top\",\"inProgress\":\"Compl├®ter mon top\",\"participate\":\"Participer au sondage\"},\"progression\":{\"completed_desktop\":\"Vous avez valid├® ce sondage\",\"ongoing_desktop\":\"Votre participation ├á ce sondage\",\"completed_mobile\":\"Sondage valid├®\",\"ongoing_mobile\":\"Votre participation\"},\"editPage\":{\"message_ongoing\":\"Ce top est une r├®ponse au sondage \\u003clinkpoll\\u003e{{ label }}\\u003c/linkpoll\\u003e. Compl├®tez-le avec au moins 10 oeuvres pour valider votre participation et d├®bloquer le badge !\",\"message_completed\":\"Vous avez valid├® le sondage \\u003clinkpoll\\u003e{{ label }}\\u003c/linkpoll\\u003e et d├®bloqu├® son badge, mais votre top n'est pas brid├® ├á 10 oeuvres, vous pouvez en ajouter autant que vous voulez !\"}},\"universe\":{\"name_total\":\"Total\",\"name_movie\":\"Film\",\"name_movie_other\":\"Films\",\"name_game\":\"Jeu vid├®o\",\"name_game_other\":\"Jeux vid├®o\",\"name_tvShow\":\"S├®rie\",\"name_tvShow_other\":\"S├®ries\",\"name_book\":\"Livre\",\"name_book_other\":\"Livres\",\"name_musicAlbum\":\"Album\",\"name_musicAlbum_other\":\"Albums\",\"name_musicTrack\":\"Morceau\",\"name_musicTrack_other\":\"Morceaux\",\"name_comicBook\":\"BD\",\"name_comicBook_other\":\"BD\",\"name_2_other\":\"livres\",\"name_2\":\"livre\",\"nameWithOf_2\":\"du $t(universe.name_2)\",\"nameWithThe_2\":\"le $t(universe.name_2)\",\"name_6_other\":\"BD\",\"name_6\":\"bd\",\"nameWithOf_6\":\"de la $t(universe.name_6)\",\"nameWithThe_6\":\"la $t(universe.name_6)\",\"name_11_other\":\"personnalit├®s\",\"name_11\":\"personnalit├®\",\"nameWithOf_11\":\"de la $t(universe.name_11)\",\"nameWithThe_11\":\"la $t(universe.name_11)\",\"name_3_other\":\"jeux vid├®o\",\"name_3short\":\"jeu\",\"name_3\":\"jeu vid├®o\",\"nameWithOf_3\":\"du $t(universe.name_3)\",\"nameWithThe_3\":\"le $t(universe.name_3)\",\"name_1_other\":\"films\",\"name_1\":\"film\",\"nameWithOf_1\":\"du $t(universe.name_1)\",\"nameWithThe_1\":\"le $t(universe.name_1)\",\"name_7_other\":\"albums\",\"name_7\":\"album\",\"nameWithOf_7\":\"de l'$t(universe.name_7)\",\"nameWithThe_7\":\"l'$t(universe.name_7)\",\"name_8_other\":\"morceaux\",\"name_8\":\"morceau\",\"nameWithOf_8\":\"du $t(universe.name_8)\",\"nameWithThe_8\":\"le $t(universe.name_8)\",\"name_4_other\":\"s├®ries\",\"name_4\":\"s├®rie\",\"nameWithOf_4\":\"de la $t(universe.name_4)\",\"nameWithThe_4\":\"la $t(universe.name_4)\",\"name_5_other\":\"saisons\",\"name_5\":\"saison\",\"nameWithOf_5\":\"de la $t(universe.name_5)\",\"nameWithThe_5\":\"la $t(universe.name_5)\",\"name_26_other\":\"personnalit├®s\",\"name_26\":\"personnalit├®\",\"nameWithOf_26\":\"de la $t(universe.name_26)\",\"nameWithThe_26\":\"la $t(universe.name_26)\",\"name_32_other\":\"├®pisodes\",\"name_32\":\"├®pisode\",\"nameWithOf_32\":\"de l'$t(universe.name_32)\",\"nameWithThe_32\":\"l'$t(universe.name_32)\",\"breadcrumb\":{\"breadcrumb_movie\":\"Films\",\"breadcrumb_tvShow\":\"S├®ries\",\"breadcrumb_game\":\"Jeux vid├®o\",\"breadcrumb_book\":\"Livres\",\"breadcrumb_comicBook\":\"BD\",\"breadcrumb_music\":\"Musique\",\"breadcrumb_musicAlbum\":\"Musique\",\"breadcrumb_musicTrack\":\"Musique\"},\"englishToFrench\":{\"book\":\"livres\",\"comicBook\":\"BD\",\"contact\":\"artiste\",\"game\":\"jeuxVideo\",\"movie\":\"films\",\"music\":\"musique\",\"tvShow\":\"series\"},\"idToFrench\":{\"1\":\"film\",\"2\":\"livre\",\"3\":\"jeu vid├®o\",\"4\":\"s├®rie\",\"5\":\"saison\",\"6\":\"bd\",\"7\":\"album\",\"8\":\"chanson\",\"3_short\":\"jeu\"},\"urlUniverse_movie\":\"movie\",\"urlUniverse_tvShow\":\"tvShow\",\"urlUniverse_game\":\"game\",\"urlUniverse_book\":\"book\",\"urlUniverse_comicBook\":\"comicBook\",\"urlUniverse_music\":\"music\",\"frenchAll\":{\"tvShow\":\"Toutes\",\"musicTrack\":\"Toutes\",\"contact\":\"Toutes\",\"other\":\"Tous\",\"movie\":\"Tous\",\"book\":\"Tous\",\"game\":\"Tous\",\"comicBook\":\"Toutes\",\"musicAlbum\":\"Tous\",\"tvShowEpisode\":\"Tous\"}},\"review\":{\"addLink\":\"Ajouter un lien\",\"blocked\":\"Vous avez ├®t├® bloqu├® par cet utilisateur, vous ne pouvez pas lire sa critique.\",\"confirmDelete\":\"├ètes-vous s├╗r de vouloir supprimer votre critique ?\",\"delete\":\"Supprimer ma critique\",\"edit\":\"Modifier ma critique\",\"nothing\":\"Aucune critique disponible\",\"other\":\"D'autres avis sur {{ productTitle }}\",\"report\":\"Signaler\",\"sameAuthor\":\"Du m├¬me critique\",\"selectPlatform\":\"S├®lectionner votre plateforme\",\"title_noTitle\":\"{{ productTitle }} par {{ userName }}\",\"title\":\"{{ title }}\",\"titleOverview\":\"Critique de {{productTitle}} par {{name}}\",\"view\":\"Critique lue\",\"write\":\"├ëcrire une critique\",\"reportReview\":\"Signaler la critique\",\"seo\":{\"descriptionAbout_year\":\"├Ç propos de {{ product.title }} ({{ year }})\",\"descriptionAbout\":\"├Ç propos de {{ product.title }}\",\"descriptionBy\":\"Avis de {{author.name }}\",\"title_book\":\"Avis sur le livre {{ title }}\",\"title_comicBook\":\"Avis sur la BD {{ title }}\",\"title_game\":\"Test du jeu {{ title }}\",\"title_movie\":\"Avis sur le film {{ title }}\",\"title_musicAlbum\":\"Avis sur l'album {{ title }}\",\"title_musicTrack\":\"Avis sur le morceau {{ title }}\",\"title_tvShow\":\"Avis sur la s├®rie {{ title }}\",\"title\":\"Avis sur {{ title }}\",\"titleBy\":\"{{ reviewTitle }} par {{ authorName }}\"},\"error\":{\"message\":\"Une erreur est survenue lors de la cr├®ation de la critique, veuillez r├®essayer plus tard.\",\"message_review/spam\":\"La critique ne respecte pas notre politique anti-spam.\",\"message_captcha-check/failed-check\":\"Probl├¿me lors de la v├®rification de l'utilisateur.\",\"message_captcha-check/no-token\":\"├ëchec de la v├®rification de l'utilisateur, veuillez valider le d├®fi.\"}},\"vocabulary\":{\"all_s\":\"Tous\",\"all\":\"Tout\",\"and\":\"et\",\"edit\":\"├ëditer\",\"loading\":\"Chargement\",\"of\":\"de\",\"or\":\"ou\",\"universe\":\"univers\"},\"sorts\":{\"productReviews\":{\"latest\":\"R├®centes\",\"liked\":\"Appr├®ci├®es\"}},\"button\":{\"apply\":\"Appliquer\",\"back\":\"Retour\",\"backProfil\":\"Retour au profil\",\"block\":\"Bloquer\",\"cancel\":\"Annuler\",\"close\":\"Fermer\",\"hideShout\":\"Masquer cette r├®action\",\"participate\":\"Participer\",\"seen\":\"D├®j├á particip├®\",\"remove\":\"Supprimer\",\"removeActions\":\"Supprimer mes actions\",\"removeList\":\"Supprimer la liste\",\"removeReview\":\"Supprimer ma critique\",\"removeShout\":\"Supprimer ma r├®action\",\"save\":\"Enregistrer\",\"seeAllResults\":\"Voir les {{ nbResults }} r├®sultats\",\"seeMore\":\"Voir plus\",\"send\":\"Envoyer\",\"validate\":\"Valider\",\"filter\":\"Filtrer\"},\"feedbackAdmin\":{\"title\":\"Signaler une erreur\",\"text\":\"Vous avez rep├®r├® une erreur dans les informations de cette fiche ? D├®crivez-nous le probl├¿me et nous nous occuperons de la corriger. \\u003cbr /\\u003e \\u003cbr /\\u003e Dans le cas d'un doublon de fiches, merci de nous indiquer les deux pages dans votre message.\"},\"contactForm\":{\"contactUs\":\"Nous contacter\",\"delete\":\"Supprimer\",\"error\":{\"image\":\"La pi├¿ce jointe fournie est trop volumineuse\",\"verifyMail\":\"Adresse email invalide\",\"verifyObject\":\"Objet invalide\",\"verifyMessage\":\"Message invalide\"},\"question\":\"Avez-vous consult├® notre\",\"link\":\"aide ├á l'utilisation\",\"questionSecond\":\"de SensCritique ? Vous y trouverez tr├¿s probablement la r├®ponse ├á votre question.\",\"placeholder\":\"Votre message ...\",\"send\":\" Votre message a bien ├®t├® envoy├®.\",\"processing\":\"Nous allons le traiter rapidement.\"},\"universes\":{\"frenchPluralToEnglishSingular\":{\"films\":\"movie\",\"s├®ries\":\"tvShow\",\"jeux vid├®o\":\"game\",\"livres\":\"book\",\"bds\":\"comicBook\",\"musique\":\"musicAlbum\"}},\"homeUniverse\":{\"edit\":{\"lists\":\"Editer mes listes\",\"tops\":\"├ëditer mes tops\"},\"streamingCTA\":{\"title\":\"QuÔÇÖest-ce quÔÇÖon \\u003cbold\\u003eregarde ce soir ?\\u003c/bold\\u003e\",\"description_movie\":\"D├®couvrez les films disponibles sur toutes vos plateformes.\",\"description_tvShow\":\"Recherchez les s├®ries disponibles sur toutes vos plateformes.\",\"button\":\"D├®couvrir\"},\"name_book\":\"Livres\",\"name_comicBook\":\"BD\",\"name_game\":\"Jeux vid├®o\",\"name_movie\":\"Films\",\"name_musicAlbum\":\"Musique\",\"name_tvShow\":\"S├®ries\",\"url_book\":\"/livres\",\"url_comicBook\":\"/bd\",\"url_game\":\"/jeuxvideo\",\"url_movie\":\"/films\",\"url_musicAlbum\":\"/musique\",\"url_tvShow\":\"/series\",\"listsTitle\":\"Listes\",\"pollsTitle\":\"Tops\",\"popularReactionsTitle\":\"R├®actions populaires\",\"popularReviewsTitle\":\"Critiques populaires\",\"scoutActionsTitle\":\"Actions de mes ├®claireurs\",\"book\":{\"awaitedTitle\":\"Les plus attendus\",\"awaitedUrl\":\"/livres/les-plus-attendus\",\"buzzTitle\":\"Les plus populaires\",\"buzzUrl\":\"/livres/actualite\",\"listsUrl\":\"/searchList?filters%5B0%5D%5Bidentifier%5D=universe\\u0026filters%5B0%5D%5Bvalue%5D=Livres\\u0026size=16\\u0026sort=relevance\\u0026type=liste\",\"newsTitle\":\"Les plus r├®cents\",\"newsUrl\":\"/livres/les-plus-recents\",\"pollsUrl\":\"/livres/sondages\",\"title\":\"Actualit├® livres\",\"seo\":{\"description\":\"Parcourez et d├®couvrez les meilleurs livres de l'actualit├®, mais ├®galement les meilleurs romans de la rentr├®e litt├®raire, de science-fiction, etc.\",\"title\":\"Avis Livres ├á d├®couvrir sur SensCritique\"}},\"comicBook\":{\"comicsTitle\":\"Comics\",\"comicsUrl\":\"/bd/actualite/comics\",\"francoBelgiumUrl\":\"/bd/actualite\",\"listsUrl\":\"/searchList?filters%5B0%5D%5Bidentifier%5D=universe\\u0026filters%5B0%5D%5Bvalue%5D=BD\\u0026size=16\\u0026sort=relevance\\u0026type=liste\",\"mangaUrl\":\"/bd/actualite/manga\",\"nextReleaseTitle\":\"├ça sort bient├┤t\",\"nextReleaseTitleUrl\":\"/bd/prochainement\",\"francoBelgiumTitle\":\"BD franco-belge\",\"mangaTitle\":\"Mangas\",\"pollsUrl\":\"/bd/sondages\",\"title\":\"Actualit├® BD\",\"seo\":{\"description\":\"Toute l'actualit├® BD, les meilleures BD, mangas et les meilleurs comics ├á d├®couvrir selon vos go├╗ts.\",\"title\":\"Avis Manga, Comics et BD ├á d├®couvrir sur SensCritique\"}},\"game\":{\"awaitedTitle\":\"Les plus attendus\",\"awaitedUrl\":\"/jeuxvideo/les-plus-attendus\",\"newsUrl\":\"/jeuxvideo/actualite\",\"nextTitle\":\"Derni├¿res sorties\",\"nextUrl\":\"/jeuxvideo/sorties-jeuxvideo/{{ year }}/{{ month }}\",\"newsTitle\":\"Populaires en ce moment\",\"title\":\"Actualit├® jeux vid├®o\",\"listsUrl\":\"/searchList?filters%5B0%5D%5Bidentifier%5D=universe\\u0026filters%5B0%5D%5Bvalue%5D=Jeux\\u0026size=16\\u0026sort=relevance\\u0026type=liste\",\"pollsUrl\":\"/jeuxvideo/sondages\",\"seo\":{\"description\":\"D├®couvrez les meilleurs jeux vid├®o qui vous correspondent sur tous les supports. Les Tops et tests de jeux vid├®o des membres vous permettent de d├®couvrir le top des jeux par genre.\",\"title\":\"Avis Jeux vid├®o ├á d├®couvrir sur SensCritique\"}},\"movie\":{\"listsUrl\":\"/searchList?filters%5B0%5D%5Bidentifier%5D=universe\\u0026filters%5B0%5D%5Bvalue%5D=Films\\u0026size=16\\u0026sort=relevance\\u0026type=liste\",\"mostWantedTitle\":\"Les plus attendus\",\"mostWantedTitleUrl\":\"/films/les-plus-attendus\",\"newsTitle\":\"Les films du moment\",\"newsUrl\":\"/films/toujours-a-l-affiche\",\"pollsUrl\":\"/films/sondages\",\"streamingTitle\":\"├Ç voir en streaming\",\"streamingUrl\":\"/films/streaming\",\"newReleaseByWeek\":\"Sorties de la semaine\",\"newReleaseByWeekUrl\":\"/films/cette-semaine\",\"title\":\"Actualit├® films\",\"seo\":{\"description\":\"D├®couvrez les films ├á voir au cin├®ma en ce moment, toutes les s├®ances, les meilleurs films qui passent ├á la TV, des films cultes ou des grands classiques.\",\"title\":\"Tous les avis de Films ├á d├®couvrir sur SensCritique\"}},\"movie_display\":{\"title\":\"Films ├á l'affiche\",\"week\":\"Les sorties de la semaine\",\"diary\":\"Voir lÔÇÖagenda\",\"allMovie\":\"Tous les films ├á lÔÇÖaffiche\",\"seo\":{\"description\":\"Toutes les derni├¿res sorties de films au cin├®ma qui font l'actualit├® sur SensCritique, class├®es par popularit├® et degr├® d'attente. Bandes-annonces, notes et s├®ances.\",\"title\":\"Films ├á l'affiche au cin├®ma$t(seo.titleSuffix)\"}},\"music\":{\"listsUrl\":\"/searchList?filters%5B0%5D%5Bidentifier%5D=universe\\u0026filters%5B0%5D%5Bvalue%5D=Albums\\u0026size=16\\u0026sort=relevance\\u0026type=liste\",\"newsAlbumUrl\":\"/musique/actualite\",\"newsBoUrl\":\"/musique/actualite-bande-originale\",\"nextReleaseTitle\":\"├ça sort Bient├┤t\",\"nextReleaseUrl\":\"/musique/prochainement\",\"pollsUrl\":\"/musique/sondages\",\"newsAlbumTitle\":\"Albums du moment\",\"newsBoTitle\":\"BO du moment\",\"title\":\"Actualit├® musique\",\"seo\":{\"description\":\"D├®couvrez toute l'actualit├® musicale, les meilleurs groupes, morceaux et les meilleurs albums ├á ├®couter en streaming sur Spotify, le tout selon vos go├╗ts.\",\"title\":\"Avis musique ├á d├®couvrir sur SensCritique\"}},\"tvShow\":{\"awaitedTitle\":\"Les plus attendues\",\"awaitedUrl\":\"/series/les-plus-attendus\",\"bestNewsTitle\":\"Les meilleures nouvelles s├®ries\",\"bestNewsUrl\":\"/series/les-meilleures\",\"listsUrl\":\"/searchList?filters%5B0%5D%5Bidentifier%5D=universe\\u0026filters%5B0%5D%5Bvalue%5D=S├®ries\\u0026size=16\\u0026sort=relevance\\u0026type=liste\",\"newsSeasonsUrl\":\"/series/nouvelles-saisons\",\"newsSeasonsTitle\":\"Les nouvelles saisons\",\"newsTitle\":\"Toutes les nouvelles s├®ries\",\"newsUrl\":\"/series/actualite\",\"pollsUrl\":\"/series/sondages\",\"title\":\"Actualit├® s├®ries\",\"seo\":{\"description\":\"D├®couvrez les meilleures nouvelles s├®ries du moment, mais ├®galement les meilleures s├®ries US, anglaises et bien s├╗r les s├®ries ├á la t├®l├®vision fran├ºaise.\",\"title\":\"Avis S├®ries TV ├á d├®couvrir sur SensCritique\"}},\"seeMore\":{\"lists\":\"Voir toutes les listes\",\"tops\":\"Voir tous les tops\"}},\"popin\":{\"list\":{\"create\":{\"error_creation\":\"Une erreur a eu lieu lors de la cr├®ation, veuillez r├®essayer ou contacter le support.\",\"error_labelMaxLength\":\"Vous ne devez pas d├®passer 200 caract├¿res\",\"error_required\":\"Ce champ est obligatoire\",\"label\":\"Nommer la liste\",\"labelPlaceholder\":\"Les meilleurs films dÔÇÖanima...\",\"title\":\"Cr├®er une liste ou un top\",\"univers\":\"Choisir votre univers\",\"type\":\"Type de liste\",\"visibility\":\"Visibilit├®\",\"info\":\"Vous pouvez seulement s├®lectionner les tops que vous n'avez pas d├®j├á cr├®├®s.\"},\"parameter\":{\"banner\":\"Banni├¿re\",\"deleteList\":\"Supprimer la liste\",\"change\":\"Changer la banni├¿re\",\"delete\":\"Supprimer la banni├¿re\",\"type\":\"Type de liste\",\"classic\":\"Classique\",\"top\":\"Top (Liste ordonn├®e)\",\"visibility\":\"Visibilit├®\",\"public\":\"Publique\",\"private\":\"Priv├®e\",\"comment\":\"Qui peut commenter\",\"all\":\"Tous\",\"scouts\":\"├ëclaireurs\",\"nobody\":\"Personne\"},\"position\":{\"move\":\"D├®placer ├á c├┤t├® de...\",\"before\":\"After\",\"after\":\"Apr├¿s\"}},\"text\":{\"public_list\":\"Liste\",\"public_top\":\"Top\",\"private_list\":\"Liste priv├®e\",\"private_top\":\"Top priv├®\"}},\"contest\":{\"add\":\"Ajouter\",\"accessForm\":\"Acc├®der au formulaire\",\"addToWishlist\":\"Ajouter ├á mes envies\",\"bottomInformation\":\"Merci de bien vouloir indiquer des coordonn├®es postales valides. Si vous gagnez, vos places seront directement envoy├®es ├á l'adresse renseign├®e. Pour participer, vous devez remplir le formulaire. Le concours est r├®serv├® aux personnes majeures domicili├®es en France M├®tropolitaine.\",\"modification\":\"Modifier mes infos\",\"participation\":\"Je participe\",\"title\":\"Inscription pour\",\"toParticipate\":\"├á vos envies pour participer.\",\"toParticipateForm\":\"Remplir le formulaire pour participer\",\"topInformation\":\"Merci de bien vouloir indiquer des coordonn├®es postales valides (si vous gagnez, les places seront directement envoy├®es ├á l'adresse renseign├®e).\",\"until\":\"Vous avez jusquÔÇÖau {{ date }} pour participer\",\"delay\":\"Plus que {{ delay }} pour participer\",\"errors\":{\"addressRequired\":\"Entrer une adresse\",\"cityRequired\":\"Entrer une ville\",\"emailRequired\":\"Entrer un email\",\"extrafieldRequired\":\"Choix requis\",\"firstnameRequired\":\"Entrer un pr├®nom\",\"lastnameRequired\":\"Entrer un nom\",\"postalCodeRequired\":\"Entrer un code postal\",\"verifyEmail\":\"Adresse email invalide\"},\"labels\":{\"firstname\":\"Pr├®nom\",\"lastname\":\"Nom\",\"email\":\"Email\",\"address\":\"Adresse\",\"city\":\"Ville\",\"postalCode\":\"Code postal\"}},\"date\":{\"day\":\"Jour\",\"month\":\"Mois\",\"year\":\"Ann├®e\",\"the\":\"Le {{ date }}\",\"theWithHour\":\"{{date}} ├á {{ hour }}\"},\"everymovie\":{\"nothing\":\"Aucun programme\",\"seo\":{\"description\":\"Trouvez tous les films disponibles sur les cha├«nes que vous recevez et les services VOD auxquels vous ├¬tes abonn├®s.\",\"title\":\"Everymovie$t(seo.titleSuffix)\"},\"title\":\"Everymovie\",\"views\":\"Masquer les films vus\",\"wishes\":\"NÔÇÖafficher que mes envies\"},\"creators\":{\"episode\":\"{{episodeInfos}} de {{tvShowTitle}}\"},\"productDetails\":{\"firstTab\":\"Fiche technique\",\"secondTab\":\"Casting de {{ title }}\",\"thirdTab\":\"Et aussi\",\"title\":\"{{productTitle}}\",\"productInfos\":{\"alternativeTitles\":\"Aussi connu sous le nom de : \",\"allArtist\":\"Artiste musical : \",\"allArtists\":\"Artistes musicaux : \",\"author_m\":\"Auteur : \",\"author_f\":\"Autrice : \",\"authors_m\":\"Auteurs : \",\"authors_f\":\"Autrices : \",\"comicAuthor\":\"Sc├®nario : \",\"comicAuthors\":\"Sc├®nario : \",\"budget\":\"Budget : \",\"channel\":\"Diffuseur : \",\"country\":\"Pays d'origine : \",\"creator_m\":\"Cr├®ateur : \",\"creator_f\":\"Cr├®atrice : \",\"creators_m\":\"Cr├®ateurs : \",\"creators_f\":\"Cr├®atrices : \",\"nativeCountry\":\"pays d'origine\",\"dateRelease\":{\"movie\":\"Date de sortie (France) : \",\"tvShow\":\"Premi├¿re diffusion (France) : \",\"book\":\"Parution France : \",\"comicBook\":\"Date de publication (France) : \",\"music\":\"Date de sortie : \"},\"dateReleaseOriginal\":{\"movie\":\"Date de sortie ({{ country }}) : \",\"tvShow\":\"Premi├¿re diffusion ({{ country }}) : \",\"book\":\"Date de publication ({{ country }}) : \",\"comicBook\":\"Date de publication ({{ country }}) : \"},\"developer\":\"D├®veloppeur : \",\"developers\":\"D├®veloppeurs : \",\"director_m\":\"R├®alisateur : \",\"director_f\":\"R├®alisatrice : \",\"directors_m\":\"R├®alisateurs : \",\"directors_f\":\"R├®alisatrices : \",\"distributor\":\"Distributeur : \",\"distributors\":\"Distributeurs : \",\"duration\":\"Dur├®e : \",\"earlyAccess\":\"Acc├¿s anticip├® : \",\"gameSystems\":\"Sortie sur : \",\"genre_one\":\"Genre : \",\"genre_other\":\"Genres : \",\"group_one\":\"Groupe : \",\"group_other\":\"Groupes : \",\"illustrator_m\":\"Illustrateur : \",\"illustrator_f\":\"Illustratrice : \",\"illustrators_m\":\"Illustrateurs : \",\"illustrators_f\":\"Illustratrices : \",\"isbn\":\"ISBN : \",\"multiplayer\":\"Multijoueur : \",\"musicLabel\":\"Label : \",\"musicLabels\":\"Labels : \",\"notFull\":\"Fiche technique\",\"notFullOther\":\"Toutes les informations\",\"numberOfSeasons\":\"Nombre de saisons : \",\"originalLanguage\":\"Langue d'origine : \",\"originalTitle\":\"Titre original : \",\"pegiGambling\":\"Jeu de hasard : \",\"pegiLanguage\":\"Langage grossier : \",\"pegiRating\":\"PEGI : \",\"pegiViolence\":\"Violence : \",\"penciller\":\"Dessin : \",\"pencillers\":\"Dessin : \",\"allProducer_m\":\"Producteur : \",\"allProducer_f\":\"Productrice : \",\"allProducers_m\":\"Producteurs : \",\"allProducers_f\":\"Productrices : \",\"postfaceWriter_m\":\"Postfacier : \",\"postfaceWriter_f\":\"Postfaci├¿re : \",\"postfaceWriters_m\":\"Postfaciers : \",\"postfaceWriters_f\":\"Postfaci├¿res : \",\"prefaceWriter_m\":\"Pr├®facier : \",\"prefaceWriter_f\":\"Pr├®faci├¿re : \",\"prefaceWriters_m\":\"Pr├®faciers : \",\"prefaceWriters_f\":\"Pr├®faci├¿res : \",\"producer_m\":\"Producteur : \",\"producer_f\":\"Productrice : \",\"producers_m\":\"Producteurs : \",\"producers_f\":\"Productrices : \",\"productionStatus\":\"Statut : \",\"publisher_m\":\"├ëditeur : \",\"publisher_f\":\"├ëditrice : \",\"publishers_m\":\"├ëditeurs : \",\"publishers_f\":\"├ëditrices : \",\"synopsis\":\"R├®sum├® : \",\"allScreenwriter\":\"Sc├®nariste : \",\"allScreenwriters\":\"Sc├®naristes : \",\"soundtrack\":\"Bande originale : \",\"tags\":\"Tags : \",\"translator_m\":\"Traducteur : \",\"translator_f\":\"Traductrice : \",\"translators_m\":\"Traducteurs : \",\"translators_f\":\"Traductrices : \",\"yearOfProduction\":\"Ann├®e : \",\"soundtrackOf\":\"Bande sonore de : \"},\"seo\":{\"description_tv\":\"Casting et infos sur l'├®quipe qui a particip├® ├á l'├®laboration $t(universe.nameWithOf, {\\\"context\\\": {{context}} }) {{ productTitle }} ({{ year }}) de {{ creators }}\",\"description\":\"Informations relatives ├á la cr├®ation $t(universe.nameWithOf, {\\\"context\\\": {{context}} }) {{ productTitle }} ({{ year }}) de {{ creators }}\",\"titlePrefix\":\"Infos de\",\"titlePrefix_1\":\"Casting de\",\"titlePrefix_4\":\"Casting de\",\"titlePrefix_5\":\"Casting de\",\"titlePrefix_3\":\"Caract├®ristiques de\"}},\"homeDisconnected\":{\"coverTexts\":{\"actions\":\"Noter, partager, d├®couvrir, visionner, explorer, ├®changer...\",\"button\":\"D├®couvrir\",\"join\":\"Rejoindre SensCritique\"},\"home\":\"├Ç l'affiche sur SensCritique\",\"navigationTabTitles\":{\"lists\":\"Listes populaires\",\"products\":\"En ce moment sur SensCritique\",\"reviews\":\"Critiques populaires\"},\"seeLessButton\":\"Voir moins de critiques\",\"seeMoreButton\":\"Voir plus de critiques\",\"seo\":{\"title\":\"Avis de musiques, films, jeux vid├®o, BD, livres et s├®ries TV ├á d├®couvrir sur SensCritique\",\"description\":\"Donnez votre avis sur la culture et d├®couvrez les avis de vos amis. Votre collection en ligne accessible ├á tout moment sur Senscritique.\"}},\"messaging\":{\"admin\":\"admin\",\"actions\":{\"unRead\":{\"label\":\"Marquer comme non lu\",\"value\":\"read\"},\"delete\":{\"label\":\"Effacer la conversation\",\"value\":\"delete\"},\"quit\":{\"label\":\"Quitter la conversation\",\"value\":\"quit\"}},\"inputPlaceholder\":\"Destinataires\",\"noMessages\":\"Pas de message !\",\"startNew\":\"D├®marrer une nouvelle conversation\",\"title\":\"Messagerie\",\"newDiscussionAdmin\":\"Nouvelle discussion admin\",\"newDiscussion\":\"Nouvelle discussion\",\"participants\":\"Participants ├á la discussion\",\"seo\":{\"description\":\"Vous ├¬tes sur la messagerie. Retrouvez ici tous les messages qui vous ont ├®t├® envoy├®s par vos ├®claireurs ainsi que par les autres membres de SensCritique.\",\"title\":\"Messagerie$t(seo.titleSuffix)\"}},\"preposition\":{\"with\":\"Avec\"},\"settings\":{\"account\":{\"copyUrl\":\"Copier l'URL\",\"deleteAccount\":\"Supprimer mon compte\",\"yourUrl\":\"Votre URL : \"},\"changePassword\":\"Changer le mot de passe\",\"deleteAccount\":{\"cancel\":\"Annuler la suppression\",\"description\":\"Vous vous appr├¬tez ├á effacer votre compte ainsi que lÔÇÖensemble de votre collection. Cette action est irr├®versible.\",\"reAuthToContinue\":\"Pour continuer, veuillez vous reconnecter\",\"title\":\"Supprimer votre profil SensCritique\",\"titleSmall\":\"Supprimer votre profil\",\"validate\":\"Je souhaite supprimer mon compte et ma collection\"},\"errorRetry\":\"Un probl├¿me a eu lieu, veuillez r├®essayer.\",\"errorRequired\":\"Ce champ est obligatoire.\",\"newPassword\":{\"labelConfirmNewPassword\":\"Confirmer le nouveau mot de passe\",\"labelNewPassword\":\"Nouveau mot de passe\"},\"oldPassword\":{\"labelOldPassword\":\"Mot de passe actuel\"},\"notifications\":{\"alertContest\":\"M'alerter des jeux concours\",\"acceptMailFromSC\":\"Je souhaite recevoir des mails de la part de SensCritique\",\"acceptNewsletter\":\"Je souhaite recevoir la newsletter \\\"{{ newsletterLabel }}\\\"\"},\"profile\":{\"about\":\"├Ç propos\",\"country\":\"Pays\",\"defaultCollectionOrder\":\"Affichage de lÔÇÖaper├ºu de ma collection\",\"firstName\":\"Pr├®nom\",\"lastName\":\"Nom\",\"postalCode\":\"Code postal\",\"privateAccess\":\"Profil limit├®\",\"privateAccessDescription\":\"Seuls les membres inscrits au site peuvent avoir acc├¿s ├á votre profil. Les actions sur les ┼ôuvres et les critiques seront de toute fa├ºon publiquement affich├®es sur les fiches des ┼ôuvres.\",\"publicAccess\":\"Profil public\",\"publicAccessDescription\":\"Tout le monde peut avoir acc├¿s ├á votre profil\",\"showAge\":\"Rendre mon ├óge public\",\"showName\":\"Afficher mon pr├®nom et nom sur mon profil\",\"showProfile\":\"Affichage de mon profil\",\"showRealName\":\"├ètre affich├® sur le site en tant que \\u003cbold\\u003e{{ firstName }} {{ lastName }}\\u003c/bold\\u003e\",\"showUsername\":\"├ètre affich├® sur le site en tant que \\u003cbold\\u003e{{ username }}\\u003c/bold\\u003e (votre identit├® sera cach├®e)\",\"username\":\"Pseudo *\",\"website\":\"Site internet\",\"gender\":\"Genre\",\"showGender\":\"Rendre mon genre public\",\"genderPlaceholder\":\"S├®lectionnez votre genre\",\"error\":{\"auth/invalid-username\":\"Ce pseudo est d├®ja utilis├®\",\"amqp/missing-argument\":\"Une erreur s'est produite\"}},\"reAuth\":\"Se reconnecter\",\"saveChanges\":\"Enregistrer les modifications\",\"seo\":{\"description\":\"Page des param├¿tres. Vous pouvez y configurer votre profil, vos param├¿tres de notifications et g├®rer votre compte.\",\"title\":\"Param├¿tres$t(seo.titleSuffix)\"}},\"blockUser\":{\"blocked\":\"Bloquer @{{name}}\",\"textPopin\":\" ├ètes-vous certain de vouloir bloquer ce membre ? Vous ne pourrez plus recevoir de messages priv├®s de sa part et il lui sera impossible de commenter votre activit├® (critiques, listes, etc.).\",\"unblocked\":\"D├®bloquer @{{name}}\"},\"comment\":{\"form\":{\"follow\":\"Suivre cette activit├®\"},\"delete\":\"Supprimer le commentaire\",\"popinDelete\":\"├ètes-vous s├╗r de vouloir supprimer ce commentaire ?\",\"text_one\":\"{{count}} commentaire\",\"text_other\":\"{{count}} commentaires\",\"nothing\":\"aucun\",\"desactivate\":\"Commentaires d├®sactiv├®s par l'auteur.\",\"noComment\":\"Soyez le premier ├á commenter !\",\"blocked\":\"Vous ne pouvez pas r├®pondre ├á cette activit├®.\"},\"agenda\":{\"getAlerts\":\"Recevoir des alertes (notifications)\",\"productTitle_episode\":\"\\u003cbold\\u003eS{{ product.seasonNumber }}E{{product.episodeNumber}}\\u003c/bold\\u003e {{product.preloadedParentTvShow.title}}\",\"productTitle\":\"{{product.title}}\",\"settings\":\"Param├¿tres\",\"showTvProgram\":\"Afficher le programme TV\",\"subtitle\":\"Vos envies disponibles\",\"title\":\"Agenda\",\"tvPrefix\":\"TV - \",\"prouctModale\":{\"showTime\":\"\\u003cbold\\u003eDiffusion : \\u003c/bold\\u003e{{ dateRelease }} sur {{ channel }}\",\"showTime_small\":\"├Ç {{ dateRelease }} sur {{ channel }}\",\"releaseDate\":\"\\u003cbold\\u003eSortie : \\u003c/bold\\u003e{{ dateRelease }}\",\"seeProduct\":\"Voir la page $t(universe.nameWithOf, {\\\"context\\\": {{context}} })\",\"synopsis\":\"\\u003cbold\\u003eSynopsis : \\u003c/bold\\u003e{{ synopsis }}\"},\"noProducts\":{\"title\":\"Vous ├¬tes s├╗r de nÔÇÖavoir aucune envie en {{ month }} ?\",\"description\":\"Mettez de c├┤t├® les \\u003ca href=\\\"/films\\\"\\u003efilms\\u003c/a\\u003e, les \\u003ca href=\\\"jeuxvideo\\\"\\u003ejeux vid├®o\\u003c/a\\u003e et les \\u003ca href=\\\"series\\\"\\u003es├®ries\\u003c/a\\u003e pr├®vus pour {{ month }}\"},\"card\":{\"pronoun\":{\"on\":\"Sur\",\"of\":\"De\"},\"season\":\"{{ titleProduct }} ÔÇó S{{ season }} ÔÇó {{ title }}\",\"episode\":\"{{ titleProduct }} ÔÇó S{{ season }}EP{{ episode }} ÔÇó {{ title }}\",\"platforms\":\"+ {{ providersNumber }} plateformes\"}},\"about\":{\"address\":\"12 rue Turgot 75009 PARIS FRANCE\",\"company\":\"SensCritique SAS\",\"contactMail\":\"contact@senscritique.com\",\"divers\":\"Divers : \",\"infos\":\"COORDONN├ëES\",\"rcs\":\"RCS Paris B 510 164 619 (capital 356.568Ôé¼)\",\"resume\":\"SensCritique est un service gratuit qui vous permet de partager vos avis sur les films, s├®ries, livres, BD, jeux vid├®o ainsi que la musique. Depuis 2011, SensCritique a recueilli plus de 100M dÔÇÖavis pour d├®multiplier la puissance du bouche ├á oreille culturel.\",\"sc\":\"SENSCRITIQUE\",\"seo\":{\"description\":\"SensCritique est un service gratuit qui vous permet de partager ses avis sur les films, s├®ries, livres, BD, jeux vid├®o ainsi que la musique. Depuis 2011, SensCritique a recueilli plus de 100M dÔÇÖavis pour d├®multiplier la puissance du bouche ├á oreille culturel.\",\"title\":\"├Ç propos de SensCritique$t(seo.titleSuffix)\"},\"team\":\"L'├ëQUIPE\"},\"change\":{\"email\":{\"label\":\"Email\",\"save\":\"Enregistrer les modifications\"},\"password\":{\"labelOld\":\"Ancien mot de passe\",\"labelNew\":\"Nouveau mot de passe\",\"labelConfirm\":\"Confirmer le nouveau mot de passe\",\"save\":\"Changer le mot de passe\"}},\"commentForm\":{\"placeholder\":\"Votre commentaire...\",\"labelActivity\":\"Suivre cette activit├®\",\"button\":\"Commenter\",\"infoText\":\"Ici on peut d├®battre de tout avec respect. Si vous ne jouez pas le jeu, vos commentaires sont susceptibles dÔÇÖ├¬tre mod├®r├®s. Si un comportement vous para├«t d├®plac├®, vous pouvez utiliser le feedback pour le signaler.\",\"link\":\"J'ai compris\"},\"commentList\":{\"nothing\":\"Aucun commentaire\"},\"commentModal\":{\"nothing\":\"aucun commentaire\",\"comment\":\"commentaire\",\"comments\":\"commentaires\",\"labelDropdown\":\"Trier\"},\"commentsNumber\":{\"comments_one\":\"{{ total }} commentaire\",\"comments_other\":\"{{ total }} commentaires\"},\"confirmDeletion\":{\"warning\":\"Vous vous appr├¬tez ├á effacer votre compte ainsi que lÔÇÖensemble de votre collection. Cette action est irr├®versible.\",\"confirm\":\"Je souhaite supprimer mon compte et ma collection\",\"cancel\":\"Annuler la suppression\"},\"confirmPassword\":{\"labelPassword\":\"Pour continuer, entrez votre mot de passe :\",\"confirmButton\":\"Valider\",\"problem\":\"Probl├¿me de mot de passe ?\"},\"contact\":{\"btnCollection\":\"D├®couvrir toutes les ┼ôuvres\",\"majorWorks\":\"┼Æuvres majeures : {{contact}}\",\"like_other\":\" aiment\",\"like_one\":\" aime\",\"carouselCollaborators\":\"collaborations\",\"labelNavigationTab\":\"Morceaux populaires\",\"bestMarks\":\"Les mieux not├®es\",\"seeMoreMovies\":\"Voir les films avec {{ name }}\",\"movies\":\"Films\",\"seeMoreTvshow\":\"Voir les s├®ries avec {{ name }}\",\"tvShow\":\"s├®ries\",\"seeMoreMusic\":\"Voir les albums avec {{ name }}\",\"music\":\"Musique\",\"now\":\"Actuellement\",\"then\":\"Prochainement\",\"confirm\":\"valider\",\"carouselList\":{\"title\":\"S├®lection de listes avec {{ name }}\",\"seeMore\":\"Voir toutes les listes\"},\"seo\":{\"title\":\"{{ name }}$t(seo.titleSuffix)\",\"productsKnows_m\":\"est connu pour\",\"productsKnows_f\":\"est connue pour\"},\"professions\":\"{{val, list}}\"},\"contactProducts\":{\"confirm\":\"valider\",\"filter\":\"Filtrer\",\"filters\":{\"types\":\"types\",\"jobs\":\"r├┤les\"},\"seo\":{\"description\":\"Toutes les ┼ôuvres de {{ name }} filtr├®es par univers ({{listUniverse}})\"}},\"contestsList\":{\"sponsor\":\"Sponsoris├®\",\"seeMore\":\"Voir plus\",\"seeLess\":\"Voir moins\"},\"coverContactInfos\":{\"dot\":\".\",\"professionDescription\":\"{{ profession }} {{ nationality }} {{ bornTo }} {{ verb }} {{ placeOfBirth }} {{ dot }} {{ passAway }} {{ dateOfDeath }} {{ placeOfDeath }} {{ dotDeath }}\",\"personality\":{\"bornTo_m\":\"n├® le {{ dateOfBirth }}\",\"bornTo_f\":\"n├®e le {{ dateOfBirth }}\",\"bornIn_m\":\"n├® en {{ dateOfBirth }}\",\"bornIn_f\":\"n├®e en {{ dateOfBirth }}\",\"verb_m\":\"n├® ├á {{ placeOfBirth }}.\",\"verb_f\":\"n├®e ├á {{ placeOfBirth }}.\",\"passAway_m\":\"Il est d├®c├®d├®\",\"passAway_f\":\"Elle est d├®c├®d├®e\",\"deadDateSentenceTo\":\" le {{ dateOfDeath }}\",\"deadDateSentenceIn\":\" en {{ dateOfDeath }}\",\"deadPlaceSentence\":\" ├á {{ placeOfDeath }}\",\"bornPlaceSentence\":\" ├á {{ placeOfBirth }}\"},\"company\":{\"text\":\"est une soci├®t├® sp├®cialis├®e dans\"},\"band\":{\"text\":\"est un groupe de musique\"},\"like\":\"J'aime\",\"deadDateSentence\":\" le {{ dateOfDeath }}\",\"deadPlaceSentence\":\" ├á {{ placeOfDeath }}\",\"bornPlaceSentence\":\" ├á {{ placeOfBirth }}\"},\"coverProfil\":{\"age\":\"ans\",\"changeBackground\":\"Changer l'image de fond\",\"follow\":\"Suivre @{{ name }}\",\"followAction\":\"Suivre\",\"unfollowAction\":\"Ne plus suivre\",\"followMe\":\"Vous suit\",\"isScout\":\"├ëclaireur\",\"lock\":\"Bloquer @{{ name }}\",\"locked\":\"Bloqu├®\",\"lockWarning\":\"├ètes-vous certain de vouloir bloquer ce membre ? Vous ne pourrez plus recevoir de messages priv├®s de sa part et il lui sera impossible de commenter votre activit├® (critiques, listes, etc.).\",\"hide\":\"Ne plus me proposer\",\"marks_one\":\"note\",\"marks_other\":\"notes\",\"scouts_one\":\"├®claireur\",\"scouts_other\":\"├®claireurs\",\"sendMessage\":\"Envoyer un message priv├®\",\"sendMessageAsAdmin\":\"Envoyer un message priv├® en tant qu'admin\",\"subscribers_one\":\"abonn├®\",\"subscribers_other\":\"abonn├®s\",\"unFollow\":\"Ne plus suivre @{{ name }}\",\"unlock\":\"D├®bloquer @{{ name }}\",\"versus\":\"Versus\",\"versusDescription\":\"Ce compte a besoin de 200 notes pour ├¬tre compar├® dans le versus. Plus que {{ remaining }} !\",\"versusDescription_me\":\"Vous avez besoin de 200 notes pour utiliser le versus. Plus que {{ remaining }} !\"},\"datePicker\":{\"ok\":\"OK\"},\"diary\":{\"title\":\"Journal\",\"backButton\":\"Retour au profil\",\"diaryOf\":\"Journal de {{ name }}\",\"universe\":\"Univers\",\"yearDateDone\":\"Ann├®es\",\"monthDateDone\":\"Mois\",\"restore\":\"R├®initialiser\",\"seo\":{\"title\":\"Journal de {{name}}$t(seo.titleSuffix)\"}},\"editInfoEmailLink\":{\"confirmMail\":\"Pensez ├á confirmer votre adresse mail\",\"modifymail\":\"Modifier mon adresse mail\",\"resendMail\":\"Renvoyer le mail de confirmation\",\"modify\":\"Modifier\",\"resend\":\"Renvoyer\"},\"editReview\":{\"edit\":\"├ëditer une critique\",\"create\":\"Cr├®er une critique\",\"myMark\":\"Ma note\"},\"followUser\":{\"writtenBy\":\"├ëcrit par\",\"listOf\":\"Liste de\",\"follow\":\"Suivre\",\"unfollow\":\"Ne plus suivre\"},\"footer\":{\"googlePlay\":\"Disponible sur Google Play\",\"appStore\":\"T├®l├®charger dans l'App Store\",\"contactSupport\":\"Contacter le support\",\"movies\":\"Films\",\"urlMovies\":\"/films\",\"topMovies\":\"Top 2025 films\",\"topUrlMovies\":\"/top/resultats/les_meilleurs_films_de_2025/3996052\",\"releasedMovie\":\"Une bataille apr├¿s l'autre\",\"topUrlReleasedMovie\":\"/film/une_bataille_apres_l_autre/72691307\",\"releasedSoonMovie\":\"Avatar - De Feu et de Cendres\",\"topUrlReleasedSoonMovie\":\"/film/avatar_de_feu_et_de_cendres/402589\",\"newsUrlMovie\":\"/films/toujours-a-l-affiche\",\"newsMovie\":\"Actualit├®\",\"tvShow\":\"S├®ries\",\"urlTvShow\":\"/series\",\"topTvShow\":\"Top 2025 s├®ries\",\"topUrlTvShow\":\"/top/resultats/les_meilleures_series_de_2025/4001795\",\"releasedTvShow\":\"Pluribus\",\"topUrlReleasedTvShow\":\"/serie/pluribus/51314485\",\"releasedSoonTvShow\":\"A Knight of the Seven Kingdoms\",\"topUrlReleasedSoonTvShow\":\"/serie/a_knight_of_the_seven_kingdoms/78858393\",\"newsUrlTvShow\":\"/series/les-meilleures\",\"newsTvShow\":\"Les nouvelles s├®ries du moment\",\"game\":\"Jeux vid├®o\",\"urlGame\":\"/films\",\"topGame\":\"Top 2025 Jeux vid├®o\",\"topUrlGame\":\"/top/resultats/les_meilleurs_jeux_video_de_2025/4002475\",\"releasedGame\":\"Hollow Knight: Silksong\",\"topUrlReleasedGame\":\"/jeuvideo/hollow_knight_silksong/38944315\",\"releasedSoonGame\":\"Metroid Prime 4: Beyond\",\"topUrlReleasedSoonGame\":\"/jeuvideo/metroid_prime_4/25446862\",\"popularUrlGames\":\"/jeuxvideo/actualite\",\"popularGames\":\"Jeux populaires en ce moment\",\"book\":\"Livres\",\"urlBook\":\"/livres\",\"topBooks\":\"Top 2025 livres\",\"topUrlBooks\":\"/top/resultats/les_meilleurs_livres_de_2025/4009445\",\"releasedBook\":\"La Maison vide\",\"topUrlReleasedBook\":\"/livre/la_maison_vide/122435860\",\"releasedSoonBook\":\"Kolkhoze\",\"topUrlReleasedSoonBook\":\"/livre/kolkhoze/118760307\",\"popularUrlBooks\":\"/livres/actualite\",\"popularBooks\":\"Livres populaires en ce moment\",\"comicBook\":\"BD\",\"urlComicBook\":\"/bd\",\"topComicBook\":\"Top 2025 BD\",\"topUrlComicBook\":\"/top/resultats/les_meilleures_bd_de_2025/4011381\",\"releasedComicBook\":\"Ast├®rix en Lusitanie - Ast├®rix, tome 41\",\"topUrlReleasedComicBook\":\"/bd/asterix_en_lusitanie_asterix_tome_41/108928073\",\"releasedSoonComicBook\":\"Silent Jenny\",\"topUrlReleasedSoonComicBook\":\"/bd/silent_jenny/45427682\",\"newsUrlComicBook\":\"/bd/actualite\",\"newsComicBook\":\"Actualit├® BD\",\"music\":\"Musique\",\"urlMusic\":\"/musique\",\"topMusic\":\"Top 2025 musiques\",\"topUrlMusic\":\"/top/resultats/les_meilleurs_albums_de_2025/4009588\",\"releasedAlbum\":\"La fuite en avant\",\"topUrlReleasedAlbum\":\"/album/la_fuite_en_avant/128378645\",\"releasedSoonAlbum\":\"LUX\",\"topUrlReleasedSoonAlbum\":\"/album/lux/127925886\",\"popularUrlAlbum\":\"/musique/actualite\",\"popularAlbum\":\"Album du moment\",\"about\":\"├Ç propos\",\"extension\":\"Notre extension\",\"application\":\"Notre application mobile \",\"help\":\"Aide\",\"contactUs\":\"Nous contacter\",\"job\":\"Emploi\",\"blog\":\"L'├®dito\",\"ad\":\"Pub\",\"conditions\":\"CGU\",\"copyright\":\"┬® 2025 SensCritique\"},\"blog\":{\"breadcrumb\":{\"label\":\"L'├®dito\"}},\"form\":{\"inputFile\":{\"files\":\"{{ number }} fichiers\"}},\"genres\":{\"commonDescription\":\"Du chef-d'┼ôuvre culte aux tr├®sors cach├®s, d├®couvrez le genre dans toute sa richesse. SensCritique vous propose une s├®lection vivante, critique et passionn├®e dÔÇÖ┼ôuvres ├á voir absolument. Naviguez entre les ├®poques et les styles gr├óce ├á la communaut├® de passionn├®s. Chaque ┼ôuvre a sa place, chaque avis compte.\",\"description\":{\"movie\":\"Tous les films du monde entier sont recens├®s sur SensCritique. D├®couvrez les meilleurs films ├á voir en salle au cin├®ma, les meilleurs films qui passent ├á la t├®l├®, les films ind├®pendants, les documentaires et tous les autres genres de films. SensCritique vous permet de d├®couvrir des films susceptibles de vous plaire en organisant le bouche ├á oreille : d├®couvrez le Top 100 films, les meilleurs films par genre, et la possibilit├® de noter, de classer, de faire vos listes personnelles et si vous le voulez de partager votre avis de mani├¿re plus d├®taill├®e via une critique. Tout sera accessible ├á vos amis, et vous d├®couvrirez ├®galement les films appr├®ci├®s par vos amis, pour toujours plus de d├®couverte. $t(genres.commonDescription)\",\"tvShow\":\"Toutes les s├®ries du monde entier sont recens├®es sur SensCritique. D├®couvrez les meilleures s├®ries US, les meilleures s├®ries anglaises, les meilleures s├®ries europ├®ennes et m├¬me fran├ºaises (si si, il y en a), mais aussi les webs├®ries. SensCritique vous permet de d├®couvrir des s├®ries TV susceptibles de vous plaire en organisant le bouche ├á oreille : d├®couvrez le Top 100 s├®ries, les meilleures s├®ries par nationalit├® ou par genre, et la possibilit├® de noter, de classer, de faire vos listes personnelles. Si vous le voulez, vous pouvez ├®galement partager votre avis de mani├¿re plus d├®taill├®e via une critique. Tout sera accessible ├á vos amis, et vous d├®couvrirez ├®galement les s├®ries appr├®ci├®es par vos amis et celles qu'ils regardent en ce moment. $t(genres.commonDescription)\",\"game\":\"Tous les jeux vid├®o du monde entier sont recens├®s sur SensCritique, qu'il s'agisse des jeux sur PC ou des jeux sur consoles, actuelles ou retro-gaming. En sus de l'actualit├® du jeu vid├®o, SensCritique vous permet de d├®couvrir des jeux susceptibles de vous plaire en organisant le bouche ├á oreille : d├®couvrez le Top 100 jeux vid├®o et des tops th├®matiques comme les meilleurs jeux de r├┤le, les meilleurs jeux coop├®ratifs, etc. SensCritique vous offre surtout la possibilit├® de noter, de classer, de faire votre Top 10 Jeux Vid├®o et d'organiser vos propres listes personnelles. Si vous le voulez, vous pouvez ├®galement partager votre avis de mani├¿re plus d├®taill├®e via une critique. Tout sera accessible ├á vos amis, et vous d├®couvrirez ├®galement les jeux vid├®o appr├®ci├®s par vos amis et ceux auxquels ils jouent en ce moment. $t(genres.commonDescription)\",\"book\":\"Tous les livres du monde entier sont recens├®s sur SensCritique. D├®couvrez les meilleures ventes de la semaine, les derni├¿res sorties poches ou grand format et tout ce qui fait l'actualit├® litt├®raire. SensCritique vous permet de d├®couvrir des livres ├á lire susceptibles de vous plaire en organisant le bouche ├á oreille : d├®couvrez le Top 100 livres, les meilleurs polars, les meilleurs livres de SF, avec la possibilit├® de noter, de classer, de faire votre Top 10 livres et vos listes personnelles. Si vous le voulez, vous pouvez ├®galement partager votre avis de mani├¿re plus d├®taill├®e via une critique. Tout sera accessible ├á vos amis, et vous d├®couvrirez ├®galement les livres appr├®ci├®s par vos amis et ceux qu'ils sont en train de lire en ce moment. $t(genres.commonDescription)\",\"comicBook\":\"Toutes les BD du monde entier sont recens├®es sur SensCritique, qu'il s'agisse des BD franco-belges, des mangas, des comics, des romans graphiques et m├¬me des webs├®ries BD. En sus de l'actualit├® des bandes dessin├®es, SensCritique vous permet de d├®couvrir des BD ├á lire susceptibles de vous plaire en organisant le bouche ├á oreille : d├®couvrez le Top 100 BD et des tops th├®matiques comme les meilleurs comics sans super h├®ros, les meilleures BD de SF etc. SensCritique vous offre surtout la possibilit├® de noter, de classer, de faire votre Top 10 BD et vos propres listes personnelles. Si vous le voulez, vous pouvez ├®galement partager votre avis de mani├¿re plus d├®taill├®e via une critique. Tout sera accessible ├á vos amis, et vous d├®couvrirez ├®galement les BD appr├®ci├®es par vos amis et celles qu'ils sont en train de lire en ce moment. $t(genres.commonDescription)\",\"musicAlbum\":\"Toutes les musiques du monde entier sont recens├®es sur SensCritique, qu'il s'agisse des albums ou des titres et morceaux. En sus de l'actualit├® de la musique et des nouveaux albums ├á ├®couter en streaming, SensCritique vous permet de d├®couvrir des albums ├á ├®couter susceptibles de vous plaire en organisant le bouche ├á oreille : d├®couvrez le Top 100 albums et des tops th├®matiques comme les meilleurs albums de l'ann├®e ou les meilleurs albums ├®lectro, les meilleurs solos de guitare, etc. SensCritique vous offre surtout la possibilit├® de noter, de classer, de faire votre Top 10 albums et d'organiser vos propres listes personnelles. Si vous le voulez, vous pouvez ├®galement partager votre avis de mani├¿re plus d├®taill├®e via une critique. Tout sera accessible ├á vos amis, et vous d├®couvrirez ├®galement les albums appr├®ci├®s par vos amis et ceux qu'ils sont en train d'├®couter en ce moment. $t(genres.commonDescription)\"},\"seo\":{\"description\":{\"movie\":\"D├®couvrez les meilleurs films du genre \\\"{{ genre }}\\\" sur SensCritique : notes, critiques et nouveaut├®s pour nourrir votre passion du grand et petit ├®cran.\",\"movieNoGenre\":\"D├®couvrez les meilleurs films sur SensCritique : notes, critiques et nouveaut├®s pour nourrir votre passion du grand et petit ├®cran.\",\"tvShow\":\"D├®couvrez les meilleures s├®ries du genre \\\"{{ genre }}\\\" sur SensCritique : notes, critiques et nouveaut├®s pour nourrir votre passion du grand et petit ├®cran.\",\"tvShowNoGenre\":\"D├®couvrez les meilleures s├®ries sur SensCritique : notes, critiques et nouveaut├®s pour nourrir votre passion du grand et petit ├®cran.\",\"game\":\"D├®couvrez les meilleurs jeux du genre \\\"{{ genre }}\\\" sur SensCritique : notes, critiques et nouveaut├®s pour nourrir votre passion du grand et petit ├®cran.\",\"gameNoGenre\":\"D├®couvrez les meilleurs jeux sur SensCritique : notes, critiques et nouveaut├®s pour nourrir votre passion du grand et petit ├®cran.\",\"book\":\"D├®couvrez les meilleurs livres du genre \\\"{{ genre }}\\\" sur SensCritique : notes, critiques et nouveaut├®s pour nourrir votre passion du grand et petit ├®cran.\",\"bookNoGenre\":\"D├®couvrez les meilleurs livres sur SensCritique : notes, critiques et nouveaut├®s pour nourrir votre passion du grand et petit ├®cran.\",\"comicBook\":\"D├®couvrez les meilleures BD du genre \\\"{{ genre }}\\\" sur SensCritique : notes, critiques et nouveaut├®s pour nourrir votre passion du grand et petit ├®cran.\",\"comicBookNoGenre\":\"D├®couvrez les meilleures BD sur SensCritique : notes, critiques et nouveaut├®s pour nourrir votre passion du grand et petit ├®cran.\",\"musicAlbum\":\"D├®couvrez les meilleurs albums du genre \\\"{{ genre }}\\\" sur SensCritique : notes, critiques et nouveaut├®s pour nourrir votre passion du grand et petit ├®cran.\",\"musicAlbumNoGenre\":\"D├®couvrez les meilleurs albums sur SensCritique : notes, critiques et nouveaut├®s pour nourrir votre passion du grand et petit ├®cran.\"},\"title\":{\"movie\":\"Tous les films du genre \\\"{{ genre }}\\\" ├á d├®couvrir sur SensCritique.com\",\"movieNoGenre\":\"Tous les films du monde entier ├á d├®couvrir sur SensCritique.com\",\"tvShow\":\"Toutes les s├®ries du genre \\\"{{ genre }}\\\" ├á d├®couvrir sur SensCritique.com\",\"tvShowNoGenre\":\"Toutes les s├®ries du monde entier ├á d├®couvrir sur SensCritique.com\",\"game\":\"Tous les jeux du genre \\\"{{ genre }}\\\" ├á d├®couvrir sur SensCritique.com\",\"gameNoGenre\":\"Tous les jeux du monde entier ├á d├®couvrir sur SensCritique.com\",\"book\":\"Tous les livres du genre \\\"{{ genre }}\\\" ├á d├®couvrir sur SensCritique.com\",\"bookNoGenre\":\"Tous les livres du monde entier ├á d├®couvrir sur SensCritique.com\",\"comicBook\":\"Toutes les BD du genre \\\"{{ genre }}\\\" ├á d├®couvrir sur SensCritique.com\",\"comicBookNoGenre\":\"Toutes les BD du monde entier ├á d├®couvrir sur SensCritique.com\",\"musicAlbum\":\"Tous les albums du genre \\\"{{ genre }}\\\" ├á d├®couvrir sur SensCritique.com\",\"musicAlbumNoGenre\":\"Tous les albums du monde entier ├á d├®couvrir sur SensCritique.com\"}},\"title\":\"GENRES\",\"confirm\":\"Valider\",\"search\":\"Rechercher...\"},\"header\":{\"home\":\"Accueil {{ universe }}\",\"signIn\":\"Se connecter\",\"signUp\":\"S'inscrire\",\"application\":\"L'app mobile\"},\"inputMessage\":{\"placeHolder\":\"Message...\"},\"likesNumber\":{\"count\":\"{{ number }} j'aime\"},\"listDescription\":{\"seeMore\":\"Afficher plus\",\"seeLess\":\"Afficher moins\"},\"listItems\":{\"nothing\":\"Aucun r├®sultat\"},\"listsProfil\":{\"type\":\"Type de liste\",\"restore\":\"R├®initialiser\",\"backButton\":\"Retour au profil\",\"listsOf\":\"Listes de {{ name }}\",\"create\":\"Cr├®er\",\"sort\":\"Trier par : {{ label }}\",\"filter\":\"Filtrer\",\"confirm\":\"VALIDER\",\"searchBarPlaceholder\":\"Rechercher une liste\",\"seo\":{\"description\":\"Les meilleures listes imagin├®es par {{name}} : classement, Top, meilleurs films de l'ann├®e, avis, chacun cr├®e ses listes selon son besoin.\",\"title\":\"Listes de {{name}}$t(seo.titleSuffix)\"},\"listsUrl\":\"/searchList\",\"empty\":{\"nothingToDisplay\":\"Toutes les listes sont sur SensCritique, mais il nÔÇÖy a rien ici !\",\"redirectSentence\":\"Retrouvez-les via \\u003clinkExplorer\\u003e{{ linkLabel }}\\u003c/linkExplorer\\u003e\",\"create\":\"cr├®er une liste ou un top\",\"explorer\":\"l'explorer.\",\"me\":{\"nothingToDisplay\":\"Il n'y a rien ├á afficher ici !\",\"redirectSentence\":\"Vous pouvez \\u003clinkCreate\\u003e{{ createLabel }}\\u003c/linkCreate\\u003e\\nou en consulter d'autres via \\u003clinkExplorer\\u003e{{ linkLabel }}\\u003c/linkExplorer\\u003e\"}}},\"modalEmail\":{\"email\":\"Email\",\"link\":\"Vous devez ajouter une adresse mail\",\"noEmail\":\"Pour vous inscrire sur SensCritique avec Facebook, vous devez obligatoirement ajouter une adresse mail ├á votre compte.\\u003cbr/\\u003e\\u003cbr/\\u003ePour cela, rendez-vous dans vos \\u003clinkAccount\\u003eparam├¿tres de compte\\u003c/linkAccount\\u003e.\\u003cbr/\\u003e\\u003cbr/\\u003ePour que SensCritique puisse acc├®der ├á votre email, vous devez autoriser l'acc├¿s dans \\u003cappLinkAccount\\u003eles param├¿tres d'application Facebook\\u003c/appLinkAccount\\u003e.\",\"accountSettings\":\"param├¿tres de compte\",\"appAccountSettings\":\"param├¿tres de compte\"},\"modalPassword\":{\"alreadyExists\":\"Le compte existe d├®j├á, veuillez retaper votre mot de passe pour lier les comptes.\",\"passwordLabel\":\"Mot de passe\",\"passwordPlaceholder\":\"********\",\"button\":\"Valider\"},\"navigationPeriod\":{\"ariaLabel\":\"Navigation par p├®riode\",\"previous\":\"Pr├®c├®dent\",\"next\":\"Suivant\"},\"navigationMobileModal\":{\"findUs\":\"Retrouvez-nous :\"},\"notificationsList\":{\"nothing\":\"Aucune notification\"},\"notificationsModal\":{\"title\":\"Notifications\",\"agenda\":{\"access\":\"Acc├®der ├á mon agenda\",\"more_one\":\"+ {{ count }} autre\",\"more_other\":\"+ {{ count }} autres\"}},\"onBoarding\":{\"firstStep\":{\"productRatingAnnotation\":{\"yourMark\":\"Votre note\",\"globalMark\":\"Note globale\",\"scoutMark\":\"Note ├®claireurs\"},\"understandData\":\"Comprendre les donn├®es\",\"rate\":\"Noter une ┼ôuvre\",\"hover\":\"Survoler l'affiche pour faire appara├«tre la modale d'action.\",\"try\":\"Commencez par noter une ┼ôuvre, rassurez-vous, celle-ci est factice.\"},\"footer\":{\"backButton\":\"Retour\",\"next\":\"Suivant\"},\"header\":{\"backButton\":\"Retour\"},\"secondStep\":{\"followUserPreview\":{\"text\":\"Vos ├®claireurs sont entour├®s d'un rond vert\",\"follow\":\"Suivre\"},\"follow\":\"Suivre un ├®claireur\",\"falseScout\":\"Suivez cet ├®claireur factice\"},\"thirdStep\":{\"text\":\"Commencer ├á naviguer\",\"profil\":\"Mon profil\"}},\"platformListOverview\":{\"selection\":\"S├®lection {{ provider }}\"},\"platformsListPopin\":{\"platforms\":\"Sur quelle plateforme ?\"},\"popinConfirmation\":{\"ok\":\"Ok\",\"warning\":\"Voulez-vous supprimer votre liste \\\"{{ label }}\\\" ? Cette action est irr├®versible\",\"delete\":\"Supprimer la liste\"},\"popinDeletionAccount\":{\"delete\":\"Supprimer votre profil SensCritique\",\"deleteOk\":\"Votre demande de suppression de compte a bien ├®t├® enregistr├®e. La suppression sera effective dans 7 jours ├á compter de votre derni├¿re connexion.\"},\"popinListRegister\":{\"unsaved\":\"Vous ├¬tes sur le point de quitter sans enregistrer !\",\"close\":\"Fermer sans enregistrer\",\"cancel\":\"Annuler\"},\"productActions\":{\"myRating\":\"Ma note\",\"inProgress\":\"En cours\",\"recommend\":\"Coup de c┼ôur\",\"list\":\"Ajouter ├á une liste\",\"selectPlatform\":\"Choisissez une plateforme pour continuer :\",\"dateDoneLabel\":{\"album\":\"Date d'├®coute\",\"book\":\"Date de lecture\",\"game\":\"Date de jeu\",\"movie\":\"Date de visionnage\"},\"confirmationModal\":{\"warning\":\"Voulez-vous supprimer toutes vos actions effectu├®es sur cette ┼ôuvre ?\"},\"wishLabel\":{\"musicAlbum\":\"Envie de l'├®couter\",\"musicAlbum_again\":\"Envie de le r├®├®couter\",\"book\":\"Envie de le lire\",\"book_again\":\"Envie de le relire\",\"comicBook\":\"Envie de la lire\",\"comicBook_again\":\"Envie de la relire\",\"game\":\"Envie d'y jouer\",\"game_again\":\"Envie d'y rejouer\",\"movie\":\"Envie de le voir\",\"movie_again\":\"Envie de le revoir\",\"musicTrack\":\"Envie de l'├®couter\",\"musicTrack_again\":\"Envie de la r├®├®couter\",\"tvShow\":\"Envie de la voir\",\"tvShow_again\":\"Envie de la revoir\",\"tvShowEpisode\":\"Envie de le voir\"},\"done\":{\"label\":{\"album\":\"├ëcout├®\",\"book\":\"Lu\",\"comicBook\":\"Lue\",\"game\":\"Jou├®\",\"movie\":\"Vu\",\"track\":\"├ëcout├®e\",\"tvShow\":\"Vue\"},\"withDateDone\":{\"album\":\"├ëcout├® le {{dateDone}}\",\"book\":\"Lu le {{dateDone}}\",\"comicBook\":\"Lue le {{dateDone}}\",\"game\":\"Jou├® le {{dateDone}}\",\"movie\":\"Vu le {{dateDone}}\",\"track\":\"├ëcout├®e le {{dateDone}}\",\"tvShow\":\"Vue le {{dateDone}}\",\"album_notfull\":\"├ëcout├® en {{dateDone}}\",\"book_notfull\":\"Lu en {{dateDone}}\",\"comicBook_notfull\":\"Lue en {{dateDone}}\",\"game_notfull\":\"Jou├® en {{dateDone}}\",\"movie_notfull\":\"Vu en {{dateDone}}\",\"track_notfull\":\"├ëcout├®e en {{dateDone}}\",\"tvShow_notfull\":\"Vue en {{dateDone}}\"}}},\"productEpisodes\":{\"configure\":\"Configurer ma progression\",\"edit\":\"Modifier ma progression\",\"episodesTab\":\"Vos derniers ├®pisodes\",\"episodesUnseen\":\"Premiers ├®pisodes\",\"resumeTab\":\"Reprendre\",\"myProgress\":\"Ma progression : \",\"herProgress\":\"La progression de {{user.username}}: \"},\"productReviews\":{\"tabLabel\":\"Critiques : avis d'internautes ({{count}})\",\"actionRight\":\"├ëcrire une critique\",\"url\":\"/{{ universe }}/{{ slug }}/critique/creation/{{ productId }}\",\"urlEdit\":\"{{ url }}/edit\",\"seeAll\":\"VOIR LES {{ number }} CRITIQUES\",\"seo\":{\"prefixTitle\":\"Avis sur {{ productTitle }}\",\"prefixTitle_game\":\"Tests de {{ productTitle }}\",\"prefixTitleYear\":\"{{ prefixTitle }} ({{ year }})\",\"title\":\"{{ prefixTitle }}$t(seo.titleSuffix)\",\"description\":\"Toutes les critiques sur $t(universe.nameWithThe, {\\\"context\\\": {{context}} }) {{ productTitle }} de {{ creators }}, class├®es par popularit├®. Avis, tests, ou simples fiches de lecture, chacun r├®dige ses critiques comme il l'entend.\"}},\"productSynopsis\":{\"close\":\" Fermer\",\"more\":\" Voir plus\",\"title\":{\"book\":\"R├®sum├® ┬À \",\"comicBook\":\"R├®sum├® ┬À \",\"game\":\"R├®sum├® ┬À \",\"movie\":\"Synopsis ┬À \",\"tvShow\":\"Synopsis ┬À \",\"tvShowEpisode\":\"Synopsis ┬À \"}},\"productVOD\":{\"backButton\":\"Retour\",\"tabLabel\":\"Regarder {{ title }}\",\"unavailable\":\"Pas disponible en VOD\",\"seo\":{\"title\":\"VOD de {{ productTitle }}$t(seo.titleSuffix)\"}},\"profileAccount\":{\"url\":\"Votre URL : \",\"copyUrl\":\"Copier l'URL\",\"deleteAccount\":\"Supprimer mon compte\"},\"profileNotifications\":{\"firstCheckbox\":\"M'alerter des jeux concours\",\"secondCheckbox\":\"Je souhaite recevoir des mails de la part de SensCritique\",\"thirdCheckbox\":\"Je souhaite recevoir la newsletter \\\"Films et s├®ries de la semaine\\\"\",\"button\":\"Enregistrer les modifications\"},\"profileSettingsForm\":{\"firstnameInput\":{\"label\":\"Pr├®nom\",\"placeholder\":\"John\"},\"lastnameInput\":{\"label\":\"Nom\",\"placeholder\":\"Doe\"},\"usernameInput\":{\"label\":\"Pseudo\",\"placeholder\":\"J_Doe\"},\"postalCodeInput\":{\"label\":\"Code postal\"},\"countryInput\":{\"label\":\"Pays\"},\"profileLinkInput\":{\"label\":\"Site internet\"},\"aboutInput\":{\"label\":\"├Ç propos\"},\"radioHide\":{\"beginText\":\"├ètre affich├® sur le site en tant que \",\"endText\":\"(votre identit├® sera cach├®e)\"},\"radioShow\":{\"beginText\":\"├ètre affich├® sur le site en tant que \"},\"radioProfilPublic\":{\"description\":\"Tout le monde peut avoir acc├¿s ├á votre profil\",\"label\":\"Profil public\"},\"radioProfilLimit\":{\"description\":\"Seuls les membres inscrits au site peuvent avoir acc├¿s ├á votre profil. Les actions sur les ┼ôuvres et les critiques seront de toute fa├ºon publiquement affich├®es sur les fiches des ┼ôuvres.\",\"label\":\"Profil limit├®\"},\"birthDaySelect\":{\"label\":\"Jour\"},\"birthMonthSelect\":{\"label\":\"Mois\"},\"birthYearSelect\":{\"label\":\"Ann├®e\"},\"checkbox\":{\"label\":\"Rendre mon ├óge public\"},\"button\":\"Enregistrer les modifications\"},\"profileUniverseStats\":{\"ratings\":\"R├®partition des notes\",\"artworks\":\"R├®partition des ┼ôuvres\"},\"providers\":{\"watch_1\":\"Voir le film\",\"watch_4\":\"Voir la s├®rie\",\"compare\":\"Toutes les offres VOD\",\"onTv\":\"├ëgalement ├á la TV\",\"price\":\"├Ç partir de {{ price }}Ôé¼\",\"info\":\"Certaines offres peuvent n├®cessiter un abonnement suppl├®mentaire\",\"modal\":{\"title\":\"Regarder {{ productTitle }} sur:\"}},\"reactionPopin\":{\"title\":\"Votre r├®action\",\"button\":\"Publier\"},\"reviewForm\":{\"selectPlatform\":{\"placeholder\":\"Plateformes\",\"required\":\"S├®lectionnez votre plateforme\"},\"titleReviewInput\":{\"label\":\"Titre de votre critique\",\"placeholder\":\"optionnel\",\"maxLength\":\"Le titre ne doit pas d├®passer 100 caract├¿res\"},\"rating\":{\"required\":\"Ajouter une note\"},\"inputLabel\":\"Votre critique\",\"checkboxLabel\":\"Publier ma critique\",\"comments\":\"Commentaires :\",\"or\":\"ou\",\"delete\":\"Supprimer ma critique\",\"confirmDelete\":\"├ètes-vous s├╗r de vouloir supprimer votre critique ?\"},\"reviewInfos\":{\"date\":\"Le {{date}}\",\"isListedAndRecommended_one\":\"Cet utilisateur l'a ├®galement mis dans ses coups de c┼ôur et l'a ajout├® ├á sa liste\",\"isListedAndRecommended_other\":\"Cet utilisateur l'a ├®galement mis dans ses coups de c┼ôur et l'a ajout├® ├á ses listes\",\"isListedOnly_one\":\"Cet utilisateur l'a ├®galement ajout├® ├á sa liste\",\"isListedOnly_other\":\"Cet utilisateur l'a ├®galement ajout├® ├á ses listes\",\"isRecommendedOnly\":\"Cet utilisateur l'a ├®galement mis dans ses coups de c┼ôur.\",\"listLink\":\"\\u003ca href={{ url }}\\u003e{{ label }}\\u003c/a\\u003e\",\"writtenBy\":\"├ëcrit par\",\"createdAt\":\"Cr├®├®e\",\"updatedOn\":\"Modifi├®e\"},\"reviewOverview\":{\"read\":\"Lire la critique\",\"reviewCount_one\":\"{{ count }} critique\",\"reviewCount_other\":\"{{ count }} critiques\"},\"reviewTopMobile\":{\"sentence\":\"Critique de \\u003clinkProduct\\u003e{{ productName }}\\u003c/linkProduct\\u003e ({{ year }}) ├®crite par \\u003clinkUsername\\u003e{{ name }}\\u003c/linkUsername\\u003e le {{ date }}.\"},\"scoutsList\":{\"action\":\"Actions de mes ├®claireurs\",\"like\":\"Vos ├®claireurs qui appr├®cient cette personnalit├®\",\"review\":\"Voir sa critique\",\"currentEpisode\":\"En cours : {{ episode }}\",\"seeAction\":\"Voir les activit├®s\",\"link\":{\"global\":\"Afficher toute la communaut├®\",\"scout\":\"Afficher les actions des mes ├®claireurs\"}},\"scoutsWishesList\":{\"wishes\":\"Dans les envies de {{ total }} ├®claireur\"},\"seasonPreview\":{\"season\":\"Saison {{ number }}\",\"episode\":\"{{ number }} ├®pisode\"},\"seasonsList\":{\"actionRight\":\"Configurer ma progression\",\"button\":\"voir toutes les saisons\"},\"signIn\":{\"form\":{\"social\":\"Se connecter via\",\"alert\":\"Mauvaise combinaison e-mail / mot de passe.\",\"orWithProvider\":\"ou connexion avec\",\"title\":\"CONNEXION\",\"withEmail\":\"Se connecter via adresse email\",\"usernameInput\":{\"label\":\"Email\",\"placeholder\":\"dicaprio@example.com\"},\"passwordInput\":{\"actionRight\":\"Mot de passe oubli├®\",\"label\":\"Mot de passe\",\"placeholder\":\"********\"},\"loginButton\":\"Connexion\",\"facebookButton\":\"Connexion avec Facebook\",\"noAccount\":\"PAS ENCORE DE COMPTE ?\",\"signupButton\":\"Inscription\"}},\"textEditor\":{\"toolbar\":{\"spoil\":\"Spoiler\"},\"placeholder\":\"Critique...\"},\"tracksList\":{\"seeMore\":\"Voir plus\",\"seeLess\":\"Voir moins\"},\"trailers\":{\"others\":\"Autres bandes-annonces\",\"title\":\"Vid├®os de {{productTitle}}\",\"seo\":{\"description\":\"Bandes-annonces, trailers, teasers et autres vid├®os $t(universe.nameWithOf, {\\\"context\\\": {{context}} }) {{ productTitle }} ({{ year }}) de {{ creators }}\",\"titlePrefix\":\"Vid├®os de\",\"titlePrefix_3\":\"Bandes-annonces de\"}},\"pictures\":{\"title\":\"Images de {{ productTitle }}\",\"seo\":{\"description\":\"Affiches, posters et images de $t(universe.nameWithOf, {\\\"context\\\": {{context}} }) {{ productTitle }} ({{ year }}) de {{ creators }}\",\"titlePrefix\":\"Images de\"}},\"userContacts\":{\"title\":\"Contacts de {{ name }}\",\"show\":\"AFFICHER\",\"currentItem\":\"Contacts\",\"noResults\":\"Aucun contact\",\"seo\":{\"description\":\"Vos amis, vos ├®claireurs, mais aussi vos abonn├®s, ceux qui suivent vos avis : tous vos contacts sont ici r├®pertori├®s.\",\"title\":\"Contacts de {{ name }}$t(seo.titleSuffix)\"}},\"username\":{\"prefix\":\"Par\"},\"userLikes\":{\"backButton\":\"Retour au profil\",\"likes\":\"Likes de {{ name }}\",\"currentItem\":\"Aime\",\"seo\":{\"description\":\"Les personnalit├®s, acteurs, chanteurs, entreprise etc. aim├®es par {{name}} sur SensCritique.\",\"title\":\"Likes de {{name}}$t(seo.titleSuffix)\"}},\"userReviews\":{\"title\":\"Critiques de {{ name }}\",\"actions\":\"ACTIONS\",\"appreciations\":\"Appr├®ciations\",\"currentItem\":\"Critiques\",\"nothing\":\"Aucune critique\",\"seo\":{\"description\":\"Toutes les critiques de {{name}} et celles appr├®ci├®es. Avis, tests, ou simples fiches de lecture, chacun r├®dige ses critiques comme il l'entend.\",\"title\":\"Critiques de {{name}}$t(seo.titleSuffix)\"}},\"userScout\":{\"lastSession\":\"Derni├¿re connexion le {{ date }}\",\"scout\":\"├ëclaireur\",\"follow\":\"Suivre\",\"lock\":\"Bloquer @{{ name }}\",\"unlock\":\"D├®bloquer @{{ name }}\",\"sendMessage\":\"Envoyer un message priv├®\",\"sendMessageAsAdmin\":\"Envoyer un message priv├® en tant qu'admin\",\"followAction\":\"Suivre @{{ name }}\",\"unfollow\":\"Ne plus suivre @{{ name }}\",\"lockWarning\":\"├ètes-vous certain de vouloir bloquer ce membre ? Vous ne pourrez plus recevoir de messages priv├®s de sa part et il lui sera impossible de commenter votre activit├® (critiques, listes, etc.).\"},\"versusFight\":{\"followButton\":\"SUIVRE\",\"artworks\":\"┼Æuvres dans la collection\",\"reviews\":\"Critiques\",\"lists\":\"Listes\",\"distribution\":\"R├®partition des {{ total }} notes :\",\"seeCollection\":\"voir la collection\"},\"versusMessage\":{\"title\":\"Comparer vos go├╗ts et collections avec le versus\",\"description\":\"Avec le Versus vous d├®couvrez vos notes identiques (Accords parfaits), vos notes les plus ├®loign├®es (D├®saccords), les ┼ôuvres que vous ├¬tes les seuls ├á conna├«tre (Seuls au monde), les ┼ôuvres qu'il recommande et que vous ne connaissez pas, et plus encore.\",\"need\":\"Minimum requis de 200 notes\"},\"versusPreview\":{\"button\":\"Voir le versus\"},\"reaction\":{\"delete\":\"Supprimer la r├®action\",\"hide\":\"Masquer la r├®action\",\"linkNewReaction\":\"Poster une r├®action\",\"placeholder\":\"Veuillez entrer votre r├®action\",\"popinDelete\":\"├ètes-vous s├╗r de vouloir supprimer cette r├®action ?\",\"popinHide\":\"├ètes-vous s├╗r de vouloir masquer cette r├®action ?\",\"publish\":\"Publier\",\"report\":\"Signaler\",\"title\":\"R├®actions\",\"titlePopin\":\"Votre r├®action\",\"titleProduct\":\"R├®actions sur {{productTitle}}\",\"titleUser\":\"R├®actions de {{name}}\",\"wihtoutShout\":\"Aucune r├®action\",\"seo\":{\"reactionProduct\":{\"title\":\"Statuts sur {{productName}} ({{date}})\",\"description\":\"Tous les statuts et avis exprim├®s par les membres du site sur le {{universe}} {{productName}} de {{author}} ({{date}}).\"},\"reactionUser\":{\"title\":\"Statuts de {{name}}$t(seo.titleSuffix)\",\"description\":\"Tous les statuts et avis exprim├®s par {{name}}.\"}}},\"adminMenu\":{\"adminAltTitle\":\"Afficher le menu d'administration\",\"adminRefreshAltTitle\":{\"contact\":\"R├®g├®n├®rer le cache du contact\",\"product\":\"R├®g├®n├®rer le cache de la fiche\"},\"adminRefreshHref\":\"http://admin.senscritique.com/{{ type }}/regenerateCache/{{ id }}/true\",\"labels\":{\"admin\":\"Aller sur l'admin\",\"create\":\"Cr├®er une nouvelle fiche\",\"modifyProduct\":{\"old\":\"Modifier la fiche sur l'ancien admin\",\"new\":\"Modifier la fiche sur le nouvel admin\"},\"mergeProduct\":\"Fusionner la fiche\",\"view\":\"Voir la fiche technique\",\"removeRatingsAndReviews\":\"Effacer les notes et les critiques\",\"stats\":\"Voir les statistiques\",\"franchise\":\"Administrer le groupe\",\"modifyContact\":\"Modifier le contact\",\"mergeContact\":\"Fusionner le contact\",\"top\":\"Administrer le top\",\"badge\":\"Administrer le badge\",\"user\":\"Administrer l'utilisateur\",\"normalDisplay\":\"Affichage normal\",\"reviewExclusion\":\"Exclure du match des critiques\",\"productExclusion\":\"Exclure de la fiche produit\",\"listExclusion\":\"Exclure de la liste des critiques\",\"followerExclusion\":\"Exclure des followers\",\"hide\":\"Masquer ├á tout le monde\",\"removeReview\":\"Effacer la critique\",\"removeFromBlacklist\":\"Retirer de la liste noire\",\"addToBlacklist\":\"Ajouter ├á la liste noire\",\"removeShout\":\"Supprimer la r├®action\"},\"confirmation\":\"├ètes-vous s├╗r de vouloir effectuer cette action ?\"},\"franchise\":{\"seo\":{\"description\":\"Toutes les ┼ôuvres de la franchise {{ label }} sous forme de films, s├®ries, jeux vid├®o, litt├®rature, bande dessin├®e ou musique.\",\"title\":\"{{ label }}$t(seo.titleSuffix)\"}},\"onboarding\":{\"seo\":{\"title\":\"Bienvenue sur SensCritique\"}},\"usersModal\":{\"userLikes\":\"Personnes qui ont aim├®\",\"contactLikes\":\"Personnes qui appr├®cient cette personnalit├®\"},\"copyToClipboard\":{\"list\":\"Le lien de la liste a ├®t├® copi├®\",\"review\":\"Le lien de la critique a ├®t├® copi├®\",\"link\":\"Le lien a ├®t├® copi├®\",\"url\":\"https://www.senscritique.com{{ url }}\"},\"listSearchItem\":{\"contact\":{\"alreadyExistsFirstPlace\":\"Cette personnalit├® est dans votre liste ├á la 1├¿re position, dans la page 1\",\"alreadyExists\":\"Cette personnalit├® est dans votre liste ├á la {{ position }}eme position, dans la page {{ page }}\"},\"product\":{\"alreadyExistsFirstPlace\":\"Cette ┼ôuvre est dans votre liste ├á la 1├¿re position, dans la page 1\",\"alreadyExists\":\"Cette ┼ôuvre est dans votre liste ├á la {{ position }}eme position, dans la page {{ page }}\"}},\"timestamp\":{\"about\":\"environ\",\"almost\":\"presque\",\"moreThan\":\"plus de \",\"yesterday\":\"Hier\"},\"report\":\"Signaler un probl├¿me\",\"lockedProduct\":\"­ƒöÆ Fiche verrouill├®e\",\"poster\":{\"wishCount_one\":\"{{ count }} envie\",\"wishCount_other\":\"{{ count }} envies\",\"ratingCount_scouts\":\"Vos ├®claireurs : {{ count }} avis\",\"ratingCount_global\":\"Note globale pond├®r├®e sur : {{ count }} avis\"},\"annotation\":\"Annotation : \",\"nikon\":{\"seo\":{\"description\":\"Liste des 50 finalistes du Nikon Film Festival.\",\"title\":\"Nikon Film Festival $t(seo.titleSuffix)\"},\"moreInfos\":\"Plus d'infos\",\"subtitle_1\":\"Je suis\",\"subtitle_2\":\"Je r├¬ve\",\"textRating\":\"QuÔÇÖen pensez-vous ?\",\"textSupport\":\"Soutenir ce film\",\"titleOtherMovies\":\"Les autres films en comp├®tition\"},\"premium\":{\"videos\":{\"button\":\"Bande Annonce\"}},\"recommendation\":{\"title\":\"Vos recommandations ├®claireurs :\"},\"buttonAnimated\":{\"saved\":\"enregistr├®\",\"save\":\"enregistrer\",\"error\":\"erreur\"},\"buttonSponso\":{\"available\":\"Disponible sur\",\"watch\":\"Regarder maintenant\"},\"explorerContactCard\":{\"like\":\"J'aime\",\"unlike\":\"Je n'aime plus\"},\"yearlyStats\":{\"2024\":{\"description\":\"Revivez votre ann├®e sur SensCritique !\",\"universeScreen\":{\"title_movie\":\"Films\",\"title_tvShow\":\"S├®ries\",\"description_movie\":\"Le R├®capÔÇÖ films est l├á. LetÔÇÖs go !\",\"description_tvShow\":\"Le R├®capÔÇÖ s├®ries est l├á. LetÔÇÖs go !\"},\"endScreen\":{\"timeWatched\":\"TOTAL MINUTES DE VISIONNAGE\",\"allUniverse\":\"TOUT UNIVERS CONFONDUS\",\"minuteCount\":\"{{ minuteCount }} minutes\",\"doneCount\":\"{{ doneCount }} notes \\u0026 {{ wishCount }} envies\",\"genre_movie\":\"GENRES PR├ëF├ëR├ëS FILMS\",\"genre_tvShow\":\"GENRES PR├ëF├ëR├ëS S├ëRIES\"}},\"2025\":{\"description\":\"Revivez votre ann├®e sur SensCritique !\",\"universeScreen\":{\"title_movie\":\"Films\",\"title_tvShow\":\"S├®ries\",\"description_movie\":\"Le R├®capÔÇÖ films est l├á. LetÔÇÖs go !\",\"description_tvShow\":\"Le R├®capÔÇÖ s├®ries est l├á. LetÔÇÖs go !\"},\"endScreen\":{\"timeWatched\":\"TOTAL MINUTES DE VISIONNAGE\",\"allUniverse\":\"TOUT UNIVERS CONFONDUS\",\"minuteCount\":\"{{ minuteCount }} minutes\",\"doneCount\":\"{{ doneCount }} notes \\u0026 {{ wishCount }} envies\",\"genre_movie\":\"GENRES PR├ëF├ëR├ëS FILMS\",\"genre_tvShow\":\"GENRES PR├ëF├ëR├ëS S├ëRIES\"}},\"notification\":{\"text\":\"Votre r├®cap SensCritique 2025 est arriv├® !\",\"button\":\"D├®couvrir\"},\"introScreen\":{\"title\":{\"big\":\"Le R├®capÔÇÖ\",\"small\":\"SensCritique\",\"shadow\":\"SensCritique\"},\"text\":\"Quels films et s├®ries ont marqu├® votre ann├®e {{ year }} ?\",\"startButtonLabel\":\"Commencer\",\"loading\":{\"title\":\"Chargement\",\"waiting\":\"Patience, nous faisons le plein de la delorean...\"},\"error\":{\"title\":\"A├»e !\",\"content\":\"Oups ! Nous nÔÇÖavons pas assez de donn├®es sur tes films et s├®ries pour cr├®er votre R├®capÔÇÖ cette ann├®e. \\u003cbr/\\u003e ├Ç vous de jouer : explorez, notez, partagez et on se rattrape lÔÇÖann├®e prochaine !\",\"link\":\"Retour ├á l'accueil\"}},\"reviewScreen\":{\"title\":\"Critique populaire\",\"subtitle\":\"Votre critique la plus appr├®ci├®e.\"},\"topScreen\":{\"title\":\"TOP 5\",\"movie\":{\"subtitle\":\"Vos films les mieux not├®s en 2025.\"},\"tvShow\":{\"subtitle\":\"Vos s├®ries les mieux not├®es en 2025.\"}},\"kindlyScreen\":{\"title\":\"D├®saccords\",\"movie\":{\"subtitle\":\"Films not├®s positivement ├á contre-sens de la communaut├®.\"},\"tvShow\":{\"subtitle\":\"S├®ries not├®es positivement ├á contre-sens de la communaut├®.\"}},\"wishedScreen\":{\"title\":\"Envies les plus populaires\",\"movie\":{\"subtitle\":\"QuÔÇÖattendez-vous pour les visionner ?\"},\"tvShow\":{\"subtitle\":\"QuÔÇÖattendez-vous pour les visionner ?\"}},\"progression\":{\"title\":\"La r├®partition\\nde vos notes\",\"subtitle\":\"Aussi par univers ! \",\"titleChart\":\"tout univers confondu\"},\"endScreen\":{\"title\":\"Votre ann├®e sur SensCritique\",\"subtitle\":\"QuÔÇÖavez-vous pl├®biscit├®s en 2025 ?\",\"genre_tvShow\":\"Vos genres de s├®ries\",\"genre_movie\":\"Vos genres de films\",\"allUniverse\":\"tout univers confondu :\",\"minutes\":\"minutes de visionnage\"},\"advert\":{\"title\":\"Votre R├®capÔÇÖ 2025\",\"subtitle\":\"Red├®couvrez votre ann├®e de films \\u0026 s├®ries sur SensCritique.\",\"action\":\"CÔÇÖest parti !\"}},\"upload\":{\"error\":{\"file/too-heavy\":\"Fichier trop volumineux, il doit faire moins de 3mo\"}},\"backToTop\":\"Retour en haut\",\"quickAccess\":{\"title\":\"Acc├¿s rapide\",\"label\":{\"description\":\"Description\",\"casting\":\"Casting\",\"episode\":\"Episodes\",\"season\":\"Saisons\",\"media\":\"Medias\",\"poll\":\"Tops\",\"tracklist\":\"Morceaux\",\"album\":\"Albums\",\"review\":\"Critiques\",\"list\":\"Listes\",\"reaction\":\"R├®actions\",\"activity\":\"Activit├®s\"}},\"userCard\":{\"universes\":{\"title\":\"Le plus actif sur\"},\"scouts\":{\"title_one\":\"├ëclaireur en commun\",\"title_other\":\"├ëclaireurs en commun\"}},\"registration\":{\"title\":\"rejoindre SensCritique\",\"input\":{\"email\":{\"label\":\"Email*\",\"placeholder\":\"Saisir votre email\"},\"password\":{\"label\":\"Mot de passe*\",\"placeholder\":\"Saisir votre mot de passe\",\"infos\":\"6 caract├¿res minimum. Les chiffres, les lettres et les caract├¿res sp├®ciaux sont accept├®s.\"},\"username\":{\"label\":\"Pseudonyme*\",\"placeholder\":\"Saisir votre pseudonyme\"},\"gender\":{\"label\":\"Genre*\",\"placeholder\":\"S├®lectionner\"},\"errors\":{\"mandatory\":\"Ce champ est obligatoire.\"}},\"stats\":{\"label\":\"oeuvres\",\"text\":\"D├®couvrez nos p├®pites.\"},\"accept\":\"J'accepte les \",\"conditions\":\"conditions g├®n├®rales d'utilisation\",\"registrationWith\":\"ou sÔÇÖinscrire avec\",\"button\":\"Valider\",\"hasAccount\":{\"desktop\":\"Vous avez d├®j├á un compte ? \\u003cconnect\\u003eSe connecter\\u003c/connect\\u003e\",\"mobile\":\"D├®j├á un compte ? \\u003cconnect\\u003eSe connecter\\u003c/connect\\u003e\"},\"followNewsletter\":\"Suivre l'actualit├® en m'inscrivant ├á la newsletter \",\"allowShowGender\":\"Rendre mon genre public\",\"tooltip\":{\"eyeShow\":\"Afficher le mot de passe\",\"eyeHide\":\"Cacher le mot de passe\"}},\"modalValidEmail\":{\"title\":\"Aie ! vous nÔÇÖavez pas encore valid├® votre email\",\"message\":\"Lors de votre inscription un mail vous a ├®t├® envoy├® pour \\u003cbold\\u003evalider votre compte\\u003c/bold\\u003e. Il vous suffit de cliquer sur le lien pr├®sent dans celui-ci. Vous pouvez demander ├á en recevoir un nouveau :\",\"button\":\"Renvoyer un email de validation\",\"support\":{\"problem\":\"En cas de probl├¿me, \",\"contact\":\"contacter le support\"}},\"modalShare\":{\"title_pollAnswer\":\"Partager votre top avec vos amis !\",\"title_rating\":\"Partager votre note (ou pas) avec vos amis !\",\"title\":\"Partager votre note (ou pas) avec vos amis !\",\"subtitle_rating\":\"Vous avez not├® cette ┼ôuvre. Faites-le savoir sur les r├®seaux sociaux !\",\"subtitle_pollAnswer\":\"Vous avez compl├®t├® ce top. Faites-le savoir sur les r├®seaux sociaux !\",\"subtitle\":\"Vous avez not├® cette ┼ôuvre. Faites-le savoir sur les r├®seaux sociaux !\",\"share\":\"Partager\",\"hide\":\"Ne plus afficher ce message\",\"story\":\"Story\",\"post\":\"Publication\",\"new\":\"Nouveaut├® !\",\"text_0\":\"Avec votre note\",\"text_1\":\"Sans votre note\"},\"newsletter\":{\"title\":\"Souscrire aux newsletters\",\"input\":{\"email\":\"E-mail\",\"name\":\"Nom (optionnelle)\"},\"checkbox\":{\"newsletter\":\"Newsletter\",\"newsletterTech\":\"Newsletter Tech (dev, infra, actus etc)\"},\"button\":\"Souscrire\"}}}},\"initialLocale\":\"fr\",\"ns\":[\"common\"],\"userConfig\":{\"i18n\":{\"defaultLocale\":\"fr\",\"locales\":[\"fr\"]},\"defaultLocale\":\"fr\",\"locales\":[\"fr\"],\"keySeparator\":\".\",\"localePath\":\"/app/public/locales\",\"debug\":false,\"default\":{\"i18n\":{\"defaultLocale\":\"fr\",\"locales\":[\"fr\"]},\"defaultLocale\":\"fr\",\"locales\":[\"fr\"],\"keySeparator\":\".\",\"localePath\":\"/app/public/locales\",\"debug\":false}}},\"cookies\":{},\"deviceType\":\"desktop\",\"deviceOS\":{},\"universe\":null,\"meInfos\":null,\"__APOLLO_STATE__\":{\"CarouselItem:4008\":{\"__typename\":\"CarouselItem\",\"description\":\"C├®sar 2026 : La surprise \\\"Nouvelle vague\\\", \\\"L'attachement\\\"... D├®couvrez la liste compl├¿te des nominations !\",\"id\":4008,\"image\":\"https://media.senscritique.com/media/media/000023439340/350x197/cover.png\",\"linkLabel\":\"Les nomm├®s\",\"linkVideo\":null,\"url\":\"https://www.senscritique.com/liste/cesar_2026_la_selection/4257733?mode=preview\",\"contact\":null,\"product\":null,\"list\":null,\"video\":null},\"CarouselItem:4006\":{\"__typename\":\"CarouselItem\",\"description\":\"Le Nikon Film Festival est de retour pour sa 16ßÁë ├®dition : \\nsoutenez d├¿s maintenant vos films favoris !\\n\\n\\n\",\"id\":4006,\"image\":\"https://media.senscritique.com/media/media/000023436602/350x197/cover.jpg\",\"linkLabel\":\"├Ç vos votes ! \",\"linkVideo\":null,\"url\":\"https://www.festivalnikon.fr/films\",\"contact\":null,\"product\":null,\"list\":null,\"video\":null},\"CarouselItem:4005\":{\"__typename\":\"CarouselItem\",\"description\":\"Quelles sont les meilleures s├®ries sur le cin├®ma ?\",\"id\":4005,\"image\":\"https://media.senscritique.com/media/media/000023435812/350x197/cover.png\",\"linkLabel\":\"Participez au sondage\",\"linkVideo\":null,\"url\":\"https://www.senscritique.com/top/resultats/les_meilleures_series_sur_le_cinema/4255413\",\"contact\":null,\"product\":null,\"list\":null,\"video\":null},\"ROOT_QUERY\":{\"__typename\":\"Query\",\"homeCarousel({\\\"universe\\\":null})\":[{\"__ref\":\"CarouselItem:4008\"},{\"__ref\":\"CarouselItem:4006\"},{\"__ref\":\"CarouselItem:4005\"}],\"homepageUniverses({\\\"idsSelection\\\":[31,2,30],\\\"limitProductSelections\\\":9})\":{\"__typename\":\"HomepageUniverse\",\"selections\":[{\"__ref\":\"HomepageSelection:2\"},{\"__ref\":\"HomepageSelection:30\"},{\"__ref\":\"HomepageSelection:31\"}],\"polls\":null,\"newRelease\":null},\"announcementBannerActive\":null},\"Product:58317454\":{\"__typename\":\"Product\",\"id\":58317454,\"rating\":5.5,\"slug\":\"team_demolition\",\"title\":\"Team D├®molition\",\"universe\":1,\"url\":\"/film/team_demolition/58317454\",\"yearOfProduction\":2026,\"medias({\\\"backdropSize\\\":\\\"1200\\\"})\":{\"__typename\":\"ProductMedia\",\"backdrop\":null,\"picture\":\"https://media.senscritique.com/media/000023414024/300/team_demolition.png\",\"pictureWithMetadata\":{\"__typename\":\"PictureWithMetadata\",\"url\":\"https://media.senscritique.com/media/000023414024/300/team_demolition.png\",\"width\":1000,\"height\":1360},\"screenshot\":null},\"currentUserInfos\":null,\"scoutsAverage\":null,\"stats\":{\"__typename\":\"ProductStats\",\"wishCount\":78,\"ratingCount\":344}},\"Product:94366056\":{\"__typename\":\"Product\",\"id\":94366056,\"rating\":6.1,\"slug\":\"the_rip\",\"title\":\"The Rip\",\"universe\":1,\"url\":\"/film/the_rip/94366056\",\"yearOfProduction\":2026,\"medias({\\\"backdropSize\\\":\\\"1200\\\"})\":{\"__typename\":\"ProductMedia\",\"backdrop\":null,\"picture\":\"https://media.senscritique.com/media/000023408890/300/the_rip.png\",\"pictureWithMetadata\":{\"__typename\":\"PictureWithMetadata\",\"url\":\"https://media.senscritique.com/media/000023408890/300/the_rip.png\",\"width\":1000,\"height\":1360},\"screenshot\":null},\"currentUserInfos\":null,\"scoutsAverage\":null,\"stats\":{\"__typename\":\"ProductStats\",\"wishCount\":576,\"ratingCount\":2033}},\"Product:44543448\":{\"__typename\":\"Product\",\"id\":44543448,\"rating\":6.5,\"slug\":\"wake_up_dead_man_une_histoire_a_couteaux_tires\",\"title\":\"Wake Up Dead Man - Une histoire ├á couteaux tir├®s\",\"universe\":1,\"url\":\"/film/wake_up_dead_man_une_histoire_a_couteaux_tires/44543448\",\"yearOfProduction\":2025,\"medias({\\\"backdropSize\\\":\\\"1200\\\"})\":{\"__typename\":\"ProductMedia\",\"backdrop\":null,\"picture\":\"https://media.senscritique.com/media/000023345475/300/wake_up_dead_man_une_histoire_a_couteaux_tires.png\",\"pictureWithMetadata\":{\"__typename\":\"PictureWithMetadata\",\"url\":\"https://media.senscritique.com/media/000023345475/300/wake_up_dead_man_une_histoire_a_couteaux_tires.png\",\"width\":1000,\"height\":1360},\"screenshot\":null},\"currentUserInfos\":null,\"scoutsAverage\":null,\"stats\":{\"__typename\":\"ProductStats\",\"wishCount\":1629,\"ratingCount\":8506}},\"Product:133849255\":{\"__typename\":\"Product\",\"id\":133849255,\"rating\":6.2,\"slug\":\"l_art_du_faux\",\"title\":\"L'Art du faux\",\"universe\":1,\"url\":\"/film/l_art_du_faux/133849255\",\"yearOfProduction\":2026,\"medias({\\\"backdropSize\\\":\\\"1200\\\"})\":{\"__typename\":\"ProductMedia\",\"backdrop\":null,\"picture\":\"https://media.senscritique.com/media/000023413886/300/l_art_du_faux.jpg\",\"pictureWithMetadata\":{\"__typename\":\"PictureWithMetadata\",\"url\":\"https://media.senscritique.com/media/000023413886/300/l_art_du_faux.jpg\",\"width\":1000,\"height\":1250},\"screenshot\":null},\"currentUserInfos\":null,\"scoutsAverage\":null,\"stats\":{\"__typename\":\"ProductStats\",\"wishCount\":71,\"ratingCount\":115}},\"Product:104814981\":{\"__typename\":\"Product\",\"id\":104814981,\"rating\":7.1,\"slug\":\"mr_nobody_against_putin\",\"title\":\"Mister Nobody contre Poutine\",\"universe\":1,\"url\":\"/film/mr_nobody_against_putin/104814981\",\"yearOfProduction\":2026,\"medias({\\\"backdropSize\\\":\\\"1200\\\"})\":{\"__typename\":\"ProductMedia\",\"backdrop\":null,\"picture\":\"https://media.senscritique.com/media/000023440174/300/mr_nobody_against_putin.jpg\",\"pictureWithMetadata\":{\"__typename\":\"PictureWithMetadata\",\"url\":\"https://media.senscritique.com/media/000023440174/300/mr_nobody_against_putin.jpg\",\"width\":2516,\"height\":3579},\"screenshot\":null},\"currentUserInfos\":null,\"scoutsAverage\":null,\"stats\":{\"__typename\":\"ProductStats\",\"wishCount\":249,\"ratingCount\":157}},\"Product:75358905\":{\"__typename\":\"Product\",\"id\":75358905,\"rating\":6.5,\"slug\":\"roofman\",\"title\":\"Roofman\",\"universe\":1,\"url\":\"/film/roofman/75358905\",\"yearOfProduction\":2025,\"medias({\\\"backdropSize\\\":\\\"1200\\\"})\":{\"__typename\":\"ProductMedia\",\"backdrop\":null,\"picture\":\"https://media.senscritique.com/media/000023280615/300/roofman.jpg\",\"pictureWithMetadata\":{\"__typename\":\"PictureWithMetadata\",\"url\":\"https://media.senscritique.com/media/000023280615/300/roofman.jpg\",\"width\":2000,\"height\":3000},\"screenshot\":null},\"currentUserInfos\":null,\"scoutsAverage\":null,\"stats\":{\"__typename\":\"ProductStats\",\"wishCount\":623,\"ratingCount\":1281}},\"Product:127417742\":{\"__typename\":\"Product\",\"id\":127417742,\"rating\":null,\"slug\":\"96_minutes\",\"title\":\"96 Minutes\",\"universe\":1,\"url\":\"/film/96_minutes/127417742\",\"yearOfProduction\":2026,\"medias({\\\"backdropSize\\\":\\\"1200\\\"})\":{\"__typename\":\"ProductMedia\",\"backdrop\":null,\"picture\":\"https://media.senscritique.com/media/000023194696/300/96_minutes.jpg\",\"pictureWithMetadata\":{\"__typename\":\"PictureWithMetadata\",\"url\":\"https://media.senscritique.com/media/000023194696/300/96_minutes.jpg\",\"width\":2000,\"height\":3000},\"screenshot\":null},\"currentUserInfos\":null,\"scoutsAverage\":null,\"stats\":{\"__typename\":\"ProductStats\",\"wishCount\":17,\"ratingCount\":15}},\"Product:125669996\":{\"__typename\":\"Product\",\"id\":125669996,\"rating\":5.7,\"slug\":\"people_we_meet_on_vacation\",\"title\":\"People We Meet on Vacation\",\"universe\":1,\"url\":\"/film/people_we_meet_on_vacation/125669996\",\"yearOfProduction\":2026,\"medias({\\\"backdropSize\\\":\\\"1200\\\"})\":{\"__typename\":\"ProductMedia\",\"backdrop\":null,\"picture\":\"https://media.senscritique.com/media/000023416514/300/people_we_meet_on_vacation.png\",\"pictureWithMetadata\":{\"__typename\":\"PictureWithMetadata\",\"url\":\"https://media.senscritique.com/media/000023416514/300/people_we_meet_on_vacation.png\",\"width\":1000,\"height\":1360},\"screenshot\":null},\"currentUserInfos\":null,\"scoutsAverage\":null,\"stats\":{\"__typename\":\"ProductStats\",\"wishCount\":115,\"ratingCount\":664}},\"Product:49705694\":{\"__typename\":\"Product\",\"id\":49705694,\"rating\":5.1,\"slug\":\"submersion\",\"title\":\"Submersion\",\"universe\":1,\"url\":\"/film/submersion/49705694\",\"yearOfProduction\":2025,\"medias({\\\"backdropSize\\\":\\\"1200\\\"})\":{\"__typename\":\"ProductMedia\",\"backdrop\":null,\"picture\":\"https://media.senscritique.com/media/000023109415/300/submersion.jpg\",\"pictureWithMetadata\":{\"__typename\":\"PictureWithMetadata\",\"url\":\"https://media.senscritique.com/media/000023109415/300/submersion.jpg\",\"width\":1080,\"height\":1350},\"screenshot\":null},\"currentUserInfos\":null,\"scoutsAverage\":null,\"stats\":{\"__typename\":\"ProductStats\",\"wishCount\":221,\"ratingCount\":973}},\"HomepageSelection:2\":{\"__typename\":\"HomepageSelection\",\"id\":2,\"label\":\"film_streaming\",\"lists\":[],\"products\":[{\"__ref\":\"Product:58317454\"},{\"__ref\":\"Product:94366056\"},{\"__ref\":\"Product:44543448\"},{\"__ref\":\"Product:133849255\"},{\"__ref\":\"Product:104814981\"},{\"__ref\":\"Product:75358905\"},{\"__ref\":\"Product:127417742\"},{\"__ref\":\"Product:125669996\"},{\"__ref\":\"Product:49705694\"}],\"reviews\":[],\"shouts\":[]},\"User:250073\":{\"__typename\":\"User\",\"following\":false,\"hasBlockedMe\":false,\"reviewCount\":968,\"id\":250073,\"isBlocked\":false,\"isScout\":false,\"name\":\"Pierre-Amo-Parfois\",\"url\":\"/Pierre-Amo-Parfois\",\"username\":\"Pierre-Amo-Parfois\",\"medias\":{\"__typename\":\"UserMedias\",\"avatar\":\"https://media.senscritique.com/media/media/000023069665/120x120/avatar.jpg\",\"backdrop\":\"https://media.senscritique.com/media/media/000016773088/800/cover.jpg\"}},\"Product:430683\":{\"__typename\":\"Product\",\"id\":430683,\"rating\":7.6,\"slug\":\"gladiator\",\"title\":\"Gladiator\",\"universe\":1,\"url\":\"/film/gladiator/430683\",\"yearOfProduction\":2000,\"medias({\\\"backdropSize\\\":\\\"1200\\\"})\":{\"__typename\":\"ProductMedia\",\"backdrop\":null,\"picture\":\"https://media.senscritique.com/media/000022446652/300/gladiator.png\",\"pictureWithMetadata\":{\"__typename\":\"PictureWithMetadata\",\"url\":\"https://media.senscritique.com/media/000022446652/300/gladiator.png\",\"width\":1000,\"height\":1360},\"screenshot\":null}},\"Review:61796697\":{\"__typename\":\"Review\",\"bodyShort\":\"Trois remarques :Encore revu, enregistr├® sur TFX, 3 heures.Quel chef d'oeuvre. Totalement actuel et contemporain alors qu'un ┬½p├®plum┬╗. Le connaissant, je regarde d├®sormais mieux les d├®cors, les accessoires etc. les plans sont plein de d├®tails: de vrais tableaux ├á ├®tudier. Je n'avais par exemple jamais remarqu├® avant une mini statue tr├¿s ├®trange\",\"commentCount\":3,\"commentPrivacy\":\"EVERYONE\",\"dateCreation\":\"2026-02-03T16:21:08.000Z\",\"dateLastUpdate\":\"2026-02-03T16:21:08.000Z\",\"hits\":26,\"id\":61796697,\"isLiked\":false,\"isPublished\":1,\"likeCount\":13,\"likePositiveCount\":13,\"rating\":10,\"title\":\"Un des premiers chefs d'oeuvres du 21├¿me si├¿cle? Hommage au management par l'exemple:\",\"url\":\"/film/gladiator/critique/61796697\",\"author\":{\"__ref\":\"User:250073\"},\"preloadedProduct({\\\"loadUserInfos\\\":false})\":{\"__ref\":\"Product:430683\"}},\"User:1125924\":{\"__typename\":\"User\",\"following\":false,\"hasBlockedMe\":false,\"reviewCount\":808,\"id\":1125924,\"isBlocked\":false,\"isScout\":false,\"name\":\"B_J├®r├®my\",\"url\":\"/B_J├®r├®my\",\"username\":\"B_J├®r├®my\",\"medias\":{\"__typename\":\"UserMedias\",\"avatar\":\"https://media.senscritique.com/media/media/000023407980/120x120/avatar.gif\",\"backdrop\":\"https://media.senscritique.com/media/media/000023409317/800/cover.gif\"}},\"Product:15416927\":{\"__typename\":\"Product\",\"id\":15416927,\"rating\":7,\"slug\":\"skywalker_passe_a_l_attaque_star_wars_2015_tome_1\",\"title\":\"Skywalker passe ├á l'attaque - Star Wars (2015), tome 1\",\"universe\":6,\"url\":\"/bd/skywalker_passe_a_l_attaque_star_wars_2015_tome_1/15416927\",\"yearOfProduction\":2015,\"medias({\\\"backdropSize\\\":\\\"1200\\\"})\":{\"__typename\":\"ProductMedia\",\"backdrop\":null,\"picture\":\"https://media.senscritique.com/media/000013500576/300/skywalker_passe_a_l_attaque_star_wars_2015_tome_1.jpg\",\"pictureWithMetadata\":{\"__typename\":\"PictureWithMetadata\",\"url\":\"https://media.senscritique.com/media/000013500576/300/skywalker_passe_a_l_attaque_star_wars_2015_tome_1.jpg\",\"width\":650,\"height\":987},\"screenshot\":null}},\"Review:335327399\":{\"__typename\":\"Review\",\"bodyShort\":\"- ┬½ LukeÔÇª ┬╗ - Ben ? Ben, cÔÇÖest vous ? Ben, il est ici. Dark Vador. LÔÇÖhomme qui a tu├® mon p├¿re. Qui vous a tu├®. Je dois lÔÇÖaffronter. Je dois en finir. - ┬½ LukeÔÇª Ecoute-moi attentivementÔÇª Cours. ┬╗- Tu tiens cette arme comme un novice. Tu nÔÇÖas aucun droit sur elle. Petit, tu nÔÇÖes pas un Jedi. Qui es-tu ? - Vous avez tu├® mon p├¿re. - JÔÇÖai tu├® bien des\",\"commentCount\":18,\"commentPrivacy\":\"EVERYONE\",\"dateCreation\":\"2026-01-24T14:36:09.000Z\",\"dateLastUpdate\":\"2026-01-24T14:36:09.000Z\",\"hits\":57,\"id\":335327399,\"isLiked\":false,\"isPublished\":1,\"likeCount\":30,\"likePositiveCount\":30,\"rating\":9,\"title\":\"Apr├¿s Un Nouvel Espoir, la Force reprend vie en BD\",\"url\":\"/bd/skywalker_passe_a_l_attaque_star_wars_2015_tome_1/critique/335327399\",\"author\":{\"__ref\":\"User:1125924\"},\"preloadedProduct({\\\"loadUserInfos\\\":false})\":{\"__ref\":\"Product:15416927\"}},\"User:87771\":{\"__typename\":\"User\",\"following\":false,\"hasBlockedMe\":false,\"reviewCount\":4,\"id\":87771,\"isBlocked\":false,\"isScout\":false,\"name\":\"Jahl\",\"url\":\"/Jahl\",\"username\":\"Jahl\",\"medias\":{\"__typename\":\"UserMedias\",\"avatar\":\"https://media.senscritique.com/media/media/000011034521/120x120/avatar.jpg\",\"backdrop\":\"https://media.senscritique.com/missing/2/400x0/missing.jpg\"}},\"Product:23246908\":{\"__typename\":\"Product\",\"id\":23246908,\"rating\":5.1,\"slug\":\"boruto_naruto_next_generations\",\"title\":\"Boruto: Naruto Next Generations\",\"universe\":6,\"url\":\"/bd/boruto_naruto_next_generations/23246908\",\"yearOfProduction\":2017,\"medias({\\\"backdropSize\\\":\\\"1200\\\"})\":{\"__typename\":\"ProductMedia\",\"backdrop\":null,\"picture\":\"https://media.senscritique.com/media/000019220976/300/boruto_naruto_next_generations.jpg\",\"pictureWithMetadata\":{\"__typename\":\"PictureWithMetadata\",\"url\":\"https://media.senscritique.com/media/000019220976/300/boruto_naruto_next_generations.jpg\",\"width\":1355,\"height\":2067},\"screenshot\":null}},\"Review:223404022\":{\"__typename\":\"Review\",\"bodyShort\":\"Boruto est souvent utilis├® comme exemple de bonne suite ├á l'oppos├® de Dragon Ball Super. Certes, ce n'est pas au niveau catastrophique de DBS mais de l├á ├á parler de bonne suite... Tout d'abord au niveau du dessin, j'ai l'impression qu'Ikemoto cherche ├á se rapprocher du style de Kishimoto tout en essayant de garder sa patte. De ce r├®sultat hybride\",\"commentCount\":0,\"commentPrivacy\":\"EVERYONE\",\"dateCreation\":\"2020-06-12T13:50:53.000Z\",\"dateLastUpdate\":\"2026-02-03T22:05:21.000Z\",\"hits\":441,\"id\":223404022,\"isLiked\":false,\"isPublished\":1,\"likeCount\":9,\"likePositiveCount\":5,\"rating\":2,\"title\":\"Outil scientifique ninja\",\"url\":\"/bd/boruto_naruto_next_generations/critique/223404022\",\"author\":{\"__ref\":\"User:87771\"},\"preloadedProduct({\\\"loadUserInfos\\\":false})\":{\"__ref\":\"Product:23246908\"}},\"User:2362326\":{\"__typename\":\"User\",\"following\":false,\"hasBlockedMe\":false,\"reviewCount\":24,\"id\":2362326,\"isBlocked\":false,\"isScout\":false,\"name\":\"Lo-Shi\",\"url\":\"/Lo-Shi\",\"username\":\"Lo-Shi\",\"medias\":{\"__typename\":\"UserMedias\",\"avatar\":\"https://media.senscritique.com/media/media/000022936914/120x120/avatar.jpg\",\"backdrop\":\"https://media.senscritique.com/media/media/000022936915/800/cover.jpg\"}},\"Product:106493292\":{\"__typename\":\"Product\",\"id\":106493292,\"rating\":8.1,\"slug\":\"love_me\",\"title\":\"Love Me\",\"universe\":4,\"url\":\"/serie/love_me/106493292\",\"yearOfProduction\":2025,\"medias({\\\"backdropSize\\\":\\\"1200\\\"})\":{\"__typename\":\"ProductMedia\",\"backdrop\":null,\"picture\":\"https://media.senscritique.com/media/000023284209/300/love_me.jpg\",\"pictureWithMetadata\":{\"__typename\":\"PictureWithMetadata\",\"url\":\"https://media.senscritique.com/media/000023284209/300/love_me.jpg\",\"width\":650,\"height\":931},\"screenshot\":null}},\"Review:333737046\":{\"__typename\":\"Review\",\"bodyShort\":\"Quand lÔÇÖ├®criture su├®doise rencontre lÔÇÖinterpr├®tation cor├®enneÔÇªJÔÇÖavais vu la s├®rie originale ┬½ ├älska mig ┬╗ ├á sa sortie, en 2019 et je lÔÇÖavais beaucoup aim├®e ; pour son th├¿me, pour la profondeur du d├®sarroi des personnages confront├®s ├á un ├®v├¿nement tragique, pour leur r├®silience salvatrice, pour son humour et dÔÇÖautres raisons que lÔÇÖon retrouve, six\",\"commentCount\":2,\"commentPrivacy\":\"EVERYONE\",\"dateCreation\":\"2026-01-23T21:22:15.000Z\",\"dateLastUpdate\":\"2026-01-23T21:22:15.000Z\",\"hits\":129,\"id\":333737046,\"isLiked\":false,\"isPublished\":1,\"likeCount\":10,\"likePositiveCount\":10,\"rating\":9,\"title\":\"De l'urgence dÔÇÖ├¬tre aim├®\",\"url\":\"/serie/love_me/critique/333737046\",\"author\":{\"__ref\":\"User:2362326\"},\"preloadedProduct({\\\"loadUserInfos\\\":false})\":{\"__ref\":\"Product:106493292\"}},\"Product:43818519\":{\"__typename\":\"Product\",\"id\":43818519,\"rating\":6.8,\"slug\":\"pest_orcs_et_gobelins_tome_12\",\"title\":\"Pest - Orcs et Gobelins, tome 12\",\"universe\":6,\"url\":\"/bd/pest_orcs_et_gobelins_tome_12/43818519\",\"yearOfProduction\":2021,\"medias({\\\"backdropSize\\\":\\\"1200\\\"})\":{\"__typename\":\"ProductMedia\",\"backdrop\":null,\"picture\":\"https://media.senscritique.com/media/000019811864/300/pest_orcs_et_gobelins_tome_12.jpg\",\"pictureWithMetadata\":{\"__typename\":\"PictureWithMetadata\",\"url\":\"https://media.senscritique.com/media/000019811864/300/pest_orcs_et_gobelins_tome_12.jpg\",\"width\":1400,\"height\":1924},\"screenshot\":null}},\"Review:334513131\":{\"__typename\":\"Review\",\"bodyShort\":\"- Des goules ! Ces tar├®s de villageois nous livrent ├á des goules ! - Qu'est-ce qu'on fait ? - Qu'est-ce que tu veux faire ? Vas-y, ├®pate-moi ! - Me gueule pas dessus ! - Quand le soleil se couche, on est morts !! Quand bien m├¬me certains d'entre nous auraient le bol de ne pas se faire becter, ils finiraient comme elles ! On est foutus de chez\",\"commentCount\":15,\"commentPrivacy\":\"EVERYONE\",\"dateCreation\":\"2026-01-06T05:54:58.000Z\",\"dateLastUpdate\":\"2026-01-06T05:54:58.000Z\",\"hits\":54,\"id\":334513131,\"isLiked\":false,\"isPublished\":1,\"likeCount\":22,\"likePositiveCount\":22,\"rating\":7,\"title\":\"Chants gobelins et nuits de charogne\",\"url\":\"/bd/pest_orcs_et_gobelins_tome_12/critique/334513131\",\"author\":{\"__ref\":\"User:1125924\"},\"preloadedProduct({\\\"loadUserInfos\\\":false})\":{\"__ref\":\"Product:43818519\"}},\"User:443941\":{\"__typename\":\"User\",\"following\":false,\"hasBlockedMe\":false,\"reviewCount\":976,\"id\":443941,\"isBlocked\":false,\"isScout\":false,\"name\":\"cinemusic\",\"url\":\"/cinemusic\",\"username\":\"cinemusic\",\"medias\":{\"__typename\":\"UserMedias\",\"avatar\":\"https://media.senscritique.com/media/media/000018217947/120x120/avatar.jpg\",\"backdrop\":\"https://media.senscritique.com/media/media/000018218175/800/cover.jpg\"}},\"Product:5722431\":{\"__typename\":\"Product\",\"id\":5722431,\"rating\":7,\"slug\":\"religion\",\"title\":\"Religion\",\"universe\":7,\"url\":\"/album/religion/5722431\",\"yearOfProduction\":1990,\"medias({\\\"backdropSize\\\":\\\"1200\\\"})\":{\"__typename\":\"ProductMedia\",\"backdrop\":null,\"picture\":\"https://media.senscritique.com/media/000004899166/300/religion.jpg\",\"pictureWithMetadata\":{\"__typename\":\"PictureWithMetadata\",\"url\":\"https://media.senscritique.com/media/000004899166/300/religion.jpg\",\"width\":600,\"height\":600},\"screenshot\":null}},\"Review:63325072\":{\"__typename\":\"Review\",\"bodyShort\":\"Deux ans apr├¿s l'excellent \\\"Quel enfer\\\" dans lequel on trouve des titres comme \\\"Assez\\\" et \\\"Soleil d'hiver\\\", Niagara hausse le ton.Le rock fran├ºais se porte bien avec l'arriv├®e des Innocents, Noir D├®sir ou encore Mano N├®gra.Niagara avait d├®j├á un peu durci le ton avec \\\"Quel enfer\\\" mais ici , le groupe va beaucoup plus loin.Le tube \\\"J'ai vu\\\" en est\",\"commentCount\":2,\"commentPrivacy\":\"EVERYONE\",\"dateCreation\":\"2026-02-02T10:32:58.000Z\",\"dateLastUpdate\":\"2026-02-02T10:32:58.000Z\",\"hits\":6,\"id\":63325072,\"isLiked\":false,\"isPublished\":1,\"likeCount\":2,\"likePositiveCount\":2,\"rating\":10,\"title\":\"Quand le rock fran├ºais se fait sexy....\",\"url\":\"/album/religion/critique/63325072\",\"author\":{\"__ref\":\"User:443941\"},\"preloadedProduct({\\\"loadUserInfos\\\":false})\":{\"__ref\":\"Product:5722431\"}},\"User:2329959\":{\"__typename\":\"User\",\"following\":false,\"hasBlockedMe\":false,\"reviewCount\":627,\"id\":2329959,\"isBlocked\":false,\"isScout\":false,\"name\":\"Patrak\",\"url\":\"/Patrak\",\"username\":\"Patrak\",\"medias\":{\"__typename\":\"UserMedias\",\"avatar\":\"https://media.senscritique.com/media/media/000022707164/120x120/avatar.jpg\",\"backdrop\":\"https://media.senscritique.com/media/media/000022708233/800/cover.jpg\"}},\"Product:481430\":{\"__typename\":\"Product\",\"id\":481430,\"rating\":7,\"slug\":\"le_vieux_qui_ne_voulait_pas_feter_son_anniversaire\",\"title\":\"Le Vieux qui ne voulait pas f├¬ter son anniversaire\",\"universe\":2,\"url\":\"/livre/le_vieux_qui_ne_voulait_pas_feter_son_anniversaire/481430\",\"yearOfProduction\":2011,\"medias({\\\"backdropSize\\\":\\\"1200\\\"})\":{\"__typename\":\"ProductMedia\",\"backdrop\":null,\"picture\":\"https://media.senscritique.com/media/000006988791/300/le_vieux_qui_ne_voulait_pas_feter_son_anniversaire.jpg\",\"pictureWithMetadata\":{\"__typename\":\"PictureWithMetadata\",\"url\":\"https://media.senscritique.com/media/000006988791/300/le_vieux_qui_ne_voulait_pas_feter_son_anniversaire.jpg\",\"width\":400,\"height\":651},\"screenshot\":null}},\"Review:335656431\":{\"__typename\":\"Review\",\"bodyShort\":\"Allan Karlsson a cent ans et se fout royalement de la politique, la religion et de ce qu'il peut lui arriver. Et adore fabriquer des trucs qui font p├®ter des machins.Alors Allan se barre de sa maison de retraite et entame un road trip chaotique et r├®jouissant.Et traverse ├®galement 100 ans d'histoire avec cet inimitable flegme su├®dois, en faisant\",\"commentCount\":2,\"commentPrivacy\":\"EVERYONE\",\"dateCreation\":\"2026-01-31T20:42:35.000Z\",\"dateLastUpdate\":\"2026-01-31T20:42:35.000Z\",\"hits\":5,\"id\":335656431,\"isLiked\":false,\"isPublished\":1,\"likeCount\":2,\"likePositiveCount\":2,\"rating\":9,\"title\":\"La vie c'est comme une bombe atomique, on ne sait jamais o├╣ ├ºa va p├®ter\",\"url\":\"/livre/le_vieux_qui_ne_voulait_pas_feter_son_anniversaire/critique/335656431\",\"author\":{\"__ref\":\"User:2329959\"},\"preloadedProduct({\\\"loadUserInfos\\\":false})\":{\"__ref\":\"Product:481430\"}},\"User:28625\":{\"__typename\":\"User\",\"following\":false,\"hasBlockedMe\":false,\"reviewCount\":1290,\"id\":28625,\"isBlocked\":false,\"isScout\":false,\"name\":\"jerome60\",\"url\":\"/jerome60\",\"username\":\"jerome60\",\"medias\":{\"__typename\":\"UserMedias\",\"avatar\":\"https://media.senscritique.com/media/media/000003995189/120x120/avatar.jpg\",\"backdrop\":\"https://media.senscritique.com/missing/2/400x0/missing.jpg\"}},\"Product:126330751\":{\"__typename\":\"Product\",\"id\":126330751,\"rating\":7.1,\"slug\":\"mickey_roi_des_pirates_mickey_vu_par_tome_20\",\"title\":\"Mickey et le roi des pirates - Mickey vu par..., tome 20\",\"universe\":6,\"url\":\"/bd/mickey_roi_des_pirates_mickey_vu_par_tome_20/126330751\",\"yearOfProduction\":2026,\"medias({\\\"backdropSize\\\":\\\"1200\\\"})\":{\"__typename\":\"ProductMedia\",\"backdrop\":null,\"picture\":\"https://media.senscritique.com/media/000023269553/300/mickey_roi_des_pirates_mickey_vu_par_tome_20.jpg\",\"pictureWithMetadata\":{\"__typename\":\"PictureWithMetadata\",\"url\":\"https://media.senscritique.com/media/000023269553/300/mickey_roi_des_pirates_mickey_vu_par_tome_20.jpg\",\"width\":780,\"height\":1040},\"screenshot\":null}},\"Review:335850241\":{\"__typename\":\"Review\",\"bodyShort\":\"On a vol├® le sou f├®tiche de Picsou ! Ce dernier va peu apr├¿s dispara├«tre ├á son tour pendant plusieurs jours. A son retour, il ne semble plus ├¬tre lui-m├¬me, d├®pensant sans compter et ne sÔÇÖint├®ressant plus ├á ses diff├®rents business. Menant lÔÇÖenqu├¬te pour un journal local, Mickey va embarquer avec Donald, Dingo et Pluto vers un archipel des A├ºores\",\"commentCount\":0,\"commentPrivacy\":\"EVERYONE\",\"dateCreation\":\"2026-02-05T06:14:50.000Z\",\"dateLastUpdate\":\"2026-02-05T06:14:50.000Z\",\"hits\":3,\"id\":335850241,\"isLiked\":false,\"isPublished\":1,\"likeCount\":1,\"likePositiveCount\":1,\"rating\":6,\"title\":\"\",\"url\":\"/bd/mickey_roi_des_pirates_mickey_vu_par_tome_20/critique/335850241\",\"author\":{\"__ref\":\"User:28625\"},\"preloadedProduct({\\\"loadUserInfos\\\":false})\":{\"__ref\":\"Product:126330751\"}},\"User:2096607\":{\"__typename\":\"User\",\"following\":false,\"hasBlockedMe\":false,\"reviewCount\":22,\"id\":2096607,\"isBlocked\":false,\"isScout\":false,\"name\":\"scamboy59\",\"url\":\"/scamboy59\",\"username\":\"scamboy59\",\"medias\":{\"__typename\":\"UserMedias\",\"avatar\":\"https://media.senscritique.com/media/media/000021487149/120x120/avatar.jpg\",\"backdrop\":\"https://media.senscritique.com/media/media/000022201515/800/cover.jpg\"}},\"Product:108736956\":{\"__typename\":\"Product\",\"id\":108736956,\"rating\":7.3,\"slug\":\"la_jetee\",\"title\":\"La jet├®e (EP)\",\"universe\":7,\"url\":\"/album/la_jetee/108736956\",\"yearOfProduction\":2025,\"medias({\\\"backdropSize\\\":\\\"1200\\\"})\":{\"__typename\":\"ProductMedia\",\"backdrop\":null,\"picture\":\"https://media.senscritique.com/media/000022704448/300/la_jetee.jpg\",\"pictureWithMetadata\":{\"__typename\":\"PictureWithMetadata\",\"url\":\"https://media.senscritique.com/media/000022704448/300/la_jetee.jpg\",\"width\":500,\"height\":500},\"screenshot\":null}},\"Review:335242252\":{\"__typename\":\"Review\",\"bodyShort\":\"D├¿s les premi├¿res notes de \\\"Comme des pierres\\\", La Jet├®e donne la sensation tr├¿s pr├®cise du temps suspendu avec ce piano qui tr├®buche doucement dÔÇÖun accord ├á lÔÇÖautre.Le titre, clin dÔÇÖ┼ôil cin├®phile ├á La Jet├®e (1962) fonctionne comme vraie cl├® de lecture du projet.Ici, tout parle du temps qui se fige, des souvenirs quÔÇÖon tente de retenir avant\",\"commentCount\":0,\"commentPrivacy\":\"EVERYONE\",\"dateCreation\":\"2026-01-22T11:02:49.000Z\",\"dateLastUpdate\":\"2026-01-22T11:02:49.000Z\",\"hits\":29,\"id\":335242252,\"isLiked\":false,\"isPublished\":1,\"likeCount\":3,\"likePositiveCount\":3,\"rating\":8,\"title\":\"Toujours le m├¬me chien\",\"url\":\"/album/la_jetee/critique/335242252\",\"author\":{\"__ref\":\"User:2096607\"},\"preloadedProduct({\\\"loadUserInfos\\\":false})\":{\"__ref\":\"Product:108736956\"}},\"HomepageSelection:30\":{\"__typename\":\"HomepageSelection\",\"id\":30,\"label\":\"critique\",\"lists\":[],\"products\":[],\"reviews\":[{\"__ref\":\"Review:61796697\"},{\"__ref\":\"Review:335327399\"},{\"__ref\":\"Review:223404022\"},{\"__ref\":\"Review:333737046\"},{\"__ref\":\"Review:334513131\"},{\"__ref\":\"Review:63325072\"},{\"__ref\":\"Review:335656431\"},{\"__ref\":\"Review:335850241\"},{\"__ref\":\"Review:335242252\"}],\"shouts\":[]},\"FirstProduct:133846638\":{\"__typename\":\"FirstProduct\",\"id\":133846638,\"title\":\"Frangipane\"},\"FirstProduct:133844605\":{\"__typename\":\"FirstProduct\",\"id\":133844605,\"title\":\"Imperial, tome 1\"},\"FirstProduct:133846641\":{\"__typename\":\"FirstProduct\",\"id\":133846641,\"title\":\"Gardiens de fer, tome 1\"},\"FirstProduct:133844646\":{\"__typename\":\"FirstProduct\",\"id\":133844646,\"title\":\"X-Men (2025), tome 26\"},\"FirstProduct:133844653\":{\"__typename\":\"FirstProduct\",\"id\":133844653,\"title\":\"Doom World : Le R├¿gne de Fatalis, num├®ro 3\"},\"UserList:4258398\":{\"__typename\":\"UserList\",\"commentCount\":0,\"cover\":\"https://media.senscritique.com/media/media/000023440855/480x0/cover.jpg\",\"firstProductBackdrop\":null,\"id\":4258398,\"isLiked\":false,\"label\":\"BD sorties en janvier 2026\",\"likePositiveCount\":8,\"listSubtype\":22,\"productCount\":138,\"subtype\":\"product\",\"universe\":6,\"url\":\"/liste/bd_sorties_en_janvier_2026/4258398\",\"firstProducts\":[{\"__typename\":\"FirstProductListItem\",\"product\":{\"__ref\":\"FirstProduct:133846638\"}},{\"__typename\":\"FirstProductListItem\",\"product\":{\"__ref\":\"FirstProduct:133844605\"}},{\"__typename\":\"FirstProductListItem\",\"product\":{\"__ref\":\"FirstProduct:133846641\"}},{\"__typename\":\"FirstProductListItem\",\"product\":{\"__ref\":\"FirstProduct:133844646\"}},{\"__typename\":\"FirstProductListItem\",\"product\":{\"__ref\":\"FirstProduct:133844653\"}}]},\"FirstProduct:92014687\":{\"__typename\":\"FirstProduct\",\"id\":92014687,\"title\":\"Kitty's Last Adventure\"},\"FirstProduct:129350971\":{\"__typename\":\"FirstProduct\",\"id\":129350971,\"title\":\"My Little Puppy\"},\"FirstProduct:42517819\":{\"__typename\":\"FirstProduct\",\"id\":42517819,\"title\":\"Townscaper\"},\"FirstProduct:39706292\":{\"__typename\":\"FirstProduct\",\"id\":39706292,\"title\":\"Spiritfarer\"},\"FirstProduct:36187748\":{\"__typename\":\"FirstProduct\",\"id\":36187748,\"title\":\"GRIS\"},\"UserList:4257896\":{\"__typename\":\"UserList\",\"commentCount\":9,\"cover\":\"https://media.senscritique.com/media/media/000023439039/480x0/cover.jpg\",\"firstProductBackdrop\":null,\"id\":4257896,\"isLiked\":false,\"label\":\"Jeux ├á lancer quand on est fatigu├® du monde\",\"likePositiveCount\":9,\"listSubtype\":22,\"productCount\":42,\"subtype\":\"product\",\"universe\":3,\"url\":\"/liste/jeux_a_lancer_quand_on_est_fatigue_du_monde/4257896\",\"firstProducts\":[{\"__typename\":\"FirstProductListItem\",\"product\":{\"__ref\":\"FirstProduct:92014687\"}},{\"__typename\":\"FirstProductListItem\",\"product\":{\"__ref\":\"FirstProduct:129350971\"}},{\"__typename\":\"FirstProductListItem\",\"product\":{\"__ref\":\"FirstProduct:42517819\"}},{\"__typename\":\"FirstProductListItem\",\"product\":{\"__ref\":\"FirstProduct:39706292\"}},{\"__typename\":\"FirstProductListItem\",\"product\":{\"__ref\":\"FirstProduct:36187748\"}}]},\"FirstProduct:35478769\":{\"__typename\":\"FirstProduct\",\"id\":35478769,\"title\":\"Midsommar\"},\"FirstProduct:19533099\":{\"__typename\":\"FirstProduct\",\"id\":19533099,\"title\":\"The House That Jack Built\"},\"FirstProduct:29704762\":{\"__typename\":\"FirstProduct\",\"id\":29704762,\"title\":\"H├®r├®dit├®\"},\"FirstProduct:88510596\":{\"__typename\":\"FirstProduct\",\"id\":88510596,\"title\":\"Substitution - Bring Her Back\"},\"FirstProduct:30479044\":{\"__typename\":\"FirstProduct\",\"id\":30479044,\"title\":\"The Lighthouse\"},\"UserList:4199663\":{\"__typename\":\"UserList\",\"commentCount\":0,\"cover\":null,\"firstProductBackdrop\":null,\"id\":4199663,\"isLiked\":false,\"label\":\"Les meilleurs films d'horreur des ann├®es 2020\",\"likePositiveCount\":52,\"listSubtype\":22,\"productCount\":108,\"subtype\":\"product\",\"universe\":1,\"url\":\"/liste/les_meilleurs_films_d_horreur_des_annees_2020/4199663\",\"firstProducts\":[{\"__typename\":\"FirstProductListItem\",\"product\":{\"__ref\":\"FirstProduct:35478769\"}},{\"__typename\":\"FirstProductListItem\",\"product\":{\"__ref\":\"FirstProduct:19533099\"}},{\"__typename\":\"FirstProductListItem\",\"product\":{\"__ref\":\"FirstProduct:29704762\"}},{\"__typename\":\"FirstProductListItem\",\"product\":{\"__ref\":\"FirstProduct:88510596\"}},{\"__typename\":\"FirstProductListItem\",\"product\":{\"__ref\":\"FirstProduct:30479044\"}}]},\"FirstProduct:55566710\":{\"__typename\":\"FirstProduct\",\"id\":55566710,\"title\":\"Harry Potter\"},\"FirstProduct:124076632\":{\"__typename\":\"FirstProduct\",\"id\":124076632,\"title\":\"Le Dipl├┤me\"},\"FirstProduct:124037954\":{\"__typename\":\"FirstProduct\",\"id\":124037954,\"title\":\"Si je veux\"},\"FirstProduct:112240779\":{\"__typename\":\"FirstProduct\",\"id\":112240779,\"title\":\"Enqu├¬te en famille\"},\"FirstProduct:46976870\":{\"__typename\":\"FirstProduct\",\"id\":46976870,\"title\":\"Le Signal\"},\"UserList:4258221\":{\"__typename\":\"UserList\",\"commentCount\":4,\"cover\":\"https://media.senscritique.com/media/media/000023439798/480x0/cover.jpg\",\"firstProductBackdrop\":null,\"id\":4258221,\"isLiked\":false,\"label\":\"Bretagne et Bretons dans les s├®ries\",\"likePositiveCount\":4,\"listSubtype\":22,\"productCount\":39,\"subtype\":\"product\",\"universe\":4,\"url\":\"/liste/bretagne_et_bretons_dans_les_series/4258221\",\"firstProducts\":[{\"__typename\":\"FirstProductListItem\",\"product\":{\"__ref\":\"FirstProduct:55566710\"}},{\"__typename\":\"FirstProductListItem\",\"product\":{\"__ref\":\"FirstProduct:124076632\"}},{\"__typename\":\"FirstProductListItem\",\"product\":{\"__ref\":\"FirstProduct:124037954\"}},{\"__typename\":\"FirstProductListItem\",\"product\":{\"__ref\":\"FirstProduct:112240779\"}},{\"__typename\":\"FirstProductListItem\",\"product\":{\"__ref\":\"FirstProduct:46976870\"}}]},\"FirstProduct:372094\":{\"__typename\":\"FirstProduct\",\"id\":372094,\"title\":\"Aux origines - Justice League, tome 1\"},\"UserList:4163193\":{\"__typename\":\"UserList\",\"commentCount\":0,\"cover\":\"https://media.senscritique.com/media/media/000023133528/480x0/cover.jpg\",\"firstProductBackdrop\":null,\"id\":4163193,\"isLiked\":false,\"label\":\"DC Comics : 2011-2016, New52 - Chronologie de lecture des comics (Version FR)\",\"likePositiveCount\":47,\"listSubtype\":22,\"productCount\":1,\"subtype\":\"product\",\"universe\":6,\"url\":\"/liste/dc_comics_2011_2016_new52_chronologie_de_lecture_des_comics/4163193\",\"firstProducts\":[{\"__typename\":\"FirstProductListItem\",\"product\":{\"__ref\":\"FirstProduct:372094\"}}]},\"FirstProduct:75730\":{\"__typename\":\"FirstProduct\",\"id\":75730,\"title\":\"Twin Peaks\"},\"UserList:4262057\":{\"__typename\":\"UserList\",\"commentCount\":0,\"cover\":\"https://media.senscritique.com/media/media/000023445816/480x0/cover.jpg\",\"firstProductBackdrop\":null,\"id\":4262057,\"isLiked\":false,\"label\":\"Journal du petit ├®cran 2026\",\"likePositiveCount\":1,\"listSubtype\":22,\"productCount\":1,\"subtype\":\"product\",\"universe\":4,\"url\":\"/liste/journal_du_petit_ecran/4262057\",\"firstProducts\":[{\"__typename\":\"FirstProductListItem\",\"product\":{\"__ref\":\"FirstProduct:75730\"}}]},\"FirstProduct:13426452\":{\"__typename\":\"FirstProduct\",\"id\":13426452,\"title\":\"Petits trait├®s d'histoire naturelle\"},\"FirstProduct:404851\":{\"__typename\":\"FirstProduct\",\"id\":404851,\"title\":\"Les Mots et les Choses\"},\"FirstProduct:10776416\":{\"__typename\":\"FirstProduct\",\"id\":10776416,\"title\":\"La Logique ou l'art de penser\"},\"FirstProduct:21535077\":{\"__typename\":\"FirstProduct\",\"id\":21535077,\"title\":\"Essai sur l'origine des connaissances humaines\"},\"FirstProduct:8264845\":{\"__typename\":\"FirstProduct\",\"id\":8264845,\"title\":\"Grammaire g├®n├®rale et raisonn├®e\"},\"UserList:4258298\":{\"__typename\":\"UserList\",\"commentCount\":3,\"cover\":null,\"firstProductBackdrop\":null,\"id\":4258298,\"isLiked\":false,\"label\":\"M1S2\",\"likePositiveCount\":2,\"listSubtype\":22,\"productCount\":12,\"subtype\":\"product\",\"universe\":2,\"url\":\"/liste/m1s2/4258298\",\"firstProducts\":[{\"__typename\":\"FirstProductListItem\",\"product\":{\"__ref\":\"FirstProduct:13426452\"}},{\"__typename\":\"FirstProductListItem\",\"product\":{\"__ref\":\"FirstProduct:404851\"}},{\"__typename\":\"FirstProductListItem\",\"product\":{\"__ref\":\"FirstProduct:10776416\"}},{\"__typename\":\"FirstProductListItem\",\"product\":{\"__ref\":\"FirstProduct:21535077\"}},{\"__typename\":\"FirstProductListItem\",\"product\":{\"__ref\":\"FirstProduct:8264845\"}}]},\"FirstProduct:39715731\":{\"__typename\":\"FirstProduct\",\"id\":39715731,\"title\":\"Bob l'├®ponge : Bataille pour Bikini Bottom - R├®hydrat├®\"},\"FirstProduct:72888\":{\"__typename\":\"FirstProduct\",\"id\":72888,\"title\":\"Sonic the Hedgehog\"},\"FirstProduct:12656480\":{\"__typename\":\"FirstProduct\",\"id\":12656480,\"title\":\"Hatred\"},\"FirstProduct:43825698\":{\"__typename\":\"FirstProduct\",\"id\":43825698,\"title\":\"S.T.A.L.K.E.R. Anomaly\"},\"FirstProduct:17602332\":{\"__typename\":\"FirstProduct\",\"id\":17602332,\"title\":\"Far Cry Primal\"},\"UserList:4260742\":{\"__typename\":\"UserList\",\"commentCount\":3,\"cover\":\"https://media.senscritique.com/media/media/000023443377/480x0/cover.jpg\",\"firstProductBackdrop\":null,\"id\":4260742,\"isLiked\":false,\"label\":\"Anti-Tech Resistance\",\"likePositiveCount\":1,\"listSubtype\":22,\"productCount\":5,\"subtype\":\"product\",\"universe\":3,\"url\":\"/liste/anti_tech_resistance/4260742\",\"firstProducts\":[{\"__typename\":\"FirstProductListItem\",\"product\":{\"__ref\":\"FirstProduct:39715731\"}},{\"__typename\":\"FirstProductListItem\",\"product\":{\"__ref\":\"FirstProduct:72888\"}},{\"__typename\":\"FirstProductListItem\",\"product\":{\"__ref\":\"FirstProduct:12656480\"}},{\"__typename\":\"FirstProductListItem\",\"product\":{\"__ref\":\"FirstProduct:43825698\"}},{\"__typename\":\"FirstProductListItem\",\"product\":{\"__ref\":\"FirstProduct:17602332\"}}]},\"FirstProduct:261652\":{\"__typename\":\"FirstProduct\",\"id\":261652,\"title\":\"Ch├┤ Aniki Ky├╗kyoku Muteki Ginga Saiky├┤ Otoko\"},\"FirstProduct:8859461\":{\"__typename\":\"FirstProduct\",\"id\":8859461,\"title\":\"wordimagesoundplay\"},\"FirstProduct:132401198\":{\"__typename\":\"FirstProduct\",\"id\":132401198,\"title\":\"Egg\"},\"FirstProduct:39386501\":{\"__typename\":\"FirstProduct\",\"id\":39386501,\"title\":\"Black Room\"},\"UserList:4251392\":{\"__typename\":\"UserList\",\"commentCount\":0,\"cover\":\"https://media.senscritique.com/media/media/000023428559/480x0/cover.jpg\",\"firstProductBackdrop\":null,\"id\":4251392,\"isLiked\":false,\"label\":\"Freak of the Month - une s├®lection Zeph \\u0026 Ramo pour ORIGAMI\",\"likePositiveCount\":4,\"listSubtype\":22,\"productCount\":4,\"subtype\":\"product\",\"universe\":3,\"url\":\"/liste/freak_of_the_month_une_selection_zeph_ramo_pour_origami/4251392\",\"firstProducts\":[{\"__typename\":\"FirstProductListItem\",\"product\":{\"__ref\":\"FirstProduct:261652\"}},{\"__typename\":\"FirstProductListItem\",\"product\":{\"__ref\":\"FirstProduct:8859461\"}},{\"__typename\":\"FirstProductListItem\",\"product\":{\"__ref\":\"FirstProduct:132401198\"}},{\"__typename\":\"FirstProductListItem\",\"product\":{\"__ref\":\"FirstProduct:39386501\"}}]},\"HomepageSelection:31\":{\"__typename\":\"HomepageSelection\",\"id\":31,\"label\":\"liste\",\"lists\":[{\"__ref\":\"UserList:4258398\"},{\"__ref\":\"UserList:4257896\"},{\"__ref\":\"UserList:4199663\"},{\"__ref\":\"UserList:4258221\"},{\"__ref\":\"UserList:4163193\"},{\"__ref\":\"UserList:4262057\"},{\"__ref\":\"UserList:4258298\"},{\"__ref\":\"UserList:4260742\"},{\"__ref\":\"UserList:4251392\"}],\"products\":[],\"reviews\":[],\"shouts\":[]}}},\"__N_SSP\":true},\"page\":\"/\",\"query\":{},\"buildId\":\"HZFu2SMdTkaStXneSeDz2\",\"isFallback\":false,\"isExperimentalCompile\":false,\"dynamicIds\":[9766,61270],\"gssp\":true,\"locale\":\"fr\",\"locales\":[\"fr\"],\"defaultLocale\":\"fr\",\"scriptLoader\":[]}</script><script src=\"/cdn-cgi/scripts/7d0fa10a/cloudflare-static/rocket-loader.min.js\" data-cf-settings=\"ae29ff2bdeb294f390b4fd81-|49\" defer></script></body></html>"

--- Testing Allocine Mobile API ---
Allocine Error: getaddrinfo ENOTFOUND api.allocine.fr
